10-14 20:04:16.966 13566 13566 W Choreographer: Frame time is 0.033307 ms in the future!  Check that graphics HAL is generating vsync timestamps using the correct timebase.
10-14 20:04:18.826 13566 25189 D TrafficStats: tagSocket(235) with statsTag=0xffffffff, statsUid=-1
10-14 20:04:19.427 13566 25188 D TrafficStats: tagSocket(518) with statsTag=0xffffffff, statsUid=-1
10-14 20:04:19.473 13566 13566 D DecorView[]: onWindowFocusChanged hasWindowFocus false
10-14 20:04:19.485 13566 13566 D SurfaceView: UPDATE Surface(name=SurfaceView[com.carxtech.sr/com.unity3d.player.CarXStreetPlayerActivity])/@0xf5c20cc, mIsProjectionMode = false
10-14 20:04:19.485 13566 13566 D SurfaceControl: nativeSetScreenProjection ===> setScreenProjection
10-14 20:04:19.485 13566 13566 D SurfaceControl: nativeSetScreenProjection ===> setScreenProjection
10-14 20:04:19.485 13566 13566 D SurfaceControl: nativeSetScreenProjection ===> setScreenProjection
10-14 20:04:19.485 13566 13566 E SurfaceSyncer: Failed to find sync for id=0
10-14 20:04:19.485 13566 13566 E SurfaceSyncer: Failed to find sync for id=1
10-14 20:04:19.485 13566 13566 E SurfaceSyncer: Failed to find sync for id=2
10-14 20:04:19.511 13566 13566 E THAds   : showAdsInternal: network select=admob, want type=reward (adstype=interstitial->interstitial) after: 1177039/22961, hasShown=yes
10-14 20:04:19.546 13566 13566 D DecorView[]: onWindowFocusChanged hasWindowFocus true
10-14 20:04:19.546 13566 13566 I HandWritingStubImpl: refreshLastKeyboardType: 1
10-14 20:04:19.546 13566 13566 I HandWritingStubImpl: getCurrentKeyboardType: 1
10-14 20:04:19.552 13566 24572 E qdgralloc: GetGpuPixelFormat: No map for format: 0x38
10-14 20:04:19.552 13566 24572 E AdrenoUtils: <validate_memory_layout_input_parmas:1970>: Unknown Format 0
10-14 20:04:19.552 13566 24572 E AdrenoUtils: <adreno_init_memory_layout:4720>: Memory Layout input parameter validation failed!
10-14 20:04:19.552 13566 24572 E qdgralloc: GetGpuResourceSizeAndDimensions Graphics metadata init failed
10-14 20:04:19.552 13566 24572 E Gralloc4: isSupported(1, 1, 56, 1, ...) failed with 1
10-14 20:04:19.554 13566 24572 E GraphicBufferAllocator: Failed to allocate (4 x 4) layerCount 1 format 56 usage b00: 1
10-14 20:04:19.554 13566 24572 E AHardwareBuffer: GraphicBuffer(w=4, h=4, lc=1) failed (Unknown error -1), handle=0x0
10-14 20:04:19.554 13566 24572 E qdgralloc: GetGpuPixelFormat: No map for format: 0x38
10-14 20:04:19.554 13566 24572 E AdrenoUtils: <validate_memory_layout_input_parmas:1970>: Unknown Format 0
10-14 20:04:19.554 13566 24572 E AdrenoUtils: <adreno_init_memory_layout:4720>: Memory Layout input parameter validation failed!
10-14 20:04:19.554 13566 24572 E qdgralloc: GetGpuResourceSizeAndDimensions Graphics metadata init failed
10-14 20:04:19.554 13566 24572 E Gralloc4: isSupported(1, 1, 56, 1, ...) failed with 1
10-14 20:04:19.554 13566 24572 E GraphicBufferAllocator: Failed to allocate (4 x 4) layerCount 1 format 56 usage b00: 1
10-14 20:04:19.554 13566 24572 E AHardwareBuffer: GraphicBuffer(w=4, h=4, lc=1) failed (Unknown error -1), handle=0x0
10-14 20:04:19.573 13566 24572 V SwappyVk: SwappyVk initialized for VkDevice 0x75b769d070 using VK_GOOGLE_display_timing on Android
10-14 20:04:19.574 13566 24572 I SwappyVk: Returning refresh duration of 8333333 nsec (approx 120.000005 Hz)
10-14 20:04:19.596 13566 25324 I AAudio  : AAudioStreamBuilder_openStream() called ----------------------------------------
10-14 20:04:19.596 13566 25324 I AudioStreamBuilder: rate   =      0, channels  = 0, channelMask = 0, format   = 0, sharing = SH, dir = OUTPUT
10-14 20:04:19.596 13566 25324 I AudioStreamBuilder: device =      0, sessionId = -1, perfMode = 12, callback: OFF with frames = 0
10-14 20:04:19.596 13566 25324 I AudioStreamBuilder: usage  =     14, contentType = 0, inputPreset = 0, allowedCapturePolicy = 0
10-14 20:04:19.596 13566 25324 I AudioStreamBuilder: privacy sensitive = false, opPackageName = (null), attributionTag = (null)
10-14 20:04:19.601 13566 25324 D com.carxtech.sr: PlayerBase::PlayerBase()
10-14 20:04:19.601 13566 25324 D AudioStreamTrack: open(), request notificationFrames = 0, frameCount = 0
10-14 20:04:19.601 13566 25324 D AudioTrack: set(sessionId=0)
10-14 20:04:19.601 13566 25324 D AudioTrack: set(): streamType -1, sampleRate 0, format 0x5, channelMask 0x3, frameCount 0, flags #104, notificationFrames 0, sessionId 0, transferType 3, uid -1, pid -1
10-14 20:04:19.602 13566 25366 D BufferPoolAccessor2.0: bufferpool2 0x746dac5228 : 4(28311552 size) total buffers - 4(28311552 size) used buffers - 1/6 (recycle/alloc) - 5/151 (fetch/transfer)
10-14 20:04:19.606 13566 25324 W AudioTrack: createTrack_l(0): AUDIO_OUTPUT_FLAG_FAST denied by client, not shared buffer and transfer = TRANSFER_SYNC
10-14 20:04:19.607 13566 25527 I MiMediaCodec: send last fps
10-14 20:04:19.607 13566 25527 I MiMediaCodec: send fps to display with mLastSendedFps:60.000000 state:1 id:2
10-14 20:04:19.624 13566 25324 I AudioTrack: AudioTrack::setVolume L:1.000000 R:1.000000 and the pakage is com.carxtech.sr
10-14 20:04:19.624 13566 25324 I AudioTrack: AudioTrack::setVolume L:1.000000 R:1.000000
10-14 20:04:19.625 13566 25324 D AudioStreamTrack: open() flags changed from 0x00000104 to 0x00000000
10-14 20:04:19.625 13566 25324 D AudioStreamTrack: open() perfMode changed from 12 to 10
10-14 20:04:19.625 13566 25324 D AAudioStream: setState(s#10) from 0 to 2
10-14 20:04:19.633 13566 25324 I AAudio  : AAudioStreamBuilder_openStream() returns 0 = AAUDIO_OK for s#10 ----------------
10-14 20:04:19.633 13566 25324 D AAudio  : AAudioStream_close(s#10) called ---------------
10-14 20:04:19.633 13566 25324 D AAudioStream: setState(s#10) from 2 to 11
10-14 20:04:19.633 13566 25324 D AudioTrack: stop(sessionID=114169)
10-14 20:04:19.633 13566 25324 D AudioTrack: stop(20547): prior state:STATE_STOPPED
10-14 20:04:19.633 13566 25324 D AudioTrack: ~AudioTrack(sessionID=114169)
10-14 20:04:19.633 13566 25324 D AudioTrack: stop(sessionID=114169)
10-14 20:04:19.633 13566 25324 D AudioTrack: stop(20547): prior state:STATE_STOPPED
10-14 20:04:19.639 13566 25324 D AAudioStream: setState(s#10) from 11 to 12
10-14 20:04:19.639 13566 25324 D AAudioStream: ~AudioStream(s#10) mPlayerBase strongCount = 2
10-14 20:04:19.639 13566 25324 D AAudio  : AAudioStream_close(s#10) returned 0 ---------
10-14 20:04:19.647 13566 25324 I AudioManager: In isBluetoothScoOn() calling application: com.carxtech.sr
10-14 20:04:19.647 13566 25324 I fmod    : FMOD::supportsLowLatency                 : Low latency = true, Pro Audio = false, Bluetooth On = false, Acceptable Block Size = true (192)
10-14 20:04:19.647 13566 25324 I AAudio  : AAudioStreamBuilder_openStream() called ----------------------------------------
10-14 20:04:19.647 13566 25324 I AudioStreamBuilder: rate   =      0, channels  = 0, channelMask = 0, format   = 0, sharing = SH, dir = OUTPUT
10-14 20:04:19.647 13566 25324 I AudioStreamBuilder: device =      0, sessionId = -1, perfMode = 12, callback: ON with frames = 0
10-14 20:04:19.647 13566 25324 I AudioStreamBuilder: usage  =     14, contentType = 0, inputPreset = 0, allowedCapturePolicy = 0
10-14 20:04:19.647 13566 25324 I AudioStreamBuilder: privacy sensitive = false, opPackageName = (null), attributionTag = (null)
10-14 20:04:19.648 13566 25324 D com.carxtech.sr: PlayerBase::PlayerBase()
10-14 20:04:19.648 13566 25324 D AudioStreamTrack: open(), request notificationFrames = -8, frameCount = 0
10-14 20:04:19.648 13566 25324 D AudioTrack: set(sessionId=0)
10-14 20:04:19.648 13566 25324 D AudioTrack: set(): streamType -1, sampleRate 0, format 0x5, channelMask 0x3, frameCount 0, flags #104, notificationFrames -8, sessionId 0, transferType 1, uid -1, pid -1
10-14 20:04:19.658 13566 25324 I AudioTrack: createTrack_l(20547): AUDIO_OUTPUT_FLAG_FAST successful; frameCount 0 -> 1536
10-14 20:04:19.659 13566 25324 I AudioTrack: AudioTrack::setVolume L:1.000000 R:1.000000 and the pakage is com.carxtech.sr
10-14 20:04:19.659 13566 25324 I AudioTrack: AudioTrack::setVolume L:1.000000 R:1.000000
10-14 20:04:19.659 13566 25324 D AudioStreamTrack: open() flags changed from 0x00000104 to 0x00000004
10-14 20:04:19.659 13566 25324 D AAudioStream: setState(s#11) from 0 to 2
10-14 20:04:19.670 13566 25324 I AAudio  : AAudioStreamBuilder_openStream() returns 0 = AAUDIO_OK for s#11 ----------------
10-14 20:04:19.670 13566 25324 D AAudio  : AAudioStream_close(s#11) called ---------------
10-14 20:04:19.672 13566 25324 D AAudioStream: setState(s#11) from 2 to 11
10-14 20:04:19.673 13566 25324 D AudioTrack: stop(sessionID=114177)
10-14 20:04:19.673 13566 25324 D AudioTrack: stop(20548): prior state:STATE_STOPPED
10-14 20:04:19.673 13566 25324 D AudioTrack: ~AudioTrack(sessionID=114177)
10-14 20:04:19.673 13566 25324 D AudioTrack: stop(sessionID=114177)
10-14 20:04:19.673 13566 25324 D AudioTrack: stop(20548): prior state:STATE_STOPPED
10-14 20:04:19.676 13566 25324 D AAudioStream: setState(s#11) from 11 to 12
10-14 20:04:19.676 13566 25324 D AAudioStream: ~AudioStream(s#11) mPlayerBase strongCount = 2
10-14 20:04:19.676 13566 25324 D AAudio  : AAudioStream_close(s#11) returned 0 ---------
10-14 20:04:19.676 13566 25324 I AAudio  : AAudioStreamBuilder_openStream() called ----------------------------------------
10-14 20:04:19.676 13566 25324 I AudioStreamBuilder: rate   =      0, channels  = 0, channelMask = 0, format   = 0, sharing = SH, dir = OUTPUT
10-14 20:04:19.676 13566 25324 I AudioStreamBuilder: device =      0, sessionId = -1, perfMode = 12, callback: ON with frames = 0
10-14 20:04:19.676 13566 25324 I AudioStreamBuilder: usage  =     14, contentType = 0, inputPreset = 0, allowedCapturePolicy = 0
10-14 20:04:19.676 13566 25324 I AudioStreamBuilder: privacy sensitive = false, opPackageName = (null), attributionTag = (null)
10-14 20:04:19.677 13566 25324 D com.carxtech.sr: PlayerBase::PlayerBase()
10-14 20:04:19.680 13566 25324 D AudioStreamTrack: open(), request notificationFrames = 0, frameCount = 3072
10-14 20:04:19.680 13566 25324 D AudioTrack: set(sessionId=0)
10-14 20:04:19.680 13566 25324 D AudioTrack: set(): streamType -1, sampleRate 0, format 0x5, channelMask 0x3, frameCount 3072, flags #104, notificationFrames 0, sessionId 0, transferType 1, uid -1, pid -1
10-14 20:04:19.687 13566 25406 D com.carxtech.sr: PlayerBase::~PlayerBase()
10-14 20:04:19.701 13566 25324 I AudioTrack: createTrack_l(20548): AUDIO_OUTPUT_FLAG_FAST successful; frameCount 3072 -> 3072
10-14 20:04:19.703 13566 25324 I AudioTrack: AudioTrack::setVolume L:1.000000 R:1.000000 and the pakage is com.carxtech.sr
10-14 20:04:19.703 13566 25324 I AudioTrack: AudioTrack::setVolume L:1.000000 R:1.000000
10-14 20:04:19.703 13566 25324 D AudioStreamTrack: open() flags changed from 0x00000104 to 0x00000004
10-14 20:04:19.703 13566 25324 D AAudioStream: setState(s#12) from 0 to 2
10-14 20:04:19.705 13566 25324 I AAudio  : AAudioStreamBuilder_openStream() returns 0 = AAUDIO_OK for s#12 ----------------
10-14 20:04:19.711 13566 25324 D AAudio  : AAudioStream_requestStart(s#12) called --------------
10-14 20:04:19.711 13566 25324 D AAudioStream: setState(s#12) from 2 to 3
10-14 20:04:19.711 13566 25324 D AudioTrack: start(20549): prior state:STATE_STOPPED
10-14 20:04:19.725 13566 25324 D AAudio  : AAudioStream_requestStart(s#12) returned 0 ---------
10-14 20:04:19.725 13566 25406 D AudioStreamLegacy: onAudioDeviceUpdate(deviceId = 3)
10-14 20:04:19.746 13566 13566 D MediaRouter: onRestoreRoute() : route=RouteInfo{ name=Phone, description=null, status=null, category=RouteCategory{ name=System types=ROUTE_TYPE_LIVE_AUDIO ROUTE_TYPE_LIVE_VIDEO  groupable=false }, supportedTypes=ROUTE_TYPE_LIVE_AUDIO ROUTE_TYPE_LIVE_VIDEO , presentationDisplay=null }
10-14 20:04:19.746 13566 13566 V MediaRouter: Selecting route: RouteInfo{ name=Phone, description=null, status=null, category=RouteCategory{ name=System types=ROUTE_TYPE_LIVE_AUDIO ROUTE_TYPE_LIVE_VIDEO  groupable=false }, supportedTypes=ROUTE_TYPE_LIVE_AUDIO ROUTE_TYPE_LIVE_VIDEO , presentationDisplay=null }
10-14 20:04:19.789 13566 13566 V MediaPlayer: resetDrmState:  mDrmInfo=null mDrmProvisioningThread=null mPrepareDrmInProgress=false mActiveDrmScheme=false
10-14 20:04:19.789 13566 13566 V MediaPlayer: cleanDrmObj: mDrmObj=null mDrmSessionId=null
10-14 20:04:19.879 13566 26432 D AAudioStream: setState(s#12) from 3 to 4
10-14 20:04:19.888 13566 25553 D CCodecBufferChannel: [c2.android.aac.decoder#905] MediaCodec discarded an unknown buffer
10-14 20:04:19.888 13566 25553 D CCodecBufferChannel: [c2.android.aac.decoder#905] MediaCodec discarded an unknown buffer
10-14 20:04:19.888 13566 25553 D CCodecBufferChannel: [c2.android.aac.decoder#905] MediaCodec discarded an unknown buffer
10-14 20:04:19.888 13566 25553 D CCodecBufferChannel: [c2.android.aac.decoder#905] MediaCodec discarded an unknown buffer
10-14 20:04:19.892 13566 25553 I hw-BpHwBinder: onLastStrongRef automatically unlinking death recipients
10-14 20:04:19.892 13566 25553 D BufferPoolAccessor2.0: bufferpool2 0x75b6cf6828 : 0(0 size) total buffers - 0(0 size) used buffers - 1/6 (recycle/alloc) - 1/2 (fetch/transfer)
10-14 20:04:19.893 13566 25553 I MediaCodec: MediaStub sendHdrInfo/sendFrameRateFloatCal/updateFrcAieAisState
10-14 20:04:19.893 13566 25553 D MediaImpl: FRC switch off: valueSupport : true, valueOn : false
10-14 20:04:19.893 13566 25553 D MediaImpl: AIE switch off: valueSupport : true, valueOn : false
10-14 20:04:19.893 13566 25553 D MediaImpl: AIS switch off: valueSupport : true, valueOn : false
10-14 20:04:19.894 13566 24651 D MediaCodec: flushMediametrics
10-14 20:04:19.916 13566 24651 I MiMediaCodec: send fps to display when stop, state:0 mLastSendedFps:60.000000 id:2
10-14 20:04:19.918 13566 25527 D CCodecBufferChannel: [c2.qti.avc.decoder#186] MediaCodec discarded an unknown buffer
10-14 20:04:19.918 13566 25527 D CCodecBufferChannel: [c2.qti.avc.decoder#186] MediaCodec discarded an unknown buffer
10-14 20:04:19.919 13566 25527 D CCodecBufferChannel: [c2.qti.avc.decoder#186] MediaCodec discarded an unknown buffer
10-14 20:04:19.919 13566 25527 D CCodecBufferChannel: [c2.qti.avc.decoder#186] MediaCodec discarded an unknown buffer
10-14 20:04:19.919 13566 25527 D CCodecBufferChannel: [c2.qti.avc.decoder#186] MediaCodec discarded an unknown buffer
10-14 20:04:19.920 13566 25527 D CCodecBufferChannel: [c2.qti.avc.decoder#186] MediaCodec discarded an unknown buffer
10-14 20:04:19.920 13566 25527 D CCodecBufferChannel: [c2.qti.avc.decoder#186] MediaCodec discarded an unknown buffer
10-14 20:04:19.920 13566 25527 D CCodecBufferChannel: [c2.qti.avc.decoder#186] MediaCodec discarded an unknown buffer
10-14 20:04:19.920 13566 25527 D CCodecBufferChannel: [c2.qti.avc.decoder#186] MediaCodec discarded an unknown buffer
10-14 20:04:19.921 13566 25527 D CCodecBufferChannel: [c2.qti.avc.decoder#186] MediaCodec discarded an unknown buffer
10-14 20:04:19.921 13566 25527 D CCodecBufferChannel: [c2.qti.avc.decoder#186] MediaCodec discarded an unknown buffer
10-14 20:04:19.921 13566 25527 D CCodecBufferChannel: [c2.qti.avc.decoder#186] MediaCodec discarded an unknown buffer
10-14 20:04:19.921 13566 25527 D CCodecBufferChannel: [c2.qti.avc.decoder#186] MediaCodec discarded an unknown buffer
10-14 20:04:19.936 13566 26462 I hw-BpHwBinder: onLastStrongRef automatically unlinking death recipients
10-14 20:04:19.938 13566 25527 I MediaCodec: MediaStub sendHdrInfo/sendFrameRateFloatCal/updateFrcAieAisState
10-14 20:04:19.938 13566 25527 D MediaImpl: FRC switch off: valueSupport : true, valueOn : false
10-14 20:04:19.938 13566 25527 D MediaImpl: AIE switch off: valueSupport : true, valueOn : false
10-14 20:04:19.938 13566 25527 D MediaImpl: AIS switch off: valueSupport : true, valueOn : false
10-14 20:04:19.938 13566 25527 I MediaCodec: MediaStub sendVideoPlayData
10-14 20:04:19.938 13566 25527 D MediaImpl: sendVideoPlayData, start
10-14 20:04:19.938 13566 25527 D MediaImpl: MediaImpl::sendVideoPlayData::mediacodec_mime : audio/mp4a-latm
10-14 20:04:19.938 13566 25527 D MediaImpl: MediaImpl::sendVideoPlayData::mediacodec_packgeName : com.carxtech.sr
10-14 20:04:19.938 13566 25527 D MediaImpl: MediaImpl::sendVideoPlayData::mine : audio/mp4a-latm
10-14 20:04:19.938 13566 25527 D MediaImpl: MediaImpl::sendVideoPlayData::packgeName : com.carxtech.sr
10-14 20:04:19.938 13566 25527 E send_data_to_xlog: send_video_play_to_xlog, start
10-14 20:04:19.938 13566 25527 D send_data_to_xlog: send_video_play_to_xlog::mine : audio/mp4a-latm
10-14 20:04:19.938 13566 25527 D send_data_to_xlog: send_video_play_to_xlog::packgeName : com.carxtech.sr
10-14 20:04:19.938 13566 25527 V xlog_client:  xlog_send  msg_id: 13
10-14 20:04:19.938 13566 25527 V xlog_client:  xlog_send 
10-14 20:04:19.938 13566 25527 E xlog_client: xlog_open: Error in open xlog
10-14 20:04:19.938 13566 25527 E xlog_client: xlog open fail
10-14 20:04:19.946 13566 24651 D MediaCodec: flushMediametrics
10-14 20:04:19.946 13566 24651 D VideoInfo: com.carxtech.sr destroy c2.qti.avc.decoder in MediaCodec, input num 163 output num 154 render num 0
10-14 20:04:19.946 13566 24651 D VideoInfo: max input intervel 20202ms max output intervel 20208ms max render interval 0ms
10-14 20:04:20.728 13566 26432 D AudioTrack: [audioTrackData][mute] 1s(f:0 m:1003 s:0 k:1003) : pid 13566 uid 10373 sessionId 114185 sr 48000 ch 2 fmt 5
10-14 20:04:21.463 13566 24570 I FA      : Application backgrounded at: timestamp_millis: 1697285059457
10-14 20:04:21.727 13566 26432 D AudioTrack: [audioTrackData][mute] 2s(f:0 m:2003 s:0 k:2003) : pid 13566 uid 10373 sessionId 114185 sr 48000 ch 2 fmt 5
10-14 20:04:22.727 13566 26432 D AudioTrack: [audioTrackData][mute] 3s(f:0 m:3003 s:0 k:3003) : pid 13566 uid 10373 sessionId 114185 sr 48000 ch 2 fmt 5
10-14 20:04:22.765 13566 24572 I Unity   : [GamePreloader] Step: [LoadConfigs] completed!
10-14 20:04:22.765 13566 24572 I Unity   : Logs:Log(Object)
10-14 20:04:22.765 13566 24572 I Unity   : Prototype.Views.Loaders.<LoadConfigs>d__16:MoveNext()
10-14 20:04:22.765 13566 24572 I Unity   : UnityEngine.SetupCoroutine:InvokeMoveNext(IEnumerator, IntPtr)
10-14 20:04:22.765 13566 24572 I Unity   : 
10-14 20:04:23.036 13566 24572 I Unity   : [GamePreloader] check version -> 30
10-14 20:04:23.036 13566 24572 I Unity   : Logs:Log(Object)
10-14 20:04:23.036 13566 24572 I Unity   : Prototype.Views.Loaders.<TryGetConfig>d__17:MoveNext()
10-14 20:04:23.036 13566 24572 I Unity   : UnityEngine.SetupCoroutine:InvokeMoveNext(IEnumerator, IntPtr)
10-14 20:04:23.036 13566 24572 I Unity   : Prototype.Views.Loaders.<LoadingProcess>d__24:MoveNext()
10-14 20:04:23.036 13566 24572 I Unity   : UnityEngine.SetupCoroutine:InvokeMoveNext(IEnumerator, IntPtr)
10-14 20:04:23.036 13566 24572 I Unity   : 
10-14 20:04:23.727 13566 26432 D AudioTrack: [audioTrackData][mute] 4s(f:0 m:4003 s:0 k:4003) : pid 13566 uid 10373 sessionId 114185 sr 48000 ch 2 fmt 5
10-14 20:04:24.603 13566 25365 D BufferPoolAccessor2.0: bufferpool2 0x746dac5228 : 0(0 size) total buffers - 0(0 size) used buffers - 1/6 (recycle/alloc) - 9/167 (fetch/transfer)
10-14 20:04:24.603 13566 25365 D BufferPoolAccessor2.0: evictor expired: 1, evicted: 1
10-14 20:04:24.727 13566 26432 D AudioTrack: [audioTrackData][mute] 5s(f:0 m:5003 s:0 k:5003) : pid 13566 uid 10373 sessionId 114185 sr 48000 ch 2 fmt 5
10-14 20:04:25.233 13566 24572 D AAudio  : AAudioStream_requestStop(s#12) called
10-14 20:04:25.233 13566 24572 D AAudioStream: setState(s#12) from 4 to 9
10-14 20:04:25.233 13566 24572 D AudioTrack: stop(sessionID=114185)
10-14 20:04:25.233 13566 24572 D AudioTrack: stop(20549): prior state:STATE_ACTIVE
10-14 20:04:25.233 13566 24572 D AudioTrack: stop(20549): called with 258624 frames delivered
10-14 20:04:25.237 13566 24572 D AAudio  : AAudioStream_close(s#12) called ---------------
10-14 20:04:25.237 13566 24572 D AAudioStream: setState(s#12) from 9 to 11
10-14 20:04:25.237 13566 24572 D AudioTrack: stop(sessionID=114185)
10-14 20:04:25.237 13566 24572 D AudioTrack: stop(20549): prior state:STATE_STOPPED
10-14 20:04:25.237 13566 24572 D AudioTrack: ~AudioTrack(sessionID=114185)
10-14 20:04:25.237 13566 24572 D AudioTrack: stop(sessionID=114185)
10-14 20:04:25.237 13566 24572 D AudioTrack: stop(20549): prior state:STATE_STOPPED
10-14 20:04:25.238 13566 24572 D AAudioStream: setState(s#12) from 11 to 12
10-14 20:04:25.238 13566 24572 D AAudioStream: ~AudioStream(s#12) mPlayerBase strongCount = 2
10-14 20:04:25.238 13566 24572 D AAudio  : AAudioStream_close(s#12) returned 0 ---------
10-14 20:04:25.270 13566 13566 D DecorView[]: onWindowFocusChanged hasWindowFocus false
10-14 20:04:25.363 13566 24456 D com.carxtech.sr: PlayerBase::~PlayerBase()
10-14 20:04:25.388 13566 24740 W RenderInspector: QueueBuffer time out on , count=1, avg=8 ms, max=8 ms.
10-14 20:04:25.603 13566 25365 D BufferPoolAccessor2.0: bufferpool2 0x75b6cf6828 : 0(0 size) total buffers - 0(0 size) used buffers - 1/6 (recycle/alloc) - 1/2 (fetch/transfer)
10-14 20:04:25.603 13566 25365 D BufferPoolAccessor2.0: evictor expired: 1, evicted: 1
10-14 20:04:25.899 13566 13566 E BLASTBufferQueue: [VRI[CarXStreetPlayerActivity]#11](f:0,a:1) Applying pending transactions on dtor 1
10-14 20:04:25.914 13566 13566 D DecorView[]: getWindowModeFromSystem  windowmode is 1
10-14 20:04:25.914 13566 13566 D DecorView[]: updateDecorCaptionStatus windowMode is 1
10-14 20:04:26.495 13566 24445 W com.carxtech.sr: Cleared Reference was only reachable from finalizer (only reported once)
10-14 20:04:26.562 13566 24453 W System  : A resource failed to call end. 
10-14 20:04:26.562 13566 24453 W System  : A resource failed to call end. 
10-14 20:04:27.219 13566 24570 I FA      : Application backgrounded at: timestamp_millis: 1697285065208
10-14 20:04:27.220 13566 24570 I FA      : Application backgrounded at: timestamp_millis: 1697285065208
10-14 20:04:35.685 13566 26866 D AppScoutStateMachine: 13566-ScoutStateMachinecreated
10-14 20:04:35.751 13566 13566 D SurfaceView: UPDATE Surface(name=SurfaceView[com.carxtech.sr/com.unity3d.player.CarXStreetPlayerActivity])/@0x9246ceb, mIsProjectionMode = false
10-14 20:04:35.751 13566 13566 D SurfaceControl: nativeSetScreenProjection ===> setScreenProjection
10-14 20:04:35.751 13566 13566 D SurfaceControl: nativeSetScreenProjection ===> setScreenProjection
10-14 20:04:35.752 13566 13566 D SurfaceControl: nativeSetScreenProjection ===> setScreenProjection
10-14 20:04:35.752 13566 13566 E SurfaceSyncer: Failed to find sync for id=0
10-14 20:04:35.752 13566 13566 E SurfaceSyncer: Failed to find sync for id=1
10-14 20:04:35.752 13566 13566 E SurfaceSyncer: Failed to find sync for id=2
10-14 20:04:35.752 13566 13566 E SurfaceSyncer: Failed to find sync for id=3
10-14 20:04:35.759 13566 13566 E THAds   : showAdsInternal: network select=admob, want type=reward (adstype=interstitial->interstitial) after: 1160791/39209, hasShown=yes
10-14 20:04:35.816 13566 13566 E SurfaceSyncer: Failed to find sync for id=0
10-14 20:04:35.816 13566 13566 E SurfaceSyncer: Failed to find sync for id=1
10-14 20:04:35.816 13566 13566 E SurfaceSyncer: Failed to find sync for id=2
10-14 20:04:35.816 13566 13566 E SurfaceSyncer: Failed to find sync for id=3
10-14 20:04:35.832 13566 13566 D DecorView[]: onWindowFocusChanged hasWindowFocus true
10-14 20:04:35.832 13566 13566 I HandWritingStubImpl: refreshLastKeyboardType: 1
10-14 20:04:35.832 13566 13566 I HandWritingStubImpl: getCurrentKeyboardType: 1
10-14 20:04:35.835 13566 24572 E qdgralloc: GetGpuPixelFormat: No map for format: 0x38
10-14 20:04:35.835 13566 24572 E AdrenoUtils: <validate_memory_layout_input_parmas:1970>: Unknown Format 0
10-14 20:04:35.835 13566 24572 E AdrenoUtils: <adreno_init_memory_layout:4720>: Memory Layout input parameter validation failed!
10-14 20:04:35.835 13566 24572 E qdgralloc: GetGpuResourceSizeAndDimensions Graphics metadata init failed
10-14 20:04:35.835 13566 24572 E Gralloc4: isSupported(1, 1, 56, 1, ...) failed with 1
10-14 20:04:35.835 13566 24572 E GraphicBufferAllocator: Failed to allocate (4 x 4) layerCount 1 format 56 usage b00: 1
10-14 20:04:35.835 13566 24572 E AHardwareBuffer: GraphicBuffer(w=4, h=4, lc=1) failed (Unknown error -1), handle=0x0
10-14 20:04:35.835 13566 24572 E qdgralloc: GetGpuPixelFormat: No map for format: 0x38
10-14 20:04:35.835 13566 24572 E AdrenoUtils: <validate_memory_layout_input_parmas:1970>: Unknown Format 0
10-14 20:04:35.835 13566 24572 E AdrenoUtils: <adreno_init_memory_layout:4720>: Memory Layout input parameter validation failed!
10-14 20:04:35.835 13566 24572 E qdgralloc: GetGpuResourceSizeAndDimensions Graphics metadata init failed
10-14 20:04:35.835 13566 24572 E Gralloc4: isSupported(1, 1, 56, 1, ...) failed with 1
10-14 20:04:35.835 13566 24572 E GraphicBufferAllocator: Failed to allocate (4 x 4) layerCount 1 format 56 usage b00: 1
10-14 20:04:35.835 13566 24572 E AHardwareBuffer: GraphicBuffer(w=4, h=4, lc=1) failed (Unknown error -1), handle=0x0
10-14 20:04:35.885 13566 24572 V SwappyVk: SwappyVk initialized for VkDevice 0x75b769d070 using VK_GOOGLE_display_timing on Android
10-14 20:04:35.885 13566 24572 I SwappyVk: Returning refresh duration of 8333333 nsec (approx 120.000005 Hz)
10-14 20:04:35.947 13566 25324 I AAudio  : AAudioStreamBuilder_openStream() called ----------------------------------------
10-14 20:04:35.947 13566 25324 I AudioStreamBuilder: rate   =      0, channels  = 0, channelMask = 0, format   = 0, sharing = SH, dir = OUTPUT
10-14 20:04:35.947 13566 25324 I AudioStreamBuilder: device =      0, sessionId = -1, perfMode = 12, callback: OFF with frames = 0
10-14 20:04:35.947 13566 25324 I AudioStreamBuilder: usage  =     14, contentType = 0, inputPreset = 0, allowedCapturePolicy = 0
10-14 20:04:35.947 13566 25324 I AudioStreamBuilder: privacy sensitive = false, opPackageName = (null), attributionTag = (null)
10-14 20:04:35.949 13566 25324 D com.carxtech.sr: PlayerBase::PlayerBase()
10-14 20:04:35.950 13566 25324 D AudioStreamTrack: open(), request notificationFrames = 0, frameCount = 0
10-14 20:04:35.950 13566 25324 D AudioTrack: set(sessionId=0)
10-14 20:04:35.950 13566 25324 D AudioTrack: set(): streamType -1, sampleRate 0, format 0x5, channelMask 0x3, frameCount 0, flags #104, notificationFrames 0, sessionId 0, transferType 3, uid -1, pid -1
10-14 20:04:35.951 13566 25324 W AudioTrack: createTrack_l(0): AUDIO_OUTPUT_FLAG_FAST denied by client, not shared buffer and transfer = TRANSFER_SYNC
10-14 20:04:35.966 13566 25324 I AudioTrack: AudioTrack::setVolume L:1.000000 R:1.000000 and the pakage is com.carxtech.sr
10-14 20:04:35.966 13566 25324 I AudioTrack: AudioTrack::setVolume L:1.000000 R:1.000000
10-14 20:04:35.967 13566 25324 D AudioStreamTrack: open() flags changed from 0x00000104 to 0x00000000
10-14 20:04:35.967 13566 25324 D AudioStreamTrack: open() perfMode changed from 12 to 10
10-14 20:04:35.967 13566 25324 D AAudioStream: setState(s#13) from 0 to 2
10-14 20:04:35.973 13566 25324 I AAudio  : AAudioStreamBuilder_openStream() returns 0 = AAUDIO_OK for s#13 ----------------
10-14 20:04:35.973 13566 25324 D AAudio  : AAudioStream_close(s#13) called ---------------
10-14 20:04:35.973 13566 25324 D AAudioStream: setState(s#13) from 2 to 11
10-14 20:04:35.973 13566 25324 D AudioTrack: stop(sessionID=114193)
10-14 20:04:35.973 13566 25324 D AudioTrack: stop(20550): prior state:STATE_STOPPED
10-14 20:04:35.973 13566 25324 D AudioTrack: ~AudioTrack(sessionID=114193)
10-14 20:04:35.973 13566 25324 D AudioTrack: stop(sessionID=114193)
10-14 20:04:35.973 13566 25324 D AudioTrack: stop(20550): prior state:STATE_STOPPED
10-14 20:04:35.974 13566 25324 D AAudioStream: setState(s#13) from 11 to 12
10-14 20:04:35.974 13566 25324 D AAudioStream: ~AudioStream(s#13) mPlayerBase strongCount = 2
10-14 20:04:35.974 13566 25324 D AAudio  : AAudioStream_close(s#13) returned 0 ---------
10-14 20:04:35.983 13566 25324 I AudioManager: In isBluetoothScoOn() calling application: com.carxtech.sr
10-14 20:04:35.983 13566 25324 I fmod    : FMOD::supportsLowLatency                 : Low latency = true, Pro Audio = false, Bluetooth On = false, Acceptable Block Size = true (192)
10-14 20:04:35.983 13566 25324 I AAudio  : AAudioStreamBuilder_openStream() called ----------------------------------------
10-14 20:04:35.984 13566 25324 I AudioStreamBuilder: rate   =      0, channels  = 0, channelMask = 0, format   = 0, sharing = SH, dir = OUTPUT
10-14 20:04:35.984 13566 25324 I AudioStreamBuilder: device =      0, sessionId = -1, perfMode = 12, callback: ON with frames = 0
10-14 20:04:35.984 13566 25324 I AudioStreamBuilder: usage  =     14, contentType = 0, inputPreset = 0, allowedCapturePolicy = 0
10-14 20:04:35.984 13566 25324 I AudioStreamBuilder: privacy sensitive = false, opPackageName = (null), attributionTag = (null)
10-14 20:04:35.984 13566 25324 D com.carxtech.sr: PlayerBase::PlayerBase()
10-14 20:04:35.984 13566 25324 D AudioStreamTrack: open(), request notificationFrames = -8, frameCount = 0
10-14 20:04:35.984 13566 25324 D AudioTrack: set(sessionId=0)
10-14 20:04:35.984 13566 25324 D AudioTrack: set(): streamType -1, sampleRate 0, format 0x5, channelMask 0x3, frameCount 0, flags #104, notificationFrames -8, sessionId 0, transferType 1, uid -1, pid -1
10-14 20:04:35.994 13566 25324 I AudioTrack: createTrack_l(20550): AUDIO_OUTPUT_FLAG_FAST successful; frameCount 0 -> 1536
10-14 20:04:35.994 13566 25324 I AudioTrack: AudioTrack::setVolume L:1.000000 R:1.000000 and the pakage is com.carxtech.sr
10-14 20:04:35.994 13566 25324 I AudioTrack: AudioTrack::setVolume L:1.000000 R:1.000000
10-14 20:04:35.998 13566 25324 D AudioStreamTrack: open() flags changed from 0x00000104 to 0x00000004
10-14 20:04:35.998 13566 25324 D AAudioStream: setState(s#14) from 0 to 2
10-14 20:04:36.000 13566 25324 I AAudio  : AAudioStreamBuilder_openStream() returns 0 = AAUDIO_OK for s#14 ----------------
10-14 20:04:36.000 13566 25324 D AAudio  : AAudioStream_close(s#14) called ---------------
10-14 20:04:36.000 13566 25324 D AAudioStream: setState(s#14) from 2 to 11
10-14 20:04:36.000 13566 25324 D AudioTrack: stop(sessionID=114201)
10-14 20:04:36.000 13566 25324 D AudioTrack: stop(20551): prior state:STATE_STOPPED
10-14 20:04:36.001 13566 25324 D AudioTrack: ~AudioTrack(sessionID=114201)
10-14 20:04:36.001 13566 25324 D AudioTrack: stop(sessionID=114201)
10-14 20:04:36.001 13566 25324 D AudioTrack: stop(20551): prior state:STATE_STOPPED
10-14 20:04:36.002 13566 25324 D AAudioStream: setState(s#14) from 11 to 12
10-14 20:04:36.002 13566 25324 D AAudioStream: ~AudioStream(s#14) mPlayerBase strongCount = 2
10-14 20:04:36.002 13566 25324 D AAudio  : AAudioStream_close(s#14) returned 0 ---------
10-14 20:04:36.002 13566 25324 I AAudio  : AAudioStreamBuilder_openStream() called ----------------------------------------
10-14 20:04:36.002 13566 25324 I AudioStreamBuilder: rate   =      0, channels  = 0, channelMask = 0, format   = 0, sharing = SH, dir = OUTPUT
10-14 20:04:36.002 13566 25324 I AudioStreamBuilder: device =      0, sessionId = -1, perfMode = 12, callback: ON with frames = 0
10-14 20:04:36.002 13566 25324 I AudioStreamBuilder: usage  =     14, contentType = 0, inputPreset = 0, allowedCapturePolicy = 0
10-14 20:04:36.002 13566 25324 I AudioStreamBuilder: privacy sensitive = false, opPackageName = (null), attributionTag = (null)
10-14 20:04:36.002 13566 25324 D com.carxtech.sr: PlayerBase::PlayerBase()
10-14 20:04:36.003 13566 25324 D AudioStreamTrack: open(), request notificationFrames = 0, frameCount = 3072
10-14 20:04:36.003 13566 25324 D AudioTrack: set(sessionId=0)
10-14 20:04:36.003 13566 25324 D AudioTrack: set(): streamType -1, sampleRate 0, format 0x5, channelMask 0x3, frameCount 3072, flags #104, notificationFrames 0, sessionId 0, transferType 1, uid -1, pid -1
10-14 20:04:36.020 13566 25324 I AudioTrack: createTrack_l(20551): AUDIO_OUTPUT_FLAG_FAST successful; frameCount 3072 -> 3072
10-14 20:04:36.020 13566 25324 I AudioTrack: AudioTrack::setVolume L:1.000000 R:1.000000 and the pakage is com.carxtech.sr
10-14 20:04:36.021 13566 25324 I AudioTrack: AudioTrack::setVolume L:1.000000 R:1.000000
10-14 20:04:36.021 13566 25324 D AudioStreamTrack: open() flags changed from 0x00000104 to 0x00000004
10-14 20:04:36.021 13566 25324 D AAudioStream: setState(s#15) from 0 to 2
10-14 20:04:36.023 13566 25324 I AAudio  : AAudioStreamBuilder_openStream() returns 0 = AAUDIO_OK for s#15 ----------------
10-14 20:04:36.027 13566 25324 D AAudio  : AAudioStream_requestStart(s#15) called --------------
10-14 20:04:36.028 13566 25324 D AAudioStream: setState(s#15) from 2 to 3
10-14 20:04:36.028 13566 25324 D AudioTrack: start(20552): prior state:STATE_STOPPED
10-14 20:04:36.044 13566 25324 D AAudio  : AAudioStream_requestStart(s#15) returned 0 ---------
10-14 20:04:36.045 13566 25429 D AudioStreamLegacy: onAudioDeviceUpdate(deviceId = 3)
10-14 20:04:36.045 13566 13566 D MediaRouter: onRestoreRoute() : route=RouteInfo{ name=Phone, description=null, status=null, category=RouteCategory{ name=System types=ROUTE_TYPE_LIVE_AUDIO ROUTE_TYPE_LIVE_VIDEO  groupable=false }, supportedTypes=ROUTE_TYPE_LIVE_AUDIO ROUTE_TYPE_LIVE_VIDEO , presentationDisplay=null }
10-14 20:04:36.045 13566 13566 V MediaRouter: Selecting route: RouteInfo{ name=Phone, description=null, status=null, category=RouteCategory{ name=System types=ROUTE_TYPE_LIVE_AUDIO ROUTE_TYPE_LIVE_VIDEO  groupable=false }, supportedTypes=ROUTE_TYPE_LIVE_AUDIO ROUTE_TYPE_LIVE_VIDEO , presentationDisplay=null }
10-14 20:04:36.213 13566 27012 D AAudioStream: setState(s#15) from 3 to 4
10-14 20:04:37.046 13566 27012 D AudioTrack: [audioTrackData][mute] 1s(f:0 m:1001 s:0 k:1001) : pid 13566 uid 10373 sessionId 114209 sr 48000 ch 2 fmt 5
10-14 20:04:38.045 13566 27012 D AudioTrack: [audioTrackData][mute] 2s(f:0 m:2001 s:0 k:2001) : pid 13566 uid 10373 sessionId 114209 sr 48000 ch 2 fmt 5
10-14 20:04:39.045 13566 27012 D AudioTrack: [audioTrackData][mute] 3s(f:0 m:3001 s:0 k:3001) : pid 13566 uid 10373 sessionId 114209 sr 48000 ch 2 fmt 5
10-14 20:04:39.700 13566 13566 W Choreographer: Frame time is 0.175765 ms in the future!  Check that graphics HAL is generating vsync timestamps using the correct timebase.
10-14 20:04:40.045 13566 27012 D AudioTrack: [audioTrackData][mute] 4s(f:0 m:4001 s:0 k:4001) : pid 13566 uid 10373 sessionId 114209 sr 48000 ch 2 fmt 5
10-14 20:04:41.045 13566 27012 D AudioTrack: [audioTrackData][mute] 5s(f:0 m:5001 s:0 k:5001) : pid 13566 uid 10373 sessionId 114209 sr 48000 ch 2 fmt 5
10-14 20:04:42.045 13566 27012 D AudioTrack: [audioTrackData][mute] 6s(f:0 m:6001 s:0 k:6001) : pid 13566 uid 10373 sessionId 114209 sr 48000 ch 2 fmt 5
10-14 20:04:42.679 13566 26866 D com.carxtech.sr: PlayerBase::~PlayerBase()
10-14 20:04:42.679 13566 25429 D com.carxtech.sr: PlayerBase::~PlayerBase()
10-14 20:04:43.046 13566 27012 D AudioTrack: [audioTrackData][mute] 7s(f:0 m:7001 s:0 k:7001) : pid 13566 uid 10373 sessionId 114209 sr 48000 ch 2 fmt 5
10-14 20:04:44.046 13566 27012 D AudioTrack: [audioTrackData][mute] 8s(f:0 m:8002 s:0 k:8002) : pid 13566 uid 10373 sessionId 114209 sr 48000 ch 2 fmt 5
10-14 20:04:45.045 13566 27012 D AudioTrack: [audioTrackData][mute] 9s(f:0 m:9001 s:0 k:9001) : pid 13566 uid 10373 sessionId 114209 sr 48000 ch 2 fmt 5
10-14 20:04:46.046 13566 27012 D AudioTrack: [audioTrackData][mute] 10s(f:0 m:10001 s:0 k:10001) : pid 13566 uid 10373 sessionId 114209 sr 48000 ch 2 fmt 5
10-14 20:04:47.046 13566 27012 D AudioTrack: [audioTrackData][mute] 11s(f:0 m:11001 s:0 k:11001) : pid 13566 uid 10373 sessionId 114209 sr 48000 ch 2 fmt 5
10-14 20:04:48.045 13566 27012 D AudioTrack: [audioTrackData][mute] 12s(f:0 m:12001 s:0 k:12001) : pid 13566 uid 10373 sessionId 114209 sr 48000 ch 2 fmt 5

