--------- beginning of main
10-14 20:03:23.777 13565 13565 I libc    : SetHeapTaggingLevel: tag level set to 0
10-14 20:03:23.781 13565 13565 I com.carxtech.sr: Using CollectorTypeCC GC.
10-14 20:03:23.787 13565 13565 E com.carxtech.sr: Not starting debugger since process cannot load the jdwp agent.
10-14 20:03:23.792 13565 13565 I MessageMonitor: Load libmiui_runtime
10-14 20:03:23.842 13565 13565 D CompatibilityChangeReporter: Compat change id reported: 171979766; UID 10373; state: DISABLED
10-14 20:03:23.847 13565 13565 D ApplicationLoaders: Returning zygote-cached class loader: /system/framework/android.test.base.jar
10-14 20:03:23.849 13565 13565 D nativeloader: Configuring clns-4 for other apk /system/framework/org.apache.http.legacy.jar. target_sdk_version=29, uses_libraries=ALL, library_path=/data/app/~~RRiwFDP3zxjgn7lOl_1KGQ==/com.carxtech.sr-6K47NPbZBerGUa9MZojXVg==/lib/arm64:/data/app/~~RRiwFDP3zxjgn7lOl_1KGQ==/com.carxtech.sr-6K47NPbZBerGUa9MZojXVg==/base.apk!/lib/arm64-v8a, permitted_path=/data:/mnt/expand:/data/user/0/com.carxtech.sr
10-14 20:03:23.849 13565 13565 D nativeloader: Extending system_exposed_libraries: libbinauralrenderer_wrapper.qti.so:libhoaeffects.qti.so:libQOC.qti.so:libmisys_jni.xiaomi.so:libupdateprof.qti.so:libthermalclient.qti.so:libQOC.qti.so:libdiag_system.qti.so:libqape.qti.so:liblistenjni.qti.so
10-14 20:03:23.852 13565 13565 D nativeloader: Configuring clns-5 for other apk /data/app/~~RRiwFDP3zxjgn7lOl_1KGQ==/com.carxtech.sr-6K47NPbZBerGUa9MZojXVg==/base.apk. target_sdk_version=29, uses_libraries=, library_path=/data/app/~~RRiwFDP3zxjgn7lOl_1KGQ==/com.carxtech.sr-6K47NPbZBerGUa9MZojXVg==/lib/arm64:/data/app/~~RRiwFDP3zxjgn7lOl_1KGQ==/com.carxtech.sr-6K47NPbZBerGUa9MZojXVg==/base.apk!/lib/arm64-v8a, permitted_path=/data:/mnt/expand:/data/user/0/com.carxtech.sr
10-14 20:03:23.852 13565 13565 D nativeloader: Extending system_exposed_libraries: libbinauralrenderer_wrapper.qti.so:libhoaeffects.qti.so:libQOC.qti.so:libmisys_jni.xiaomi.so:libupdateprof.qti.so:libthermalclient.qti.so:libQOC.qti.so:libdiag_system.qti.so:libqape.qti.so:liblistenjni.qti.so
10-14 20:03:23.880 13565 13565 I Perf    : Connecting to perf service.
10-14 20:03:23.884 13565 13565 V GraphicsEnvironment: ANGLE Developer option for 'com.carxtech.sr' set to: 'default'
10-14 20:03:23.884 13565 13565 V GraphicsEnvironment: ANGLE GameManagerService for com.carxtech.sr: false
10-14 20:03:23.884 13565 13565 V GraphicsEnvironment: Updatable production driver is not supported on the device.
10-14 20:03:23.887 13565 23234 D AppScoutStateMachine: 13565-ScoutStateMachinecreated
10-14 20:03:23.887 13565 13565 I ForceDarkHelperStubImpl: initialize for com.carxtech.sr , ForceDarkOrigin
10-14 20:03:23.888 13565 13565 D com.carxtech.sr: JNI_OnLoad success
10-14 20:03:23.888 13565 13565 I MiuiForceDarkConfig: setConfig density:2.750000, mainRule:0, secondaryRule:0, tertiaryRule:0
10-14 20:03:23.889 13565 13565 D NetworkSecurityConfig: No Network Security Config specified, using platform default
10-14 20:03:23.889 13565 13565 D NetworkSecurityConfig: No Network Security Config specified, using platform default
10-14 20:03:23.896 13565 13565 E BA      : VERSION: Sep 27 2022 - 10:18:02
10-14 20:03:24.850 13565 13565 W com.carxtech.sr: type=1400 audit(0.0:1554555): avc: granted { execute } for path="/data/user/0/com.carxtech.sr/cache/DHXBPRXHWZ" dev="dm-43" ino=260207 scontext=u:r:untrusted_app_29:s0:c117,c257,c512,c768 tcontext=u:object_r:app_data_file:s0:c117,c257,c512,c768 tclass=file app=com.carxtech.sr
10-14 20:03:24.857 13565 13565 I System.out: PmsHook success.
10-14 20:03:24.863 13565 13565 D CompatibilityChangeReporter: Compat change id reported: 183155436; UID 10373; state: DISABLED
10-14 20:03:24.864 13565 13565 I FirebaseApp: Device unlocked: initializing all Firebase APIs for app [DEFAULT]
10-14 20:03:24.866 13565 13565 I FirebaseCrashlytics: Initializing Firebase Crashlytics 18.2.13 for com.carxtech.sr
10-14 20:03:24.876 13565 23490 D nativeloader: Configuring clns-6 for other apk /system/framework/com.android.media.remotedisplay.jar. target_sdk_version=34, uses_libraries=ALL, library_path=/data/app/~~cxRfhyAabg9y-AnhDZ-ErA==/com.google.android.gms-lhiAhk2qOpjiURK7nUtE-w==/lib/arm64:/data/app/~~cxRfhyAabg9y-AnhDZ-ErA==/com.google.android.gms-lhiAhk2qOpjiURK7nUtE-w==/base.apk!/lib/arm64-v8a, permitted_path=/data:/mnt/expand:/data/user/0/com.google.android.gms
10-14 20:03:24.876 13565 23490 D nativeloader: Extending system_exposed_libraries: libbinauralrenderer_wrapper.qti.so:libhoaeffects.qti.so:libQOC.qti.so:libmisys_jni.xiaomi.so:libupdateprof.qti.so:libthermalclient.qti.so:libQOC.qti.so:libdiag_system.qti.so:libqape.qti.so:liblistenjni.qti.so
10-14 20:03:24.887 13565 23490 D nativeloader: Configuring clns-7 for other apk /system/framework/com.android.location.provider.jar. target_sdk_version=34, uses_libraries=ALL, library_path=/data/app/~~cxRfhyAabg9y-AnhDZ-ErA==/com.google.android.gms-lhiAhk2qOpjiURK7nUtE-w==/lib/arm64:/data/app/~~cxRfhyAabg9y-AnhDZ-ErA==/com.google.android.gms-lhiAhk2qOpjiURK7nUtE-w==/base.apk!/lib/arm64-v8a, permitted_path=/data:/mnt/expand:/data/user/0/com.google.android.gms
10-14 20:03:24.887 13565 23490 D nativeloader: Extending system_exposed_libraries: libbinauralrenderer_wrapper.qti.so:libhoaeffects.qti.so:libQOC.qti.so:libmisys_jni.xiaomi.so:libupdateprof.qti.so:libthermalclient.qti.so:libQOC.qti.so:libdiag_system.qti.so:libqape.qti.so:liblistenjni.qti.so
10-14 20:03:24.897 13565 13565 I FirebaseInitProvider: FirebaseApp initialization successful
10-14 20:03:24.909 13565 13565 D CompatibilityChangeReporter: Compat change id reported: 147600208; UID 10373; state: ENABLED
10-14 20:03:24.913 13565 13565 D WM-WrkMgrInitializer: Initializing WorkManager with default configuration.
--------- beginning of system
10-14 20:03:24.920 13565 13565 W Looper  : PerfMonitor longMsg : seq=2 plan=20:03:23.833 late=9ms wall=1077ms running=601ms runnable=210ms io=8ms h=android.app.ActivityThread$H w=110 procState=-1
10-14 20:03:24.921 13565 23494 I DynamiteModule: Considering local module com.google.android.gms.measurement.dynamite:83 and remote module com.google.android.gms.measurement.dynamite:93
10-14 20:03:24.921 13565 23494 I DynamiteModule: Selected remote version of com.google.android.gms.measurement.dynamite, version >= 93
10-14 20:03:24.921 13565 23494 V DynamiteModule: Dynamite loader version >= 2, using loadModule2NoCrashUtils
10-14 20:03:24.922 13565 13565 D MiuiMultiWindowAdapter: MiuiMultiWindowAdapter::getFreeformVideoWhiteListInSystem::LIST_ABOUT_SUPPORT_LANDSCAPE_VIDEO = [com.hunantv.imgo.activity, com.tencent.qqlive, com.qiyi.video, com.hunantv.imgo.activity.inter, com.tencent.qqlivei18n, com.iqiyi.i18n, tv.danmaku.bili]
10-14 20:03:24.925 13565 13565 D CompatibilityChangeReporter: Compat change id reported: 147798919; UID 10373; state: DISABLED
10-14 20:03:24.934 13565 13565 D CompatibilityChangeReporter: Compat change id reported: 210923482; UID 10373; state: DISABLED
10-14 20:03:24.934 13565 13565 D CompatibilityChangeReporter: Compat change id reported: 37756858; UID 10373; state: ENABLED
10-14 20:03:24.947 13565 23496 D TrafficStats: tagSocket(96) with statsTag=0xffffffff, statsUid=-1
10-14 20:03:24.952 13565 23499 D TrafficStats: tagSocket(97) with statsTag=0x8001, statsUid=-1
10-14 20:03:24.956 13565 23490 D nativeloader: Configuring clns-8 for other apk /data/app/~~cxRfhyAabg9y-AnhDZ-ErA==/com.google.android.gms-lhiAhk2qOpjiURK7nUtE-w==/base.apk. target_sdk_version=34, uses_libraries=, library_path=/data/app/~~cxRfhyAabg9y-AnhDZ-ErA==/com.google.android.gms-lhiAhk2qOpjiURK7nUtE-w==/lib/arm64:/data/app/~~cxRfhyAabg9y-AnhDZ-ErA==/com.google.android.gms-lhiAhk2qOpjiURK7nUtE-w==/base.apk!/lib/arm64-v8a, permitted_path=/data:/mnt/expand:/data/user/0/com.google.android.gms
10-14 20:03:24.962 13565 23515 D CompatibilityChangeReporter: Compat change id reported: 160794467; UID 10373; state: DISABLED
10-14 20:03:24.970 13565 23494 W System  : ClassLoader referenced unknown path: 
10-14 20:03:24.971 13565 23494 D nativeloader: Configuring clns-9 for other apk . target_sdk_version=34, uses_libraries=, library_path=/data/app/~~cxRfhyAabg9y-AnhDZ-ErA==/com.google.android.gms-lhiAhk2qOpjiURK7nUtE-w==/lib/arm64:/data/app/~~cxRfhyAabg9y-AnhDZ-ErA==/com.google.android.gms-lhiAhk2qOpjiURK7nUtE-w==/base.apk!/lib/arm64-v8a, permitted_path=/data:/mnt/expand:/data/user/0/com.google.android.gms
10-14 20:03:24.986 13565 13565 W libc    : Access denied finding property "ro.vendor.df.effect.conflict"
10-14 20:03:24.982 13565 13565 W com.carxtech.sr: type=1400 audit(0.0:1554556): avc: denied { read } for name="u:object_r:vendor_displayfeature_prop:s0" dev="tmpfs" ino=12279 scontext=u:r:untrusted_app_29:s0:c117,c257,c512,c768 tcontext=u:object_r:vendor_displayfeature_prop:s0 tclass=file permissive=0 app=com.carxtech.sr
10-14 20:03:24.989 13565 13565 D IS_CTS_MODE: false
10-14 20:03:24.989 13565 13565 D MULTI_WINDOW_ENABLED: false
10-14 20:03:24.990 13565 13565 D DecorView[]: getWindowModeFromSystem  windowmode is 1
10-14 20:03:24.998 13565 23490 I DynamiteModule: Considering local module com.google.android.gms.ads.dynamite:0 and remote module com.google.android.gms.ads.dynamite:233012802
10-14 20:03:24.998 13565 23490 I DynamiteModule: Selected remote version of com.google.android.gms.ads.dynamite, version >= 233012802
10-14 20:03:24.998 13565 23490 V DynamiteModule: Dynamite loader version >= 2, using loadModule2NoCrashUtils
10-14 20:03:25.035 13565 13565 I IL2CPP  : JNI_OnLoad
10-14 20:03:25.060 13565 13565 D DecorView[]: getWindowModeFromSystem  windowmode is 1
10-14 20:03:25.060 13565 13565 D DecorView[]: updateDecorCaptionStatus windowMode is 1
10-14 20:03:25.071 13565 13565 W Looper  : PerfMonitor looperActivity : package=com.carxtech.sr/com.unity3d.player.CarXStreetPlayerActivity time=151ms latency=1079ms running=65ms  procState=-1  historyMsgCount=2 (msgIndex=2 wall=1077ms seq=2 running=601ms runnable=210ms io=8ms late=9ms h=android.app.ActivityThread$H w=110)
10-14 20:03:25.071 13565 13565 W Looper  : PerfMonitor looperActivity : package=com.carxtech.sr/com.unity3d.player.CarXStreetPlayerActivity time=0ms latency=1230ms running=0ms  procState=-1  historyMsgCount=3 (msgIndex=2 wall=1077ms seq=2 running=601ms runnable=210ms io=8ms late=9ms h=android.app.ActivityThread$H w=110) (msgIndex=3 wall=151ms seq=3 running=65ms runnable=7ms io=9ms late=1079ms h=android.app.ActivityThread$H w=159)
10-14 20:03:25.077 13565 23529 I FA      : App measurement initialized, version: 80083
10-14 20:03:25.077 13565 23529 I FA      : To enable debug logging run: adb shell setprop log.tag.FA VERBOSE
10-14 20:03:25.077 13565 23529 I FA      : To enable faster debug mode event logging run:
10-14 20:03:25.077 13565 23529 I FA      :   adb shell setprop debug.firebase.analytics.app com.carxtech.sr
10-14 20:03:25.152 13565 23529 I FA      : Tag Manager is not found and thus will not be used
10-14 20:03:25.368 13565 23539 I AdrenoGLES-0: QUALCOMM build                   : 8382da08aa, I139f36ad46
10-14 20:03:25.368 13565 23539 I AdrenoGLES-0: Build Date                       : 02/18/22
10-14 20:03:25.368 13565 23539 I AdrenoGLES-0: OpenGL ES Shader Compiler Version: EV031.35.01.11
10-14 20:03:25.368 13565 23539 I AdrenoGLES-0: Local Branch                     : 
10-14 20:03:25.368 13565 23539 I AdrenoGLES-0: Remote Branch                    : 
10-14 20:03:25.368 13565 23539 I AdrenoGLES-0: Remote Branch                    : 
10-14 20:03:25.368 13565 23539 I AdrenoGLES-0: Reconstruct Branch               : 
10-14 20:03:25.368 13565 23539 I AdrenoGLES-0: Build Config                     : S P 10.0.7 AArch64
10-14 20:03:25.368 13565 23539 I AdrenoGLES-0: Driver Path                      : /vendor/lib64/egl/libGLESv2_adreno.so
10-14 20:03:25.383 13565 23539 I AdrenoGLES-0: PFP: 0x016dc094, ME: 0x00000000
10-14 20:03:25.408 13565 23539 I Adreno-AppProfiles: Found adreno profile
10-14 20:03:25.450 13565 23539 I Adreno-AppProfiles: User overridden configuration TextureFilteringQuality : Default
10-14 20:03:25.450 13565 23539 I Adreno-AppProfiles: User overridden configuration MaxSamples : 4
10-14 20:03:25.450 13565 23539 I Adreno-AppProfiles: User overridden configuration FPSCap : 120
10-14 20:03:25.450 13565 23539 I Adreno-AppProfiles: User overridden configuration TextureMaxAniso : 16.0
10-14 20:03:25.460 13565 23539 W libc    : Access denied finding property "vendor.migl.debug"
10-14 20:03:25.465 13565 23539 E libEGL  : pre_cache appList: ,,
10-14 20:03:25.575 13565 23539 D com.carxtech.sr: MiuiProcessManagerServiceStub setSchedFifo
10-14 20:03:25.575 13565 23539 I MiuiProcessManagerImpl: setSchedFifo pid:13565, mode:3
10-14 20:03:25.589 13565 23539 E libEGL  : pre_cache appList: ,,
10-14 20:03:25.671 13565 23539 W Parcel  : Expecting binder but got null!
10-14 20:03:25.672 13565 13565 W Looper  : PerfMonitor doFrame : time=460ms vsyncFrame=0 latency=150ms procState=-1 historyMsgCount=10 (msgIndex=1 wall=151ms seq=3 running=65ms runnable=7ms io=9ms late=1079ms h=android.app.ActivityThread$H w=159) (msgIndex=6 wall=51ms seq=8 running=7ms runnable=1ms late=127ms h=android.widget.Toast$TN$1 w=0) (msgIndex=7 wall=58ms seq=9 late=153ms h=android.app.ActivityThread$H w=159)
10-14 20:03:25.673 13565 13565 E THAds   : Not init
10-14 20:03:25.674 13565 13565 I Choreographer: Skipped 55 frames!  The application may be doing too much work on its main thread.
10-14 20:03:25.722 13565 13565 W Looper  : PerfMonitor doFrame : time=48ms vsyncFrame=0 latency=455ms procState=-1 historyMsgCount=12 (msgIndex=1 wall=460ms seq=13 running=15ms runnable=5ms late=150ms h=android.view.Choreographer$FrameHandler c=android.view.Choreographer$FrameDisplayEventReceiver)
10-14 20:03:25.724 13565 13565 W Looper  : PerfMonitor looperActivity : package=com.carxtech.sr/com.unity3d.player.CarXStreetPlayerActivity time=2ms latency=418ms running=1ms  procState=-1  historyMsgCount=15 (msgIndex=1 wall=460ms seq=13 running=15ms runnable=5ms late=150ms h=android.view.Choreographer$FrameHandler c=android.view.Choreographer$FrameDisplayEventReceiver)
10-14 20:03:26.131 13565 23705 I THAds   : d=false
10-14 20:03:26.132 13565 13565 I THAds   : id=20220611_blbgassescfmokbp_e8fc0253-fad4-488e-9920-7c362a7eee8c
10-14 20:03:26.286 13565 23714 D TrafficStats: tagSocket(143) with statsTag=0xffffffff, statsUid=-1
10-14 20:03:26.393 13565 23705 D TrafficStats: tagSocket(147) with statsTag=0xffffffff, statsUid=-1
10-14 20:03:26.540 13565 23529 W BpBinder: PerfMonitor binderTransact :  time=695ms interface=com.google.android.gms.measurement.internal.IMeasurementService code=11
10-14 20:03:26.543 13565 23705 E THAds   : BMT isInit=9984, hasm = 0, hasd = 1
10-14 20:03:26.697 13565 23715 E THAds   : prepare show about
10-14 20:03:26.699 13565 23715 D THAds   : 0: admob=90
10-14 20:03:26.699 13565 23715 D THAds   : 1: facebook=0
10-14 20:03:26.699 13565 23715 D THAds   : 2: startapp=0
10-14 20:03:26.699 13565 23715 D THAds   : 3: chartboost=0
10-14 20:03:26.699 13565 23715 D THAds   : 4: unity=0
10-14 20:03:26.699 13565 23715 D THAds   : 5: custom=0
10-14 20:03:26.699 13565 23715 D THAds   : 6: vungle=0
10-14 20:03:26.699 13565 23715 D THAds   : 7: applovin=0
10-14 20:03:26.699 13565 23715 I THAds   : admob=true,startapp=false,facebook=false,chartboost=false,unity=false,custom=false,vungle=false,applovin=true
10-14 20:03:26.716 13565 23778 D TrafficStats: tagSocket(150) with statsTag=0xffffffff, statsUid=-1
10-14 20:03:26.718 13565 13565 E GooglePlayServicesUtil: The Google Play services resources were not found. Check your project configuration to ensure that the resources are included.
10-14 20:03:26.754 13565 23780 W FA      : Specified origin or custom app id is null. Both parameters will be ignored.
10-14 20:03:26.762 13565 23785 I DynamiteModule: Considering local module com.google.android.gms.measurement.dynamite:83 and remote module com.google.android.gms.measurement.dynamite:93
10-14 20:03:26.762 13565 23785 I DynamiteModule: Selected remote version of com.google.android.gms.measurement.dynamite, version >= 93
10-14 20:03:26.762 13565 23785 V DynamiteModule: Dynamite loader version >= 2, using loadModule2NoCrashUtils
10-14 20:03:26.785 13565 23780 I DynamiteModule: Considering local module com.google.android.gms.ads.dynamite:0 and remote module com.google.android.gms.ads.dynamite:233012802
10-14 20:03:26.785 13565 23780 I DynamiteModule: Selected remote version of com.google.android.gms.ads.dynamite, version >= 233012802
10-14 20:03:26.785 13565 23780 V DynamiteModule: Dynamite loader version >= 2, using loadModule2NoCrashUtils
10-14 20:03:26.841 13565 13565 I DynamiteModule: Considering local module com.google.android.gms.ads.dynamite:0 and remote module com.google.android.gms.ads.dynamite:233012802
10-14 20:03:26.842 13565 13565 I DynamiteModule: Selected remote version of com.google.android.gms.ads.dynamite, version >= 233012802
10-14 20:03:26.844 13565 13565 D DynamitePackage: Instantiated singleton DynamitePackage.
10-14 20:03:26.844 13565 13565 D DynamitePackage: Instantiating com.google.android.gms.ads.ChimeraMobileAdsSettingManagerCreatorImpl
10-14 20:03:26.882 13565 13565 I Ads     : Updating ad debug logging enablement.
10-14 20:03:26.957 13565 13565 W ziparchive: Unable to open '/data/app/~~Pu-MXCLc6-zSIK9vOmFNJg==/com.google.android.trichromelibrary_593815533-yK1tRQJi-aWajTw24tw7oQ==/base.dm': No such file or directory
10-14 20:03:26.957 13565 13565 W ziparchive: Unable to open '/data/app/~~Pu-MXCLc6-zSIK9vOmFNJg==/com.google.android.trichromelibrary_593815533-yK1tRQJi-aWajTw24tw7oQ==/base.dm': No such file or directory
10-14 20:03:26.957 13565 13565 W com.carxtech.sr: Entry not found
10-14 20:03:26.959 13565 13565 D nativeloader: Configuring clns-10 for other apk /data/app/~~Pu-MXCLc6-zSIK9vOmFNJg==/com.google.android.trichromelibrary_593815533-yK1tRQJi-aWajTw24tw7oQ==/base.apk. target_sdk_version=34, uses_libraries=ALL, library_path=/data/app/~~Rx8-BgLOUCK0VKc9t-0WlQ==/com.google.android.webview-toJAfzpxyN_U3G4JqWzSpA==/lib/arm64:/data/app/~~Rx8-BgLOUCK0VKc9t-0WlQ==/com.google.android.webview-toJAfzpxyN_U3G4JqWzSpA==/base.apk!/lib/arm64-v8a:/data/app/~~Pu-MXCLc6-zSIK9vOmFNJg==/com.google.android.trichromelibrary_593815533-yK1tRQJi-aWajTw24tw7oQ==/base.apk!/lib/arm64-v8a, permitted_path=/data:/mnt/expand
10-14 20:03:26.959 13565 13565 D nativeloader: Extending system_exposed_libraries: libbinauralrenderer_wrapper.qti.so:libhoaeffects.qti.so:libQOC.qti.so:libmisys_jni.xiaomi.so:libupdateprof.qti.so:libthermalclient.qti.so:libQOC.qti.so:libdiag_system.qti.so:libqape.qti.so:liblistenjni.qti.so
10-14 20:03:26.963 13565 13565 D nativeloader: Configuring clns-11 for other apk /data/app/~~Rx8-BgLOUCK0VKc9t-0WlQ==/com.google.android.webview-toJAfzpxyN_U3G4JqWzSpA==/base.apk. target_sdk_version=34, uses_libraries=, library_path=/data/app/~~Rx8-BgLOUCK0VKc9t-0WlQ==/com.google.android.webview-toJAfzpxyN_U3G4JqWzSpA==/lib/arm64:/data/app/~~Rx8-BgLOUCK0VKc9t-0WlQ==/com.google.android.webview-toJAfzpxyN_U3G4JqWzSpA==/base.apk!/lib/arm64-v8a:/data/app/~~Pu-MXCLc6-zSIK9vOmFNJg==/com.google.android.trichromelibrary_593815533-yK1tRQJi-aWajTw24tw7oQ==/base.apk!/lib/arm64-v8a, permitted_path=/data:/mnt/expand
10-14 20:03:26.975 13565 13565 I WebViewFactory: Loading com.google.android.webview version 117.0.5938.155 (code 593815533)
10-14 20:03:26.999 13565 13565 I cr_WVCFactoryProvider: Loaded version=117.0.5938.155 minSdkVersion=29 isBundle=true multiprocess=true packageId=2
10-14 20:03:27.073 13565 23822 E chromium: [1014/200327.073352:ERROR:variations_seed_loader.cc(69)] Failed to open file for reading. Errno: 2
10-14 20:03:27.074 13565 23822 E chromium: [1014/200327.074588:ERROR:variations_seed_loader.cc(69)] Failed to open file for reading. Errno: 2
10-14 20:03:27.077 13565 13565 I cr_LibraryLoader: Successfully loaded native library
10-14 20:03:27.077 13565 13565 I cr_CachingUmaRecorder: Flushed 7 samples from 7 histograms, 0 samples were dropped.
10-14 20:03:27.424 13565 13565 D CompatibilityChangeReporter: Compat change id reported: 214741472; UID 10373; state: DISABLED
10-14 20:03:27.429 13565 13565 D CompatibilityChangeReporter: Compat change id reported: 171228096; UID 10373; state: ENABLED
10-14 20:03:27.617 13565 23863 W cr_media: BLUETOOTH_CONNECT permission is missing.
10-14 20:03:27.620 13565 23863 W cr_media: registerBluetoothIntentsIfNeeded: Requires BLUETOOTH permission
10-14 20:03:27.630 13565 13565 E GooglePlayServicesUtil: The Google Play services resources were not found. Check your project configuration to ensure that the resources are included.
10-14 20:03:27.649 13565 13565 I DynamiteModule: Considering local module com.google.android.gms.ads.dynamite:0 and remote module com.google.android.gms.ads.dynamite:233012802
10-14 20:03:27.649 13565 13565 I DynamiteModule: Selected remote version of com.google.android.gms.ads.dynamite, version >= 233012802
10-14 20:03:27.649 13565 13565 V DynamiteModule: Dynamite loader version >= 2, using loadModule2NoCrashUtils
10-14 20:03:27.665 13565 13565 I Ads     : Use RequestConfiguration.Builder().setTestDeviceIds(Arrays.asList("1742A0576E5BA7050FA38BCAD9E61AAE")) to get test ads on this device.
10-14 20:03:27.709 13565 23804 W ziparchive: Unable to open '/data/user/0/com.carxtech.sr/cache/1689111357674.dm': No such file or directory
10-14 20:03:27.792 13565 23810 I AudioManager: In isSpeakerphoneOn() calling application: com.carxtech.sr
10-14 20:03:27.821 13565 13565 W ConnectionStatusConfig: Dynamic lookup for intent failed for action: com.google.android.gms.ads.service.CACHE
10-14 20:03:27.830 13565 13565 E GooglePlayServicesUtil: The Google Play services resources were not found. Check your project configuration to ensure that the resources are included.
10-14 20:03:27.851 13565 13565 D DynamitePackage: Instantiating com.google.android.gms.ads.ChimeraAdManagerCreatorImpl
10-14 20:03:27.854 13565 13565 I Ads     : Use RequestConfiguration.Builder().setTestDeviceIds(Arrays.asList("1742A0576E5BA7050FA38BCAD9E61AAE")) to get test ads on this device.
10-14 20:03:27.879 13565 23935 I AudioManager: In isSpeakerphoneOn() calling application: com.carxtech.sr
10-14 20:03:27.906 13565 13565 E BMT     : applovin.sdk.key
10-14 20:03:27.906 13565 13565 E BMT     : 
10-14 20:03:27.906 13565 13565 I MyMy    : get ads: 2
10-14 20:03:27.939 13565 13565 D AppLovinSdk: [AppLovinSdk] 
10-14 20:03:27.939 13565 13565 D AppLovinSdk: ========================================
10-14 20:03:27.939 13565 13565 D AppLovinSdk: SDK Session Begin
10-14 20:03:27.939 13565 13565 D AppLovinSdk: ========================================
10-14 20:03:27.985 13565 13565 E BMT     : applovin.sdk.key
10-14 20:03:27.985 13565 13565 E BMT     : 
10-14 20:03:27.985 13565 13565 I MyMy    : get ads: 2
10-14 20:03:27.986 13565 13565 E BMT     : applovin.sdk.key
10-14 20:03:27.986 13565 13565 E BMT     : 
10-14 20:03:27.986 13565 13565 I MyMy    : get ads: 2
10-14 20:03:27.986 13565 13565 W Looper  : PerfMonitor longMsg : seq=47 plan=20:03:26.714 late=0ms wall=1271ms running=349ms runnable=503ms io=35ms h=android.os.Handler c=net.thdl.ExtraPro$THAdsManager$n$a procState=-1
10-14 20:03:28.048 13565 13565 D IS_CTS_MODE: false
10-14 20:03:28.048 13565 13565 D MULTI_WINDOW_ENABLED: false
10-14 20:03:28.104 13565 23872 W AudioCapabilities: Unsupported mime audio/ozoaudio
10-14 20:03:28.104 13565 23872 W AudioCapabilities: Unsupported mime audio/ozoaudio
10-14 20:03:28.106 13565 23872 W VideoCapabilities: Unsupported mime video/dolby-vision
10-14 20:03:28.108 13565 23872 W VideoCapabilities: Unrecognized profile/level 0/3 for video/mpeg2
10-14 20:03:28.108 13565 23872 W VideoCapabilities: Unrecognized profile/level 0/3 for video/mpeg2
10-14 20:03:28.109 13565 23990 E GooglePlayServicesUtil: The Google Play services resources were not found. Check your project configuration to ensure that the resources are included.
10-14 20:03:28.134 13565 23872 W VideoCapabilities: Unsupported mime image/vnd.android.heic
10-14 20:03:28.134 13565 23872 W VideoCapabilities: Unsupported mime image/vnd.android.heic
10-14 20:03:28.134 13565 23872 W VideoCapabilities: Unsupported mime video/dolby-vision
10-14 20:03:28.134 13565 23872 W VideoCapabilities: Unsupported mime video/dolby-vision
10-14 20:03:28.134 13565 23872 W VideoCapabilities: Unsupported mime video/dolby-vision
10-14 20:03:28.154 13565 23807 W Ads     : Update ad debug logging enablement as false
10-14 20:03:28.166 13565 23529 I FA      : Application backgrounded at: timestamp_millis: 1697285005205
10-14 20:03:28.178 13565 13565 I Choreographer: Skipped 33 frames!  The application may be doing too much work on its main thread.
10-14 20:03:28.223 13565 13565 W Looper  : PerfMonitor doFrame : time=46ms vsyncFrame=0 latency=545ms procState=-1 historyMsgCount=19 (msgIndex=1 wall=1271ms seq=47 running=349ms runnable=503ms io=35ms h=android.os.Handler c=net.thdl.ExtraPro$THAdsManager$n$a) (msgIndex=2 wall=105ms seq=48 running=11ms runnable=83ms late=1302ms h=android.os.Handler c=net.thdl.ExtraPro$THAdsManager$o$a)
10-14 20:03:28.349 13565 23983 D TrafficStats: tagSocket(236) with statsTag=0xffffffff, statsUid=-1
10-14 20:03:28.361 13565 23980 E com.carxtech.sr: Attempt to load writable dex file: /data/user/0/com.carxtech.sr/app_pccache/5/F2E554BB17904EFA7DEFDC3AC30671818E445BE4/pcam.jar
10-14 20:03:28.362 13565 23980 W ziparchive: Unable to open '/data/user/0/com.carxtech.sr/app_pccache/5/F2E554BB17904EFA7DEFDC3AC30671818E445BE4/pcam.dm': No such file or directory
10-14 20:03:28.401 13565 23980 D nativeloader: Configuring clns-12 for other apk . target_sdk_version=29, uses_libraries=ALL, library_path=, permitted_path=/data:/mnt/expand
10-14 20:03:28.401 13565 23980 D nativeloader: Extending system_exposed_libraries: libbinauralrenderer_wrapper.qti.so:libhoaeffects.qti.so:libQOC.qti.so:libmisys_jni.xiaomi.so:libupdateprof.qti.so:libthermalclient.qti.so:libQOC.qti.so:libdiag_system.qti.so:libqape.qti.so:liblistenjni.qti.so
10-14 20:03:28.402 13565 13565 W pool-16-thread-: type=1400 audit(0.0:1554636): avc: granted { execute } for path="/data/user/0/com.carxtech.sr/app_pccache/5/F2E554BB17904EFA7DEFDC3AC30671818E445BE4/pcam.jar" dev="dm-43" ino=459671 scontext=u:r:untrusted_app_29:s0:c117,c257,c512,c768 tcontext=u:object_r:app_data_file:s0:c117,c257,c512,c768 tclass=file app=com.carxtech.sr
10-14 20:03:28.523 13565 23539 W Parcel  : Expecting binder but got null!
10-14 20:03:28.866 13565 23990 D AppLovinSdk: [AppLovinSdk] 
10-14 20:03:28.866 13565 23990 D AppLovinSdk: ========================================
10-14 20:03:28.866 13565 23990 D AppLovinSdk: =====AppLovin SDK=====
10-14 20:03:28.866 13565 23990 D AppLovinSdk: ===SDK Versions===
10-14 20:03:28.866 13565 23990 D AppLovinSdk: Version: 11.3.3
10-14 20:03:28.866 13565 23990 D AppLovinSdk: Plugin Version: 
10-14 20:03:28.866 13565 23990 D AppLovinSdk: Ad Review Version: 
10-14 20:03:28.866 13565 23990 D AppLovinSdk: OM SDK Version: 1.3.30-Applovin
10-14 20:03:28.866 13565 23990 D AppLovinSdk: ===Device Info===
10-14 20:03:28.866 13565 23990 D AppLovinSdk: OS: 13 (TIRAMISU - API 33)
10-14 20:03:28.866 13565 23990 D AppLovinSdk: GAID: <Enable verbose logging to see the GAID to use for test devices - https://monetization-support.applovin.com/hc/en-us/articles/236114328-How-can-I-expose-verbose-logging-for-the-SDK>
10-14 20:03:28.866 13565 23990 D AppLovinSdk: Model: 2107113SG
10-14 20:03:28.866 13565 23990 D AppLovinSdk: Locale: en_US
10-14 20:03:28.866 13565 23990 D AppLovinSdk: Emulator: false
10-14 20:03:28.866 13565 23990 D AppLovinSdk: Tablet: false
10-14 20:03:28.866 13565 23990 D AppLovinSdk: ===App Info===
10-14 20:03:28.866 13565 23990 D AppLovinSdk: Application ID: com.carxtech.sr
10-14 20:03:28.866 13565 23990 D AppLovinSdk: Target SDK: 29
10-14 20:03:28.866 13565 23990 D AppLovinSdk: ExoPlayer Version: 2004002
10-14 20:03:28.866 13565 23990 D AppLovinSdk: ===SDK Settings===
10-14 20:03:28.866 13565 23990 D AppLovinSdk: SDK Key: HWM40rxcT085AC_Iz8SMLpq_zvp0el0IkyUIx3PdNAqz1ZFVg5eoszTKToQGf4FxfwTlE9Cw2PD0EHcBfyf80i
10-14 20:03:28.866 13565 23990 D AppLovinSdk: Mediation Provider: max
10-14 20:03:28.866 13565 23990 D AppLovinSdk: TG: 20
10-14 20:03:28.866 13565 23990 D AppLovinSdk: Test Mode On: false
10-14 20:03:28.866 13565 23990 D AppLovinSdk: Verbose Logging On: false
10-14 20:03:28.866 13565 23990 D AppLovinSdk: ===Privacy States===
10-14 20:03:28.866 13565 23990 D AppLovinSdk: Please review AppLovin MAX documentation to be compliant with regional privacy policies.
10-14 20:03:28.866 13565 23990 D AppLovinSdk: 
10-14 20:03:28.866 13565 23990 D AppLovinSdk: Age Restricted User - No value set
10-14 20:03:28.866 13565 23990 D AppLovinSdk: Has User Consent - No value set
10-14 20:03:28.866 13565 23990 D AppLovinSdk: "Do Not Sell" - No value set
10-14 20:03:28.866 13565 23990 D AppLovinSdk: ========================================
10-14 20:03:28.873 13565 13565 E BMT     : applovin.sdk.key
10-14 20:03:28.873 13565 13565 E BMT     : 
10-14 20:03:28.873 13565 13565 I MyMy    : get ads: 2
10-14 20:03:28.910 13565 13565 I THAds   : showAdsInternalLoop: loop=0
10-14 20:03:28.910 13565 13565 E THAds   : showAdsInternal: network select=admob, want type=reward (adstype=interstitial->interstitial) after: -1697283808910/1697285008910, hasShown=no
10-14 20:03:28.911 13565 13565 I THAds   : call show(interstitial) applovin
10-14 20:03:28.932 13565 24156 D TrafficStats: tagSocket(285) with statsTag=0xffffffff, statsUid=-1
10-14 20:03:28.938 13565 23984 D TrafficStats: tagSocket(282) with statsTag=0xffffffff, statsUid=-1
10-14 20:03:28.975 13565 23985 D TrafficStats: tagSocket(284) with statsTag=0xffffffff, statsUid=-1
10-14 20:03:28.976 13565 23986 D TrafficStats: tagSocket(283) with statsTag=0xffffffff, statsUid=-1
10-14 20:03:29.795 13565 23807 W Ads     : Not retrying to fetch app settings
10-14 20:03:29.807 13565 24230 W ConnectionStatusConfig: Dynamic lookup for intent failed for action: com.google.android.gms.ads.service.START
10-14 20:03:29.872 13565 23936 W Ads     : Not retrying to fetch app settings
10-14 20:03:29.976 13565 24141 D TrafficStats: tagSocket(114) with statsTag=0xffffffff, statsUid=-1
10-14 20:03:30.012 13565 13565 I com.carxtech.sr: System.exit called, status: 1
10-14 20:03:30.012 13565 13565 I AndroidRuntime: VM exiting with result code 1, cleanup skipped.
10-14 20:03:45.717 13566 13566 I libc    : SetHeapTaggingLevel: tag level set to 0
10-14 20:03:45.727 13566 13566 I com.carxtech.sr: Using CollectorTypeCC GC.
10-14 20:03:45.733 13566 13566 E com.carxtech.sr: Not starting debugger since process cannot load the jdwp agent.
10-14 20:03:45.746 13566 13566 I MessageMonitor: Load libmiui_runtime
10-14 20:03:45.778 13566 13566 D CompatibilityChangeReporter: Compat change id reported: 171979766; UID 10373; state: DISABLED
10-14 20:03:45.784 13566 13566 D ApplicationLoaders: Returning zygote-cached class loader: /system/framework/android.test.base.jar
10-14 20:03:45.786 13566 13566 D nativeloader: Configuring clns-4 for other apk /system/framework/org.apache.http.legacy.jar. target_sdk_version=29, uses_libraries=ALL, library_path=/data/app/~~RRiwFDP3zxjgn7lOl_1KGQ==/com.carxtech.sr-6K47NPbZBerGUa9MZojXVg==/lib/arm64:/data/app/~~RRiwFDP3zxjgn7lOl_1KGQ==/com.carxtech.sr-6K47NPbZBerGUa9MZojXVg==/base.apk!/lib/arm64-v8a, permitted_path=/data:/mnt/expand:/data/user/0/com.carxtech.sr
10-14 20:03:45.786 13566 13566 D nativeloader: Extending system_exposed_libraries: libbinauralrenderer_wrapper.qti.so:libhoaeffects.qti.so:libQOC.qti.so:libmisys_jni.xiaomi.so:libupdateprof.qti.so:libthermalclient.qti.so:libQOC.qti.so:libdiag_system.qti.so:libqape.qti.so:liblistenjni.qti.so
10-14 20:03:45.793 13566 13566 D nativeloader: Configuring clns-5 for other apk /data/app/~~RRiwFDP3zxjgn7lOl_1KGQ==/com.carxtech.sr-6K47NPbZBerGUa9MZojXVg==/base.apk. target_sdk_version=29, uses_libraries=, library_path=/data/app/~~RRiwFDP3zxjgn7lOl_1KGQ==/com.carxtech.sr-6K47NPbZBerGUa9MZojXVg==/lib/arm64:/data/app/~~RRiwFDP3zxjgn7lOl_1KGQ==/com.carxtech.sr-6K47NPbZBerGUa9MZojXVg==/base.apk!/lib/arm64-v8a, permitted_path=/data:/mnt/expand:/data/user/0/com.carxtech.sr
10-14 20:03:45.793 13566 13566 D nativeloader: Extending system_exposed_libraries: libbinauralrenderer_wrapper.qti.so:libhoaeffects.qti.so:libQOC.qti.so:libmisys_jni.xiaomi.so:libupdateprof.qti.so:libthermalclient.qti.so:libQOC.qti.so:libdiag_system.qti.so:libqape.qti.so:liblistenjni.qti.so
10-14 20:03:45.794 13566 24457 D AppScoutStateMachine: 13566-ScoutStateMachinecreated
10-14 20:03:45.800 13566 13566 I Perf    : Connecting to perf service.
10-14 20:03:45.809 13566 13566 V GraphicsEnvironment: ANGLE Developer option for 'com.carxtech.sr' set to: 'default'
10-14 20:03:45.810 13566 13566 V GraphicsEnvironment: ANGLE GameManagerService for com.carxtech.sr: false
10-14 20:03:45.810 13566 13566 V GraphicsEnvironment: Updatable production driver is not supported on the device.
10-14 20:03:45.812 13566 13566 I ForceDarkHelperStubImpl: initialize for com.carxtech.sr , ForceDarkOrigin
10-14 20:03:45.813 13566 13566 D com.carxtech.sr: JNI_OnLoad success
10-14 20:03:45.813 13566 13566 I MiuiForceDarkConfig: setConfig density:2.750000, mainRule:0, secondaryRule:0, tertiaryRule:0
10-14 20:03:45.814 13566 13566 D NetworkSecurityConfig: No Network Security Config specified, using platform default
10-14 20:03:45.814 13566 13566 D NetworkSecurityConfig: No Network Security Config specified, using platform default
10-14 20:03:45.815 13566 13566 E BA      : VERSION: Sep 27 2022 - 10:18:02
10-14 20:03:46.463 13566 13566 I System.out: PmsHook success.
10-14 20:03:46.466 13566 13566 D CompatibilityChangeReporter: Compat change id reported: 183155436; UID 10373; state: DISABLED
10-14 20:03:46.466 13566 13566 I FirebaseApp: Device unlocked: initializing all Firebase APIs for app [DEFAULT]
10-14 20:03:46.467 13566 13566 I FirebaseCrashlytics: Initializing Firebase Crashlytics 18.2.13 for com.carxtech.sr
10-14 20:03:46.468 13566 24545 D nativeloader: Configuring clns-6 for other apk /system/framework/com.android.media.remotedisplay.jar. target_sdk_version=34, uses_libraries=ALL, library_path=/data/app/~~cxRfhyAabg9y-AnhDZ-ErA==/com.google.android.gms-lhiAhk2qOpjiURK7nUtE-w==/lib/arm64:/data/app/~~cxRfhyAabg9y-AnhDZ-ErA==/com.google.android.gms-lhiAhk2qOpjiURK7nUtE-w==/base.apk!/lib/arm64-v8a, permitted_path=/data:/mnt/expand:/data/user/0/com.google.android.gms
10-14 20:03:46.468 13566 24545 D nativeloader: Extending system_exposed_libraries: libbinauralrenderer_wrapper.qti.so:libhoaeffects.qti.so:libQOC.qti.so:libmisys_jni.xiaomi.so:libupdateprof.qti.so:libthermalclient.qti.so:libQOC.qti.so:libdiag_system.qti.so:libqape.qti.so:liblistenjni.qti.so
10-14 20:03:46.471 13566 24545 D nativeloader: Configuring clns-7 for other apk /system/framework/com.android.location.provider.jar. target_sdk_version=34, uses_libraries=ALL, library_path=/data/app/~~cxRfhyAabg9y-AnhDZ-ErA==/com.google.android.gms-lhiAhk2qOpjiURK7nUtE-w==/lib/arm64:/data/app/~~cxRfhyAabg9y-AnhDZ-ErA==/com.google.android.gms-lhiAhk2qOpjiURK7nUtE-w==/base.apk!/lib/arm64-v8a, permitted_path=/data:/mnt/expand:/data/user/0/com.google.android.gms
10-14 20:03:46.471 13566 24545 D nativeloader: Extending system_exposed_libraries: libbinauralrenderer_wrapper.qti.so:libhoaeffects.qti.so:libQOC.qti.so:libmisys_jni.xiaomi.so:libupdateprof.qti.so:libthermalclient.qti.so:libQOC.qti.so:libdiag_system.qti.so:libqape.qti.so:liblistenjni.qti.so
10-14 20:03:46.475 13566 24545 D nativeloader: Configuring clns-8 for other apk /data/app/~~cxRfhyAabg9y-AnhDZ-ErA==/com.google.android.gms-lhiAhk2qOpjiURK7nUtE-w==/base.apk. target_sdk_version=34, uses_libraries=, library_path=/data/app/~~cxRfhyAabg9y-AnhDZ-ErA==/com.google.android.gms-lhiAhk2qOpjiURK7nUtE-w==/lib/arm64:/data/app/~~cxRfhyAabg9y-AnhDZ-ErA==/com.google.android.gms-lhiAhk2qOpjiURK7nUtE-w==/base.apk!/lib/arm64-v8a, permitted_path=/data:/mnt/expand:/data/user/0/com.google.android.gms
10-14 20:03:46.486 13566 13566 I FirebaseInitProvider: FirebaseApp initialization successful
10-14 20:03:46.493 13566 13566 D CompatibilityChangeReporter: Compat change id reported: 147600208; UID 10373; state: ENABLED
10-14 20:03:46.496 13566 13566 D WM-WrkMgrInitializer: Initializing WorkManager with default configuration.
10-14 20:03:46.502 13566 13566 D MiuiMultiWindowAdapter: MiuiMultiWindowAdapter::getFreeformVideoWhiteListInSystem::LIST_ABOUT_SUPPORT_LANDSCAPE_VIDEO = [com.hunantv.imgo.activity, com.tencent.qqlive, com.qiyi.video, com.hunantv.imgo.activity.inter, com.tencent.qqlivei18n, com.iqiyi.i18n, tv.danmaku.bili]
10-14 20:03:46.503 13566 24549 I DynamiteModule: Considering local module com.google.android.gms.measurement.dynamite:83 and remote module com.google.android.gms.measurement.dynamite:93
10-14 20:03:46.503 13566 24549 I DynamiteModule: Selected remote version of com.google.android.gms.measurement.dynamite, version >= 93
10-14 20:03:46.503 13566 24549 V DynamiteModule: Dynamite loader version >= 2, using loadModule2NoCrashUtils
10-14 20:03:46.506 13566 24564 D CompatibilityChangeReporter: Compat change id reported: 160794467; UID 10373; state: DISABLED
10-14 20:03:46.509 13566 13566 W libc    : Access denied finding property "ro.vendor.df.effect.conflict"
10-14 20:03:46.512 13566 24549 W System  : ClassLoader referenced unknown path: 
10-14 20:03:46.512 13566 24549 D nativeloader: Configuring clns-9 for other apk . target_sdk_version=34, uses_libraries=, library_path=/data/app/~~cxRfhyAabg9y-AnhDZ-ErA==/com.google.android.gms-lhiAhk2qOpjiURK7nUtE-w==/lib/arm64:/data/app/~~cxRfhyAabg9y-AnhDZ-ErA==/com.google.android.gms-lhiAhk2qOpjiURK7nUtE-w==/base.apk!/lib/arm64-v8a, permitted_path=/data:/mnt/expand:/data/user/0/com.google.android.gms
10-14 20:03:46.513 13566 24545 I DynamiteModule: Considering local module com.google.android.gms.ads.dynamite:0 and remote module com.google.android.gms.ads.dynamite:233012802
10-14 20:03:46.513 13566 24545 I DynamiteModule: Selected remote version of com.google.android.gms.ads.dynamite, version >= 233012802
10-14 20:03:46.513 13566 24545 V DynamiteModule: Dynamite loader version >= 2, using loadModule2NoCrashUtils
10-14 20:03:46.517 13566 13566 D IS_CTS_MODE: false
10-14 20:03:46.517 13566 13566 D MULTI_WINDOW_ENABLED: false
10-14 20:03:46.518 13566 13566 D DecorView[]: getWindowModeFromSystem  windowmode is 1
10-14 20:03:46.559 13566 13566 I IL2CPP  : JNI_OnLoad
10-14 20:03:46.569 13566 24570 I FA      : App measurement initialized, version: 80083
10-14 20:03:46.569 13566 24570 I FA      : To enable debug logging run: adb shell setprop log.tag.FA VERBOSE
10-14 20:03:46.575 13566 24570 I FA      : To enable faster debug mode event logging run:
10-14 20:03:46.575 13566 24570 I FA      :   adb shell setprop debug.firebase.analytics.app com.carxtech.sr
10-14 20:03:46.577 13566 13566 D DecorView[]: getWindowModeFromSystem  windowmode is 1
10-14 20:03:46.577 13566 13566 D DecorView[]: updateDecorCaptionStatus windowMode is 1
10-14 20:03:46.583 13566 13566 W Looper  : PerfMonitor looperActivity : package=com.carxtech.sr/com.unity3d.player.CarXStreetPlayerActivity time=83ms latency=736ms running=48ms  procState=-1  historyMsgCount=2 (msgIndex=2 wall=722ms seq=2 running=515ms runnable=4ms late=16ms h=android.app.ActivityThread$H w=110)
10-14 20:03:46.583 13566 13566 W Looper  : PerfMonitor looperActivity : package=com.carxtech.sr/com.unity3d.player.CarXStreetPlayerActivity time=0ms latency=815ms running=0ms  procState=-1  historyMsgCount=3 (msgIndex=2 wall=722ms seq=2 running=515ms runnable=4ms late=16ms h=android.app.ActivityThread$H w=110) (msgIndex=3 wall=83ms seq=3 running=48ms runnable=1ms io=9ms late=736ms h=android.app.ActivityThread$H w=159)
10-14 20:03:46.597 13566 24570 I FA      : Tag Manager is not found and thus will not be used
10-14 20:03:46.604 13566 13566 D MiuiMultiWindowAdapter: MiuiMultiWindowAdapter::getFreeformVideoWhiteListInSystem::LIST_ABOUT_SUPPORT_LANDSCAPE_VIDEO = [com.hunantv.imgo.activity, com.tencent.qqlive, com.qiyi.video, com.hunantv.imgo.activity.inter, com.tencent.qqlivei18n, com.iqiyi.i18n, tv.danmaku.bili]
10-14 20:03:46.609 13566 13566 D SurfaceView: UPDATE null, mIsCastMode = false
10-14 20:03:46.611 13566 13566 E SurfaceSyncer: Failed to find sync for id=0
10-14 20:03:46.626 13566 13566 D SurfaceView: UPDATE Surface(name=SurfaceView[com.carxtech.sr/com.unity3d.player.CarXStreetPlayerActivity])/@0x83b7b47, mIsProjectionMode = false
10-14 20:03:46.626 13566 13566 D SurfaceControl: nativeSetScreenProjection ===> setScreenProjection
10-14 20:03:46.627 13566 13566 D SurfaceControl: nativeSetScreenProjection ===> setScreenProjection
10-14 20:03:46.627 13566 13566 D SurfaceControl: nativeSetScreenProjection ===> setScreenProjection
10-14 20:03:46.627 13566 13566 E THAds   : Not init
10-14 20:03:46.633 13566 13566 E SurfaceSyncer: Failed to find sync for id=0
10-14 20:03:46.641 13566 13566 D DecorView[]: onWindowFocusChanged hasWindowFocus true
10-14 20:03:46.641 13566 13566 I HandWritingStubImpl: refreshLastKeyboardType: 1
10-14 20:03:46.641 13566 13566 I HandWritingStubImpl: getCurrentKeyboardType: 1
10-14 20:03:46.664 13566 13566 I HandWritingStubImpl: getCurrentKeyboardType: 1
10-14 20:03:46.676 13566 24572 I Unity   : MemoryManager: Using 'Dynamic Heap' Allocator.
10-14 20:03:46.709 13566 24572 I PlayCore: UID: [10373]  PID: [13566] AssetPackServiceListenerRegistry : registerListener
10-14 20:03:46.713 13566 24572 I PlayCore: UID: [10373]  PID: [13566] AssetPackServiceImpl : getPackStates([UnityDataAssetPack])
10-14 20:03:46.713 13566 24595 I PlayCore: UID: [10373]  PID: [13566] AssetPackServiceImpl : syncPacks
10-14 20:03:46.714 13566 24597 I PlayCore: UID: [10373]  PID: [13566] AssetPackServiceImpl : Initiate binding to the service.
10-14 20:03:46.714 13566 24572 I PlayCore: UID: [10373]  PID: [13566] AssetPackServiceImpl : getPackStates([UnityStreamingAssetsPack])
10-14 20:03:46.719 13566 24597 I PlayCore: UID: [10373]  PID: [13566] AssetPackServiceImpl : Waiting to bind to the service.
10-14 20:03:46.719 13566 24597 I PlayCore: UID: [10373]  PID: [13566] AssetPackServiceImpl : Waiting to bind to the service.
10-14 20:03:46.721 13566 24572 I Unity   : SystemInfo CPU = ARM64 FP ASIMD AES, Cores = 8, Memory = 11198mb
10-14 20:03:46.721 13566 24572 I Unity   : SystemInfo ARM big.LITTLE configuration: 4 big (mask: 0xf0), 4 little (mask: 0xf)
10-14 20:03:46.722 13566 24572 I Unity   : ApplicationInfo com.carxtech.sr version 0.8.1
10-14 20:03:46.722 13566 24572 I Unity   : Built from '2021.3/staging' branch, Version '2021.3.14f1 (eee1884e7226)', Build type 'Release', Scripting Backend 'il2cpp', CPU 'arm64-v8a', Stripping 'Enabled'
10-14 20:03:46.727 13566 13566 I PlayCore: UID: [10373]  PID: [13566] AssetPackServiceImpl : ServiceConnectionImpl.onServiceConnected(ComponentInfo{com.android.vending/com.google.android.finsky.assetmoduleservice.AssetModuleService})
10-14 20:03:46.727 13566 24597 I PlayCore: UID: [10373]  PID: [13566] AssetPackServiceImpl : linkToDeath
10-14 20:03:46.733 13566 13566 D DecorView[]: getWindowModeFromSystem  windowmode is 1
10-14 20:03:46.733 13566 13566 D DecorView[]: updateDecorCaptionStatus windowMode is 1
10-14 20:03:46.753 13566 24456 I PlayCore: UID: [10373]  PID: [13566] AssetPackServiceImpl : Leaving the connection open for other ongoing calls.
10-14 20:03:46.753 13566 24456 E PlayCore: UID: [10373]  PID: [13566] AssetPackServiceImpl : onError(-2)
10-14 20:03:46.753 13566 24577 I PlayCore: UID: [10373]  PID: [13566] AssetPackServiceImpl : Leaving the connection open for other ongoing calls.
10-14 20:03:46.753 13566 24577 I PlayCore: UID: [10373]  PID: [13566] AssetPackServiceImpl : onGetSessionStates
10-14 20:03:46.758 13566 24456 E PlayCore: UID: [10373]  PID: [13566] AssetPackServiceImpl : onError(-2)
10-14 20:03:46.758 13566 24597 I PlayCore: UID: [10373]  PID: [13566] AssetPackServiceImpl : Unbind from service.
10-14 20:03:47.011 13566 13566 W ziparchive: Unable to open '/data/app/~~Pu-MXCLc6-zSIK9vOmFNJg==/com.google.android.trichromelibrary_593815533-yK1tRQJi-aWajTw24tw7oQ==/base.dm': No such file or directory
10-14 20:03:47.011 13566 13566 W ziparchive: Unable to open '/data/app/~~Pu-MXCLc6-zSIK9vOmFNJg==/com.google.android.trichromelibrary_593815533-yK1tRQJi-aWajTw24tw7oQ==/base.dm': No such file or directory
10-14 20:03:47.011 13566 13566 W com.carxtech.sr: Entry not found
10-14 20:03:47.011 13566 13566 D nativeloader: Configuring clns-10 for other apk /data/app/~~Pu-MXCLc6-zSIK9vOmFNJg==/com.google.android.trichromelibrary_593815533-yK1tRQJi-aWajTw24tw7oQ==/base.apk. target_sdk_version=34, uses_libraries=ALL, library_path=/data/app/~~Rx8-BgLOUCK0VKc9t-0WlQ==/com.google.android.webview-toJAfzpxyN_U3G4JqWzSpA==/lib/arm64:/data/app/~~Rx8-BgLOUCK0VKc9t-0WlQ==/com.google.android.webview-toJAfzpxyN_U3G4JqWzSpA==/base.apk!/lib/arm64-v8a:/data/app/~~Pu-MXCLc6-zSIK9vOmFNJg==/com.google.android.trichromelibrary_593815533-yK1tRQJi-aWajTw24tw7oQ==/base.apk!/lib/arm64-v8a, permitted_path=/data:/mnt/expand
10-14 20:03:47.011 13566 13566 D nativeloader: Extending system_exposed_libraries: libbinauralrenderer_wrapper.qti.so:libhoaeffects.qti.so:libQOC.qti.so:libmisys_jni.xiaomi.so:libupdateprof.qti.so:libthermalclient.qti.so:libQOC.qti.so:libdiag_system.qti.so:libqape.qti.so:liblistenjni.qti.so
10-14 20:03:47.014 13566 13566 D nativeloader: Configuring clns-11 for other apk /data/app/~~Rx8-BgLOUCK0VKc9t-0WlQ==/com.google.android.webview-toJAfzpxyN_U3G4JqWzSpA==/base.apk. target_sdk_version=34, uses_libraries=, library_path=/data/app/~~Rx8-BgLOUCK0VKc9t-0WlQ==/com.google.android.webview-toJAfzpxyN_U3G4JqWzSpA==/lib/arm64:/data/app/~~Rx8-BgLOUCK0VKc9t-0WlQ==/com.google.android.webview-toJAfzpxyN_U3G4JqWzSpA==/base.apk!/lib/arm64-v8a:/data/app/~~Pu-MXCLc6-zSIK9vOmFNJg==/com.google.android.trichromelibrary_593815533-yK1tRQJi-aWajTw24tw7oQ==/base.apk!/lib/arm64-v8a, permitted_path=/data:/mnt/expand
10-14 20:03:47.016 13566 13566 I WebViewFactory: Loading com.google.android.webview version 117.0.5938.155 (code 593815533)
10-14 20:03:47.026 13566 13566 I cr_WVCFactoryProvider: Loaded version=117.0.5938.155 minSdkVersion=29 isBundle=true multiprocess=true packageId=2
10-14 20:03:47.034 13566 13566 I cr_LibraryLoader: Successfully loaded native library
10-14 20:03:47.034 13566 13566 I cr_CachingUmaRecorder: Flushed 7 samples from 7 histograms, 0 samples were dropped.
10-14 20:03:47.053 13566 24572 I Havok   : Found 8 Cpu Cores (sysconf says 8)
10-14 20:03:47.054 13566 24572 I Unity   : Company Name: CarX Technologies
10-14 20:03:47.054 13566 24572 I Unity   : Product Name: CarX Street
10-14 20:03:47.123 13566 24572 D vulkan  : searching for layers in '/data/app/~~RRiwFDP3zxjgn7lOl_1KGQ==/com.carxtech.sr-6K47NPbZBerGUa9MZojXVg==/lib/arm64'
10-14 20:03:47.123 13566 24572 D vulkan  : searching for layers in '/data/app/~~RRiwFDP3zxjgn7lOl_1KGQ==/com.carxtech.sr-6K47NPbZBerGUa9MZojXVg==/base.apk!/lib/arm64-v8a'
10-14 20:03:47.133 13566 24572 I Adreno-AppProfiles: Found adreno profile
10-14 20:03:47.135 13566 24572 I Adreno-AppProfiles: User overridden configuration ro.vendor.qcom.adreno.qgl.MaxSamples : 4
10-14 20:03:47.135 13566 24572 I Adreno-AppProfiles: User overridden configuration ro.vendor.qcom.adreno.qgl.TextureFilteringQuality : Default
10-14 20:03:47.135 13566 24572 I Adreno-AppProfiles: User overridden configuration ro.vendor.qcom.adreno.qgl.FPSCap : 120
10-14 20:03:47.135 13566 24572 I Adreno-AppProfiles: User overridden configuration ro.vendor.qcom.adreno.qgl.MaxTextureAnisotropy : 16.0
10-14 20:03:47.136 13566 24572 I AdrenoVK-0: ===== BEGIN DUMP OF OVERRIDDEN SETTINGS =====
10-14 20:03:47.136 13566 24572 I AdrenoVK-0: ===== END DUMP OF OVERRIDDEN SETTINGS =====
10-14 20:03:47.136 13566 24572 I AdrenoVK-0: QUALCOMM build          : 8382da08aa, I139f36ad46
10-14 20:03:47.136 13566 24572 I AdrenoVK-0: Build Date              : 02/18/22
10-14 20:03:47.136 13566 24572 I AdrenoVK-0: Shader Compiler Version : EV031.35.01.11
10-14 20:03:47.136 13566 24572 I AdrenoVK-0: Local Branch            : 
10-14 20:03:47.136 13566 24572 I AdrenoVK-0: Remote Branch           : 
10-14 20:03:47.136 13566 24572 I AdrenoVK-0: Remote Branch           : 
10-14 20:03:47.136 13566 24572 I AdrenoVK-0: Reconstruct Branch      : 
10-14 20:03:47.136 13566 24572 I AdrenoVK-0: Build Config            : S P 10.0.7 AArch64
10-14 20:03:47.136 13566 24572 I AdrenoVK-0: Driver Path             : /vendor/lib64/hw/vulkan.adreno.so
10-14 20:03:47.139 13566 13566 D CompatibilityChangeReporter: Compat change id reported: 214741472; UID 10373; state: DISABLED
10-14 20:03:47.141 13566 13566 D CompatibilityChangeReporter: Compat change id reported: 171228096; UID 10373; state: ENABLED
10-14 20:03:47.147 13566 24572 I AdrenoVK-0: QUALCOMM build          : 8382da08aa, I139f36ad46
10-14 20:03:47.147 13566 24572 I AdrenoVK-0: Build Date              : 02/18/22
10-14 20:03:47.147 13566 24572 I AdrenoVK-0: Shader Compiler Version : EV031.35.01.11
10-14 20:03:47.147 13566 24572 I AdrenoVK-0: Local Branch            : 
10-14 20:03:47.147 13566 24572 I AdrenoVK-0: Remote Branch           : 
10-14 20:03:47.147 13566 24572 I AdrenoVK-0: Remote Branch           : 
10-14 20:03:47.147 13566 24572 I AdrenoVK-0: Reconstruct Branch      : 
10-14 20:03:47.147 13566 24572 I AdrenoVK-0: Build Config            : S P 10.0.7 AArch64
10-14 20:03:47.147 13566 24572 I AdrenoVK-0: Driver Path             : /vendor/lib64/hw/vulkan.adreno.so
10-14 20:03:47.164 13566 24703 W cr_media: BLUETOOTH_CONNECT permission is missing.
10-14 20:03:47.165 13566 24703 W cr_media: registerBluetoothIntentsIfNeeded: Requires BLUETOOTH permission
10-14 20:03:47.166 13566 24722 I AdrenoGLES-0: QUALCOMM build                   : 8382da08aa, I139f36ad46
