10-14 20:03:53.372 13566 25324 I AudioTrack: AudioTrack::setVolume L:1.000000 R:1.000000 and the pakage is com.carxtech.sr
10-14 20:03:53.372 13566 25324 I AudioTrack: AudioTrack::setVolume L:1.000000 R:1.000000
10-14 20:03:53.372 13566 25324 D AudioStreamTrack: open() flags changed from 0x00000104 to 0x00000004
10-14 20:03:53.372 13566 25324 D AAudioStream: setState(s#6) from 0 to 2
10-14 20:03:53.374 13566 25324 I AAudio  : AAudioStreamBuilder_openStream() returns 0 = AAUDIO_OK for s#6 ----------------
10-14 20:03:53.376 13566 25324 D AAudio  : AAudioStream_requestStart(s#6) called --------------
10-14 20:03:53.376 13566 25324 D AAudioStream: setState(s#6) from 2 to 3
10-14 20:03:53.376 13566 25324 D AudioTrack: start(20542): prior state:STATE_STOPPED
10-14 20:03:53.391 13566 25324 D AAudio  : AAudioStream_requestStart(s#6) returned 0 ---------
10-14 20:03:53.392 13566 13566 D MediaRouter: onRestoreRoute() : route=RouteInfo{ name=Phone, description=null, status=null, category=RouteCategory{ name=System types=ROUTE_TYPE_LIVE_AUDIO ROUTE_TYPE_LIVE_VIDEO  groupable=false }, supportedTypes=ROUTE_TYPE_LIVE_AUDIO ROUTE_TYPE_LIVE_VIDEO , presentationDisplay=null }
10-14 20:03:53.392 13566 13566 V MediaRouter: Selecting route: RouteInfo{ name=Phone, description=null, status=null, category=RouteCategory{ name=System types=ROUTE_TYPE_LIVE_AUDIO ROUTE_TYPE_LIVE_VIDEO  groupable=false }, supportedTypes=ROUTE_TYPE_LIVE_AUDIO ROUTE_TYPE_LIVE_VIDEO , presentationDisplay=null }
10-14 20:03:53.394 13566 24971 D AudioStreamLegacy: onAudioDeviceUpdate(deviceId = 3)
10-14 20:03:53.395 13566 25345 D AAudioStream: setState(s#6) from 3 to 4
10-14 20:03:53.559 13566 24666 D MediaCodecList: codecHandlesFormat: no format, so no extra checks
10-14 20:03:53.559 13566 24666 D MediaCodecList: codecHandlesFormat: no format, so no extra checks
10-14 20:03:53.560 13566 24666 D MediaCodecList: codecHandlesFormat: no format, so no extra checks
10-14 20:03:53.583 13566 24666 I MediaCodec: init video box disabled for codec not supported
10-14 20:03:53.584 13566 25362 D CCodec  : allocate(c2.qti.avc.decoder)
10-14 20:03:53.588 13566 25362 I Codec2Client: Available Codec2 services: "default" "dolby" "ozoaudio" "software"
10-14 20:03:53.608 13566 24441 I com.carxtech.sr: Wrote stack traces to tombstoned
10-14 20:03:53.609 13566 25362 I CCodec  : setting up 'default' as default (vendor) store
10-14 20:03:53.652 13566 25362 I CCodec  : Created component [c2.qti.avc.decoder]
10-14 20:03:53.653 13566 25362 D CCodecConfig: read media type: video/avc
10-14 20:03:53.653 13566 25362 D ReflectedParamUpdater: ignored struct field vendor.qti-ext-dec-panscan.window
10-14 20:03:53.657 13566 25362 D ReflectedParamUpdater: extent() != 1 for single value type: output.buffers.pool-ids.values
10-14 20:03:53.658 13566 25362 D ReflectedParamUpdater: extent() != 1 for single value type: vendor.qti-ext-dec-info-misr.misr_info_top_field.misr_dpb_luma
10-14 20:03:53.658 13566 25362 D ReflectedParamUpdater: extent() != 1 for single value type: vendor.qti-ext-dec-info-misr.misr_info_top_field.misr_dpb_chroma
10-14 20:03:53.658 13566 25362 D ReflectedParamUpdater: extent() != 1 for single value type: vendor.qti-ext-dec-info-misr.misr_info_top_field.misr_opb_luma
10-14 20:03:53.658 13566 25362 D ReflectedParamUpdater: extent() != 1 for single value type: vendor.qti-ext-dec-info-misr.misr_info_top_field.misr_opb_chroma
10-14 20:03:53.658 13566 25362 D ReflectedParamUpdater: extent() != 1 for single value type: vendor.qti-ext-dec-info-misr.misr_info_bottom_field.misr_dpb_luma
10-14 20:03:53.658 13566 25362 D ReflectedParamUpdater: extent() != 1 for single value type: vendor.qti-ext-dec-info-misr.misr_info_bottom_field.misr_dpb_chroma
10-14 20:03:53.658 13566 25362 D ReflectedParamUpdater: extent() != 1 for single value type: vendor.qti-ext-dec-info-misr.misr_info_bottom_field.misr_opb_luma
10-14 20:03:53.659 13566 25362 D ReflectedParamUpdater: extent() != 1 for single value type: vendor.qti-ext-dec-info-misr.misr_info_bottom_field.misr_opb_chroma
10-14 20:03:53.660 13566 25362 D CCodecConfig: ignoring local param raw.size (0xd2001800) as it is already supported
10-14 20:03:53.660 13566 25362 D CCodecConfig: ignoring local param default.color (0x5200180b) as it is already supported
10-14 20:03:53.660 13566 25362 D CCodecConfig: ignoring local param raw.hdr-static-info (0xd200180a) as it is already supported
10-14 20:03:53.664 13566 25362 I CCodecConfig: query failed after returning 17 values (BAD_INDEX)
10-14 20:03:53.665 13566 25362 D CCodecConfig: c2 config diff is Dict {
10-14 20:03:53.665 13566 25362 D CCodecConfig:   c2::i32 algo.priority.value = 0
10-14 20:03:53.665 13566 25362 D CCodecConfig:   c2::float algo.rate.value = 30
10-14 20:03:53.665 13566 25362 D CCodecConfig:   c2::u32 algo.secure-mode.value = 0
10-14 20:03:53.665 13566 25362 D CCodecConfig:   c2::float coded.frame-rate.value = 30
10-14 20:03:53.665 13566 25362 D CCodecConfig:   c2::u32 coded.pl.level = 0
10-14 20:03:53.665 13566 25362 D CCodecConfig:   c2::u32 coded.pl.profile = 20484
10-14 20:03:53.665 13566 25362 D CCodecConfig:   c2::u32 coded.vui.color.matrix = 255
10-14 20:03:53.665 13566 25362 D CCodecConfig:   c2::u32 coded.vui.color.primaries = 0
10-14 20:03:53.665 13566 25362 D CCodecConfig:   c2::u32 coded.vui.color.range = 0
10-14 20:03:53.665 13566 25362 D CCodecConfig:   c2::u32 coded.vui.color.transfer = 255
10-14 20:03:53.665 13566 25362 D CCodecConfig:   c2::u32 default.color.matrix = 0
10-14 20:03:53.665 13566 25362 D CCodecConfig:   c2::u32 default.color.primaries = 0
10-14 20:03:53.665 13566 25362 D CCodecConfig:   c2::u32 default.color.range = 0
10-14 20:03:53.665 13566 25362 D CCodecConfig:   c2::u32 default.color.transfer = 0
10-14 20:03:53.665 13566 25362 D CCodecConfig:   c2::u32 input.buffers.max-size.value = 7077888
10-14 20:03:53.665 13566 25362 D CCodecConfig:   c2::u32 input.delay.value = 0
10-14 20:03:53.665 13566 25362 D CCodecConfig:   string input.media-type.value = "video/avc"
10-14 20:03:53.665 13566 25362 D CCodecConfig:   c2::u32 output.delay.value = 9
10-14 20:03:53.665 13566 25362 D CCodecConfig:   string output.media-type.value = "video/raw"
10-14 20:03:53.665 13566 25362 D CCodecConfig:   c2::u32 raw.color.matrix = 255
10-14 20:03:53.665 13566 25362 D CCodecConfig:   c2::u32 raw.color.primaries = 0
10-14 20:03:53.665 13566 25362 D CCodecConfig:   c2::u32 raw.color.range = 0
10-14 20:03:53.665 13566 25362 D CCodecConfig:   c2::u32 raw.color.transfer = 255
10-14 20:03:53.665 13566 25362 D CCodecConfig:   c2::float raw.hdr-static-info.mastering.blue.x = 0
10-14 20:03:53.665 13566 25362 D CCodecConfig:   c2::float raw.hdr-static-info.mastering.blue.y = 0
10-14 20:03:53.665 13566 25362 D CCodecConfig:   c2::float raw.hdr-static-info.mastering.gre
10-14 20:03:53.666 13566 25362 W ColorUtils: expected specified color aspects (0:0:255:255)
10-14 20:03:53.673 13566 24666 D VideoInfo: com.carxtech.sr create c2.qti.avc.decoder in MediaCodec
10-14 20:03:53.674 13566 24666 I MediaCodec: fps video to display enabled
10-14 20:03:53.674 13566 24666 I MiMediaCodecStub: MiMediaCodecStub::MiMediaCodecStub
10-14 20:03:53.677 13566 24666 I MediaCodec: The Fps from player is 60.000000  frameRateFloat 60.000000 frameRateInt 60
10-14 20:03:53.677 13566 24666 I MediaCodec: MediaStub sendFrameRate
10-14 20:03:53.701 13566 24666 V MediaStub: MediaStub::GetImplInstance for debug create,0x742e1eb6b8
10-14 20:03:53.701 13566 24666 D MediaImpl: MediaImpl::sendFrameRate: 60
10-14 20:03:53.702 13566 24666 I MediaCodec: MediaStub sendMine
10-14 20:03:53.702 13566 24666 D MediaImpl: MediaImpl::sendMine: video/avc
10-14 20:03:53.702 13566 24666 D MediaStub: MediaStub::sendMine video/avc
10-14 20:03:53.702 13566 24666 D MediaCodec: currery video type video/avc
10-14 20:03:53.702 13566 24666 I MediaCodec: MediaStub sendDolbyVision
10-14 20:03:53.702 13566 24666 I MediaCodec: MediaStub sendPackageName
10-14 20:03:53.702 13566 24666 D MediaImpl: MediaImpl::sendPackageName: com.carxtech.sr
10-14 20:03:53.702 13566 24666 D MediaStub: MediaStub::sendPackageName com.carxtech.sr
10-14 20:03:53.702 13566 24666 I MediaCodec: MediaStub sendWidth/sendHeight
10-14 20:03:53.702 13566 24666 I MediaCodec: configure : init video box disabled
10-14 20:03:53.702 13566 25361 D MediaCodec: flushMediametrics
10-14 20:03:53.703 13566 25362 D CCodec  : [c2.qti.avc.decoder] buffers are bound to CCodec for this session
10-14 20:03:53.703 13566 25362 D CCodec  : Client requested ByteBuffer mode decoder w/o color format set: using default semi-planar color format
10-14 20:03:53.703 13566 25362 D CCodecConfig: no c2 equivalents for durationUs
10-14 20:03:53.703 13566 25362 D CCodecConfig: no c2 equivalents for frame-count
10-14 20:03:53.703 13566 25362 D CCodecConfig: no c2 equivalents for track-id
10-14 20:03:53.703 13566 25362 D CCodecConfig: no c2 equivalents for language
10-14 20:03:53.703 13566 25362 D CCodecConfig: no c2 equivalents for display-width
10-14 20:03:53.703 13566 25362 D CCodecConfig: no c2 equivalents for display-height
10-14 20:03:53.703 13566 25362 D CCodecConfig: no c2 equivalents for csd-1
10-14 20:03:53.703 13566 25362 D CCodecConfig: no c2 equivalents for file-format
10-14 20:03:53.703 13566 25362 D CCodecConfig: no c2 equivalents for flags
10-14 20:03:53.705 13566 25362 D CCodecConfig: c2 config diff is   c2::float coded.frame-rate.value = 60
10-14 20:03:53.705 13566 25362 D CCodecConfig:   c2::u32 coded.pl.level = 20495
10-14 20:03:53.705 13566 25362 D CCodecConfig:   c2::u32 raw.pixel-format.value = 35
10-14 20:03:53.705 13566 25362 D CCodecConfig:   c2::u32 raw.size.height = 1080
10-14 20:03:53.705 13566 25362 D CCodecConfig:   c2::u32 raw.size.width = 2560
10-14 20:03:53.705 13566 25362 W ColorUtils: expected specified color aspects (0:0:255:255)
10-14 20:03:53.705 13566 25362 W Codec2Client: query -- param skipped: index = 1107298332.
10-14 20:03:53.705 13566 25362 D CCodec  : client requested max input size 2073601, which is smaller than what component recommended (7077888); overriding with component recommendation.
10-14 20:03:53.706 13566 25362 W CCodec  : This behavior is subject to change. It is recommended that app developers double check whether the requested max input size is in reasonable range.
10-14 20:03:53.706 13566 25362 D CCodec  : encoding statistics level = 0
10-14 20:03:53.706 13566 25362 D CCodec  : setup formats input: AMessage(what = 0x00000000) = {
10-14 20:03:53.706 13566 25362 D CCodec  :   int32_t feature-secure-playback = 0
10-14 20:03:53.706 13566 25362 D CCodec  :   int32_t frame-rate = 60
10-14 20:03:53.706 13566 25362 D CCodec  :   int32_t height = 1080
10-14 20:03:53.706 13566 25362 D CCodec  :   int32_t max-input-size = 7077888
10-14 20:03:53.706 13566 25362 D CCodec  :   string mime = "video/avc"
10-14 20:03:53.706 13566 25362 D CCodec  :   int32_t priority = 0
10-14 20:03:53.706 13566 25362 D CCodec  :   int32_t profile = 8
10-14 20:03:53.706 13566 25362 D CCodec  :   int32_t width = 2560
10-14 20:03:53.706 13566 25362 D CCodec  :   Rect crop(0, 0, 2559, 1079)
10-14 20:03:53.706 13566 25362 D CCodec  :   int32_t level = 32768
10-14 20:03:53.706 13566 25362 D CCodec  : }
10-14 20:03:53.706 13566 25362 D CCodec  : setup formats output: AMessage(what = 0x00000000) = {
10-14 20:03:53.706 13566 25362 D CCodec  :   int32_t android._color-format = 2135033992
10-14 20:03:53.706 13566 25362 D CCodec  :   int32_t android._video-scaling = 1
10-14 20:03:53.706 13566 25362 D CCodec  :   int32_t android._dataspace = 12648448
10-14 20:03:53.706 13566 25362 D CCodec  :   int32_t color-standard = 130816
10-14 20:03:53.706 13566 25362 D CCodec  :   int32_t color-range = 0
10-14 20:03:53.706 13566 25362 D CCodec  :   int32_t color-transfer = 65791
10-14 20:03:53.706 13566 25362 D CCodec  :   int32_t sar-height = 1
10-14 20:03:53.706 13566 25362 D CCodec  :   int32_t rotation-degrees = 0
10-14 20:03:53.706 13566 25362 D CCodec  :   Buffer hdr-static-info = {
10-14 20:03:53.706 13566 25362 D CCodec  :     00000000:  00 00 00 00 00 00 00 00  00 00 00 00 00 00 00 00  ................
10-14 20:03:53.706 13566 25362 D CCodec  :     00000010:  00 00 00 00 00 00 00 00  00                       .........
10-14 20:03:53.706 13566 25362 D CCodec  :   }
10-14 20:03:53.706 13566 25362 D CCodec  :   int32_t sar-width = 1
10-14 20:03:53.706 13566 25362 D CCodec  :   Rect crop(0, 0, 2559, 1079)
10-14 20:03:53.706 13566 25362 D CCodec  :   int32_t width = 2560
10-14 20:03:53.706 13566 25362 D CCodec  :   int32_t feature-secure-playback = 0
10-14 20:03:53.706 13566 25362 D CCodec  :   int32_t frame-rate = 60
10-14 20:03:53.706 13566 25362 D CCodec  :   int32_t height = 1080
10-14 20:03:53.706 13566 25362 D CCodec  :   int32_t max-height = 4320
10-14 20:03:53.706 13566 25362 D CCodec  :   int32_t max-width = 8192
10-14 20:03:53.706 13566 25362 D CCodec  :   string mime = "video/raw"
10-14 20:03:53.706 13566 25362 D CCodec  :   int32_t priority = 0
10-14 20:03:53.706 13566 25362 D CCodec  :   int32_t color-format = 21
10-14 20:03:53.706 13566 25362 D CCodec  : }
10-14 20:03:53.706 13566 25362 I CCodecConfig: query failed after returning 17 values (BAD_INDEX)
10-14 20:03:53.717 13566 25362 W Codec2Client: query -- param skipped: index = 1342179345.
10-14 20:03:53.717 13566 25362 W Codec2Client: query -- param skipped: index = 2415921170.
10-14 20:03:53.717 13566 25362 W Codec2Client: query -- param skipped: index = 1610614798.
10-14 20:03:53.717 13566 25362 D CCodecBufferChannel: [c2.qti.avc.decoder#685] Query input allocators returned 0 params => BAD_INDEX (6)
10-14 20:03:53.718 13566 25362 D C2Store : Using ION
10-14 20:03:53.721 13566 25362 D CCodecBufferChannel: [c2.qti.avc.decoder#685] Created input block pool with allocatorID 16 => poolID 17 - OK (0)
10-14 20:03:53.721 13566 25362 D CCodecBufferChannel: [c2.qti.avc.decoder#685] Query output allocators returned 0 params => BAD_INDEX (6)
10-14 20:03:53.722 13566 25362 D CCodecBufferChannel: [c2.qti.avc.decoder#685] Configured output block pool ids 1 => OK
10-14 20:03:53.724 13566 25362 D CCodecBufferChannel: [c2.qti.avc.decoder#685] start: updating output delay 9
10-14 20:03:53.754 13566 24666 D MediaCodecList: codecHandlesFormat: no format, so no extra checks
10-14 20:03:53.754 13566 24666 D MediaCodecList: codecHandlesFormat: no format, so no extra checks
10-14 20:03:53.756 13566 25361 I MiMediaCodec: send fps to display with mFpsFromPlayer:60.000000 state:1 id:0
10-14 20:03:53.756 13566 24666 I MediaCodec: init video box disabled for codec not supported
10-14 20:03:53.757 13566 25389 D CCodec  : allocate(c2.android.aac.decoder)
10-14 20:03:53.761 13566 25362 D CCodecConfig: c2 config diff is   c2::u32 output.delay.value = 10
10-14 20:03:53.761 13566 25362 W ColorUtils: expected specified color aspects (0:0:255:255)
10-14 20:03:53.762 13566 25362 D CCodecBufferChannel: [c2.qti.avc.decoder#685] onWorkDone: updating output delay 10
10-14 20:03:53.762 13566 25362 D Codec2-OutputBufferQueue: set max dequeue count 17 from update
10-14 20:03:53.762 13566 25366 D CCodecBufferChannel: [c2.qti.avc.decoder#685] Ignoring stale input buffer done callback: last flush index = 0, frameIndex = 0
10-14 20:03:53.762 13566 25389 I CCodec  : setting up 'default' as default (vendor) store
10-14 20:03:53.826 13566 13566 W MirrorManager: this model don't Support
10-14 20:03:53.832 13566 25389 I CCodec  : Created component [c2.android.aac.decoder]
10-14 20:03:53.834 13566 25389 D CCodecConfig: read media type: audio/mp4a-latm
10-14 20:03:53.835 13566 24572 W AidlConversion: aidl2legacy_AudioChannelLayout_audio_channel_mask_t: no legacy output audio_channel_mask_t found for AudioChannelLayout{layoutMask: 16}
10-14 20:03:53.838 13566 25389 D ReflectedParamUpdater: extent() != 1 for single value type: algo.buffers.max-count.values
10-14 20:03:53.839 13566 25389 D ReflectedParamUpdater: extent() != 1 for single value type: output.subscribed-indices.values
10-14 20:03:53.839 13566 25389 D ReflectedParamUpdater: extent() != 1 for single value type: input.buffers.allocator-ids.values
10-14 20:03:53.839 13566 25389 D ReflectedParamUpdater: extent() != 1 for single value type: output.buffers.allocator-ids.values
10-14 20:03:53.839 13566 25389 D ReflectedParamUpdater: extent() != 1 for single value type: algo.buffers.allocator-ids.values
10-14 20:03:53.839 13566 25389 D ReflectedParamUpdater: extent() != 1 for single value type: output.buffers.pool-ids.values
10-14 20:03:53.839 13566 25389 D ReflectedParamUpdater: extent() != 1 for single value type: algo.buffers.pool-ids.values
10-14 20:03:53.842 13566 25389 I CCodecConfig: query failed after returning 20 values (BAD_INDEX)
10-14 20:03:53.843 13566 25389 D CCodecConfig: c2 config diff is Dict {
10-14 20:03:53.843 13566 25389 D CCodecConfig:   c2::u32 coded.aac-packaging.value = 0
10-14 20:03:53.843 13566 25389 D CCodecConfig:   c2::u32 coded.bitrate.value = 64000
10-14 20:03:53.843 13566 25389 D CCodecConfig:   c2::u32 coded.pl.level = 0
10-14 20:03:53.843 13566 25389 D CCodecConfig:   c2::u32 coded.pl.profile = 8192
10-14 20:03:53.843 13566 25389 D CCodecConfig:   c2::i32 coding.drc.album-mode.value = 0
10-14 20:03:53.843 13566 25389 D CCodecConfig:   c2::float coding.drc.attenuation-factor.value = 1
10-14 20:03:53.843 13566 25389 D CCodecConfig:   c2::float coding.drc.boost-factor.value = 1
10-14 20:03:53.843 13566 25389 D CCodecConfig:   c2::i32 coding.drc.compression-mode.value = 3
10-14 20:03:53.843 13566 25389 D CCodecConfig:   c2::i32 coding.drc.effect-type.value = 3
10-14 20:03:53.843 13566 25389 D CCodecConfig:   c2::float coding.drc.encoded-level.value = 0.25
10-14 20:03:53.843 13566 25389 D CCodecConfig:   c2::float coding.drc.reference-level.value = -16
10-14 20:03:53.843 13566 25389 D CCodecConfig:   c2::u32 input.buffers.max-size.value = 8192
10-14 20:03:53.843 13566 25389 D CCodecConfig:   c2::u32 input.delay.value = 0
10-14 20:03:53.843 13566 25389 D CCodecConfig:   string input.media-type.value = "audio/mp4a-latm"
10-14 20:03:53.843 13566 25389 D CCodecConfig:   c2::u32 output.delay.value = 2
10-14 20:03:53.843 13566 25389 D CCodecConfig:   c2::float output.drc.output-loudness.value = 0.25
10-14 20:03:53.843 13566 25389 D CCodecConfig:   string output.media-type.value = "audio/raw"
10-14 20:03:53.843 13566 25389 D CCodecConfig:   c2::u32 raw.channel-count.value = 1
10-14 20:03:53.843 13566 25389 D CCodecConfig:   c2::u32 raw.channel-mask.value = 0
10-14 20:03:53.843 13566 25389 D CCodecConfig:   c2::u32 raw.max-channel-count.value = 8
10-14 20:03:53.843 13566 25389 D CCodecConfig:   c2::u32 raw.sample-rate.value = 44100
10-14 20:03:53.843 13566 25389 D CCodecConfig: }
10-14 20:03:53.844 13566 24666 I MediaCodec: fps video to display disabled
10-14 20:03:53.845 13566 24666 I MediaCodec: MediaStub sendMine
10-14 20:03:53.845 13566 24666 D MediaImpl: MediaImpl::sendMine: audio/mp4a-latm
10-14 20:03:53.845 13566 24666 D MediaStub: MediaStub::sendMine audio/mp4a-latm
10-14 20:03:53.845 13566 24666 D MediaCodec: currery video type audio/mp4a-latm
10-14 20:03:53.845 13566 24666 I MediaCodec: MediaStub sendDolbyVision
10-14 20:03:53.845 13566 24666 I MediaCodec: MediaStub sendPackageName
10-14 20:03:53.845 13566 24666 D MediaImpl: MediaImpl::sendPackageName: com.carxtech.sr
10-14 20:03:53.845 13566 24666 D MediaStub: MediaStub::sendPackageName com.carxtech.sr
10-14 20:03:53.845 13566 25389 D MediaCodec: flushMediametrics
10-14 20:03:53.845 13566 25389 D CCodec  : [c2.android.aac.decoder] buffers are bound to CCodec for this session
10-14 20:03:53.845 13566 25389 D CCodecConfig: no c2 equivalents for durationUs
10-14 20:03:53.845 13566 25389 D CCodecConfig: no c2 equivalents for track-id
10-14 20:03:53.845 13566 25389 D CCodecConfig: no c2 equivalents for language
10-14 20:03:53.845 13566 25389 D CCodecConfig: no c2 equivalents for file-format
10-14 20:03:53.846 13566 25389 D CCodecConfig: no c2 equivalents for aac-format-adif
10-14 20:03:53.846 13566 25389 D CCodecConfig: no c2 equivalents for flags
10-14 20:03:53.846 13566 25389 D CCodecConfig: config failed => CORRUPTED
10-14 20:03:53.847 13566 25389 D CCodecConfig: c2 config diff is   c2::u32 coded.bitrate.value = 188367
10-14 20:03:53.847 13566 25389 D CCodecConfig:   c2::u32 raw.channel-count.value = 2
10-14 20:03:53.847 13566 25389 D CCodecConfig:   c2::u32 raw.sample-rate.value = 48000
10-14 20:03:53.848 13566 25389 W Codec2Client: query -- param skipped: index = 1107298332.
10-14 20:03:53.848 13566 25389 D CCodec  : encoding statistics level = 0
10-14 20:03:53.848 13566 25389 D CCodec  : setup formats input: AMessage(what = 0x00000000) = {
10-14 20:03:53.848 13566 25389 D CCodec  :   int32_t aac-drc-album-mode = 0
10-14 20:03:53.848 13566 25389 D CCodec  :   int32_t aac-drc-boost-level = 127
10-14 20:03:53.848 13566 25389 D CCodec  :   int32_t aac-drc-cut-level = 127
10-14 20:03:53.848 13566 25389 D CCodec  :   int32_t aac-drc-effect-type = 3
10-14 20:03:53.848 13566 25389 D CCodec  :   int32_t aac-encoded-target-level = -1
10-14 20:03:53.848 13566 25389 D CCodec  :   int32_t aac-max-output-channel_count = 8
10-14 20:03:53.848 13566 25389 D CCodec  :   int32_t aac-target-ref-level = 64
10-14 20:03:53.848 13566 25389 D CCodec  :   int32_t bitrate = 188367
10-14 20:03:53.848 13566 25389 D CCodec  :   int32_t channel-count = 2
10-14 20:03:53.848 13566 25389 D CCodec  :   int32_t channel-mask = 0
10-14 20:03:53.848 13566 25389 D CCodec  :   int32_t level = 0
10-14 20:03:53.848 13566 25389 D CCodec  :   int32_t max-input-size = 65538
10-14 20:03:53.848 13566 25389 D CCodec  :   int32_t max-output-channel-count = 8
10-14 20:03:53.848 13566 25389 D CCodec  :   string mime = "audio/mp4a-latm"
10-14 20:03:53.848 13566 25389 D CCodec  :   int32_t profile = 2
10-14 20:03:53.848 13566 25389 D CCodec  :   int32_t sample-rate = 48000
10-14 20:03:53.848 13566 25389 D CCodec  : }
10-14 20:03:53.848 13566 25389 D CCodec  : setup formats output: AMessage(what = 0x00000000) = {
10-14 20:03:53.848 13566 25389 D CCodec  :   int32_t aac-drc-album-mode = 0
10-14 20:03:53.848 13566 25389 D CCodec  :   int32_t aac-drc-boost-level = 127
10-14 20:03:53.848 13566 25389 D CCodec  :   int32_t aac-drc-cut-level = 127
10-14 20:03:53.848 13566 25389 D CCodec  :   int32_t aac-drc-effect-type = 3
10-14 20:03:53.848 13566 25389 D CCodec  :   int32_t aac-drc-output-loudness = -1
10-14 20:03:53.848 13566 25389 D CCodec  :   int32_t aac-encoded-target-level = -1
10-14 20:03:53.848 13566 25389 D CCodec  :   int32_t aac-max-output-channel_count = 8
10-14 20:03:53.848 13566 25389 D CCodec  :   int32_t aac-target-ref-level = 64
10-14 20:03:53.848 13566 25389 D CCodec  :   int32_t channel-count = 2
10-14 20:03:53.848 13566 25389 D CCodec  :   int32_t channel-mask = 0
10-14 20:03:53.848 13566 25389 D CCodec  :   int32_t max-output-channel-count = 8
10-14 20:03:53.848 13566 25389 D CCodec  :   string mime = "audio/raw"
10-14 20:03:53.848 13566 25389 D CCodec  :   int32_t sample-rate = 48000
10-14 20:03:53.848 13566 25389 D CCodec  :   int32_t android._config-pcm-encoding = 2
10-14 20:03:53.848 13566 25389 D CCodec  : }
10-14 20:03:53.849 13566 25389 I CCodecConfig: query failed after returning 20 values (BAD_INDEX)
10-14 20:03:53.852 13566 13566 D DecorView[]: getWindowModeFromSystem  windowmode is 1
10-14 20:03:53.852 13566 13566 D DecorView[]: updateDecorCaptionStatus windowMode is 1
10-14 20:03:53.858 13566 25389 W Codec2Client: query -- param skipped: index = 1342179345.
10-14 20:03:53.858 13566 25389 W Codec2Client: query -- param skipped: index = 2415921170.
10-14 20:03:53.858 13566 25389 W Codec2Client: query -- param skipped: index = 1610614798.
10-14 20:03:53.861 13566 25389 D CCodecBufferChannel: [c2.android.aac.decoder#106] Created input block pool with allocatorID 16 => poolID 18 - OK (0)
10-14 20:03:53.868 13566 13566 E RippleDrawable: The RippleDrawable.STYLE_PATTERNED animation is not supported for a non-hardware accelerated Canvas. Skipping animation.
10-14 20:03:53.868 13566 25389 I CCodecBufferChannel: [c2.android.aac.decoder#106] Created output block pool with allocatorID 16 => poolID 8510 - OK
10-14 20:03:53.869 13566 25389 D CCodecBufferChannel: [c2.android.aac.decoder#106] Configured output block pool ids 8510 => OK
10-14 20:03:53.869 13566 25389 D CCodecBufferChannel: [c2.android.aac.decoder#106] start: updating output delay 2
10-14 20:03:53.876 13566 13566 E RippleDrawable: The RippleDrawable.STYLE_PATTERNED animation is not supported for a non-hardware accelerated Canvas. Skipping animation.
10-14 20:03:53.900 13566 25389 D CCodecConfig: c2 config diff is   c2::u32 raw.channel-mask.value = 12
10-14 20:03:53.901 13566 25389 D CCodecBuffers: [c2.android.aac.decoder#106:Output[N]] popFromStashAndRegister: at 0us, output format changed to AMessage(what = 0x00000000) = {
10-14 20:03:53.901 13566 25389 D CCodecBuffers:   int32_t aac-drc-album-mode = 0
10-14 20:03:53.901 13566 25389 D CCodecBuffers:   int32_t aac-drc-boost-level = 127
10-14 20:03:53.901 13566 25389 D CCodecBuffers:   int32_t aac-drc-cut-level = 127
10-14 20:03:53.901 13566 25389 D CCodecBuffers:   int32_t aac-drc-effect-type = 3
10-14 20:03:53.901 13566 25389 D CCodecBuffers:   int32_t aac-drc-output-loudness = -1
10-14 20:03:53.901 13566 25389 D CCodecBuffers:   int32_t aac-encoded-target-level = -1
10-14 20:03:53.901 13566 25389 D CCodecBuffers:   int32_t aac-max-output-channel_count = 8
10-14 20:03:53.901 13566 25389 D CCodecBuffers:   int32_t aac-target-ref-level = 64
10-14 20:03:53.901 13566 25389 D CCodecBuffers:   int32_t channel-count = 2
10-14 20:03:53.901 13566 25389 D CCodecBuffers:   int32_t channel-mask = 12
10-14 20:03:53.901 13566 25389 D CCodecBuffers:   int32_t max-output-channel-count = 8
10-14 20:03:53.901 13566 25389 D CCodecBuffers:   string mime = "audio/raw"
10-14 20:03:53.901 13566 25389 D CCodecBuffers:   int32_t sample-rate = 48000
10-14 20:03:53.901 13566 25389 D CCodecBuffers:   int32_t android._config-pcm-encoding = 2
10-14 20:03:53.901 13566 25389 D CCodecBuffers: }
10-14 20:03:53.901 13566 25362 D CCodecConfig: c2 config diff is   c2::u32 output.delay.value = 22
10-14 20:03:53.902 13566 25362 W ColorUtils: expected specified color aspects (0:0:255:255)
10-14 20:03:53.902 13566 25362 D CCodecBufferChannel: [c2.qti.avc.decoder#685] onWorkDone: updating output delay 22
10-14 20:03:53.902 13566 25362 D Codec2-OutputBufferQueue: set max dequeue count 29 from update
10-14 20:03:53.954 13566 25362 D CCodecConfig: c2 config diff is   c2::u32 raw.color.matrix = 1
10-14 20:03:53.954 13566 25362 D CCodecConfig:   c2::u32 raw.color.primaries = 1
10-14 20:03:53.954 13566 25362 D CCodecConfig:   c2::u32 raw.color.range = 2
10-14 20:03:53.954 13566 25362 D CCodecConfig:   c2::u32 raw.color.transfer = 3
10-14 20:03:53.954 13566 25362 D CCodecConfig:   c2::u32 raw.crop.height = 1080
10-14 20:03:53.954 13566 25362 D CCodecConfig:   c2::u32 raw.crop.left = 0
10-14 20:03:53.954 13566 25362 D CCodecConfig:   c2::u32 raw.crop.top = 0
10-14 20:03:53.954 13566 25362 D CCodecConfig:   c2::u32 raw.crop.width = 2560
10-14 20:03:53.956 13566 25362 D CCodecBuffers: [c2.qti.avc.decoder#685:2D-BB-Output] popFromStashAndRegister: at 0us, output format changed to AMessage(what = 0x00000000) = {
10-14 20:03:53.956 13566 25362 D CCodecBuffers:   int32_t android._color-format = 2135033992
10-14 20:03:53.956 13566 25362 D CCodecBuffers:   int32_t android._video-scaling = 1
10-14 20:03:53.956 13566 25362 D CCodecBuffers:   int32_t android._dataspace = 260
10-14 20:03:53.956 13566 25362 D CCodecBuffers:   int32_t color-standard = 1
10-14 20:03:53.956 13566 25362 D CCodecBuffers:   int32_t color-range = 2
10-14 20:03:53.956 13566 25362 D CCodecBuffers:   int32_t color-transfer = 3
10-14 20:03:53.956 13566 25362 D CCodecBuffers:   int32_t sar-height = 1
10-14 20:03:53.956 13566 25362 D CCodecBuffers:   int32_t rotation-degrees = 0
10-14 20:03:53.956 13566 25362 D CCodecBuffers:   Buffer hdr-static-info = {
10-14 20:03:53.956 13566 25362 D CCodecBuffers:     00000000:  00 00 00 00 00 00 00 00  00 00 00 00 00 00 00 00  ................
10-14 20:03:53.956 13566 25362 D CCodecBuffers:     00000010:  00 00 00 00 00 00 00 00  00                       .........
10-14 20:03:53.956 13566 25362 D CCodecBuffers:   }
10-14 20:03:53.956 13566 25362 D CCodecBuffers:   int32_t sar-width = 1
10-14 20:03:53.956 13566 25362 D CCodecBuffers:   Rect crop(0, 0, 2559, 1079)
10-14 20:03:53.956 13566 25362 D CCodecBuffers:   int32_t width = 2560
10-14 20:03:53.956 13566 25362 D CCodecBuffers:   int32_t feature-secure-playback = 0
10-14 20:03:53.956 13566 25362 D CCodecBuffers:   int32_t frame-rate = 60
10-14 20:03:53.956 13566 25362 D CCodecBuffers:   int32_t height = 1080
10-14 20:03:53.956 13566 25362 D CCodecBuffers:   int32_t max-height = 4320
10-14 20:03:53.956 13566 25362 D CCodecBuffers:   int32_t max-width = 8192
10-14 20:03:53.956 13566 25362 D CCodecBuffers:   string mime = "video/raw"
10-14 20:03:53.956 13566 25362 D CCodecBuffers:   int32_t priority = 0
10-14 20:03:53.956 13566 25362 D CCodecBuffers:   int32_t color-format = 21
10-14 20:03:53.956 13566 25362 D CCodecBuffers: }
10-14 20:03:53.974 13566 24572 D AAudio  : AAudioStream_requestStop(s#6) called
10-14 20:03:53.974 13566 24572 D AAudioStream: setState(s#6) from 4 to 9
10-14 20:03:53.974 13566 24572 D AudioTrack: stop(sessionID=114129)
10-14 20:03:53.974 13566 24572 D AudioTrack: stop(20542): prior state:STATE_ACTIVE
10-14 20:03:53.974 13566 24572 D AudioTrack: stop(20542): called with 29376 frames delivered
10-14 20:03:53.976 13566 24572 D AAudio  : AAudioStream_close(s#6) called ---------------
10-14 20:03:53.977 13566 24572 D AAudioStream: setState(s#6) from 9 to 11
10-14 20:03:53.977 13566 24572 D AudioTrack: stop(sessionID=114129)
10-14 20:03:53.977 13566 24572 D AudioTrack: stop(20542): prior state:STATE_STOPPED
10-14 20:03:53.977 13566 25362 D CCodecBuffers: [c2.qti.avc.decoder#685:2D-BB-Output] updating image-data
10-14 20:03:53.977 13566 25362 D CCodecBuffers: [c2.qti.avc.decoder#685:2D-BB-Output] updating stride = 2560, width: 2560, height: 1080
10-14 20:03:53.977 13566 25362 D CCodecBuffers: [c2.qti.avc.decoder#685:2D-BB-Output] updating vstride = 1080
10-14 20:03:53.981 13566 24572 D AudioTrack: ~AudioTrack(sessionID=114129)
10-14 20:03:53.981 13566 24572 D AudioTrack: stop(sessionID=114129)
10-14 20:03:53.981 13566 24572 D AudioTrack: stop(20542): prior state:STATE_STOPPED
10-14 20:03:53.983 13566 24572 D AAudioStream: setState(s#6) from 11 to 12
10-14 20:03:53.983 13566 24572 D AAudioStream: ~AudioStream(s#6) mPlayerBase strongCount = 2
10-14 20:03:53.983 13566 24572 D AAudio  : AAudioStream_close(s#6) returned 0 ---------
10-14 20:03:54.020 13566 25406 D com.carxtech.sr: PlayerBase::~PlayerBase()
10-14 20:03:54.021 13566 24456 D com.carxtech.sr: PlayerBase::~PlayerBase()
10-14 20:03:54.021 13566 25406 D com.carxtech.sr: PlayerBase::~PlayerBase()
10-14 20:03:54.021 13566 24971 D com.carxtech.sr: PlayerBase::~PlayerBase()
10-14 20:03:54.031 13566 13566 W Activity: PerfMonitor: Slow Operation: Activity com.carxtech.sr/com.unity3d.player.CarXStreetPlayerActivity onPause took 113ms
10-14 20:03:54.039 13566 13566 D DecorView[]: onWindowFocusChanged hasWindowFocus true
10-14 20:03:54.040 13566 13566 I HandWritingStubImpl: refreshLastKeyboardType: 1
10-14 20:03:54.040 13566 13566 I HandWritingStubImpl: getCurrentKeyboardType: 1
10-14 20:03:54.051 13566 13566 D DecorView[]: onWindowFocusChanged hasWindowFocus false
10-14 20:03:54.196 13566 25361 D CCodecBuffers: Increasing local buffer pool capacity from 66355200 to 132710400
10-14 20:03:54.390 13566 25362 D CCodecBuffers: [c2.qti.avc.decoder#685:Output[N]] updating image-data
10-14 20:03:54.391 13566 25362 D CCodecBuffers: [c2.qti.avc.decoder#685:Output[N]] updating stride = 2560, width: 2560, height: 1080
10-14 20:03:54.391 13566 25362 D CCodecBuffers: [c2.qti.avc.decoder#685:Output[N]] updating vstride = 1080
10-14 20:03:54.404 13566 25389 D CCodecBufferChannel: [c2.android.aac.decoder#106] MediaCodec discarded an unknown buffer
10-14 20:03:54.404 13566 25389 D CCodecBufferChannel: [c2.android.aac.decoder#106] MediaCodec discarded an unknown buffer
10-14 20:03:54.404 13566 25389 D CCodecBufferChannel: [c2.android.aac.decoder#106] MediaCodec discarded an unknown buffer
10-14 20:03:54.404 13566 25389 D CCodecBufferChannel: [c2.android.aac.decoder#106] MediaCodec discarded an unknown buffer
10-14 20:03:54.404 13566 25389 D CCodecBufferChannel: [c2.android.aac.decoder#106] MediaCodec discarded an unknown buffer
10-14 20:03:54.404 13566 25389 D CCodecBufferChannel: [c2.android.aac.decoder#106] MediaCodec discarded an unknown buffer
10-14 20:03:54.418 13566 25507 I hw-BpHwBinder: onLastStrongRef automatically unlinking death recipients
10-14 20:03:54.420 13566 25389 I MediaCodec: MediaStub sendHdrInfo/sendFrameRateFloatCal/updateFrcAieAisState
10-14 20:03:54.420 13566 25389 D MediaImpl: FRC switch off: valueSupport : true, valueOn : false
10-14 20:03:54.420 13566 25389 D MediaImpl: AIE switch off: valueSupport : true, valueOn : false
10-14 20:03:54.420 13566 25389 D MediaImpl: AIS switch off: valueSupport : true, valueOn : false
10-14 20:03:54.421 13566 24666 D MediaCodec: flushMediametrics
10-14 20:03:54.429 13566 24666 I MiMediaCodec: send fps to display when stop, state:0 mLastSendedFps:60.000000 id:0
10-14 20:03:54.433 13566 25361 D CCodecBufferChannel: [c2.qti.avc.decoder#685] MediaCodec discarded an unknown buffer
10-14 20:03:54.434 13566 25361 D CCodecBufferChannel: [c2.qti.avc.decoder#685] MediaCodec discarded an unknown buffer
10-14 20:03:54.434 13566 25361 D CCodecBufferChannel: [c2.qti.avc.decoder#685] MediaCodec discarded an unknown buffer
10-14 20:03:54.436 13566 25361 D CCodecBufferChannel: [c2.qti.avc.decoder#685] MediaCodec discarded an unknown buffer
10-14 20:03:54.436 13566 25361 D CCodecBufferChannel: [c2.qti.avc.decoder#685] MediaCodec discarded an unknown buffer
10-14 20:03:54.437 13566 25361 D CCodecBufferChannel: [c2.qti.avc.decoder#685] MediaCodec discarded an unknown buffer
10-14 20:03:54.437 13566 25361 D CCodecBufferChannel: [c2.qti.avc.decoder#685] MediaCodec discarded an unknown buffer
10-14 20:03:54.437 13566 25361 D CCodecBufferChannel: [c2.qti.avc.decoder#685] MediaCodec discarded an unknown buffer
10-14 20:03:54.437 13566 25361 D CCodecBufferChannel: [c2.qti.avc.decoder#685] MediaCodec discarded an unknown buffer
10-14 20:03:54.437 13566 25361 D CCodecBufferChannel: [c2.qti.avc.decoder#685] MediaCodec discarded an unknown buffer
10-14 20:03:54.437 13566 25361 D CCodecBufferChannel: [c2.qti.avc.decoder#685] MediaCodec discarded an unknown buffer
10-14 20:03:54.479 13566 25362 I hw-BpHwBinder: onLastStrongRef automatically unlinking death recipients
10-14 20:03:54.483 13566 25361 I MediaCodec: MediaStub sendHdrInfo/sendFrameRateFloatCal/updateFrcAieAisState
10-14 20:03:54.483 13566 25361 D MediaImpl: FRC switch off: valueSupport : true, valueOn : false
10-14 20:03:54.483 13566 25361 D MediaImpl: AIE switch off: valueSupport : true, valueOn : false
10-14 20:03:54.483 13566 25361 D MediaImpl: AIS switch off: valueSupport : true, valueOn : false
10-14 20:03:54.483 13566 25361 I MediaCodec: MediaStub sendVideoPlayData
10-14 20:03:54.483 13566 25361 D MediaImpl: sendVideoPlayData, start
10-14 20:03:54.483 13566 25361 D MediaImpl: MediaImpl::sendVideoPlayData::mediacodec_mime : audio/mp4a-latm
10-14 20:03:54.483 13566 25361 D MediaImpl: MediaImpl::sendVideoPlayData::mediacodec_packgeName : com.carxtech.sr
10-14 20:03:54.483 13566 25361 D MediaImpl: MediaImpl::sendVideoPlayData::mine : audio/mp4a-latm
10-14 20:03:54.483 13566 25361 D MediaImpl: MediaImpl::sendVideoPlayData::packgeName : com.carxtech.sr
10-14 20:03:54.483 13566 25361 E send_data_to_xlog: send_video_play_to_xlog, start
10-14 20:03:54.483 13566 25361 D send_data_to_xlog: send_video_play_to_xlog::mine : audio/mp4a-latm
10-14 20:03:54.483 13566 25361 D send_data_to_xlog: send_video_play_to_xlog::packgeName : com.carxtech.sr
10-14 20:03:54.483 13566 25361 V xlog_client:  xlog_send  msg_id: 13
10-14 20:03:54.483 13566 25361 V xlog_client:  xlog_send 
10-14 20:03:54.483 13566 25361 E xlog_client: xlog_open: Error in open xlog
10-14 20:03:54.483 13566 25361 E xlog_client: xlog open fail
10-14 20:03:54.496 13566 25361 D MediaCodec: flushMediametrics
10-14 20:03:54.497 13566 25361 D VideoInfo: com.carxtech.sr destroy c2.qti.avc.decoder in MediaCodec, input num 9 output num 2 render num 0
10-14 20:03:54.497 13566 25361 D VideoInfo: max input intervel 491ms max output intervel 422ms max render interval 0ms
10-14 20:03:54.551 13566 24666 D MediaCodecList: codecHandlesFormat: no format, so no extra checks
10-14 20:03:54.552 13566 24666 D MediaCodecList: codecHandlesFormat: no format, so no extra checks
10-14 20:03:54.554 13566 24666 D MediaCodecList: codecHandlesFormat: no format, so no extra checks
10-14 20:03:54.574 13566 24666 I MediaCodec: init video box disabled for codec not supported
10-14 20:03:54.574 13566 25532 D CCodec  : allocate(c2.qti.avc.decoder)
10-14 20:03:54.597 13566 25532 I CCodec  : setting up 'default' as default (vendor) store
10-14 20:03:54.614 13566 25532 I CCodec  : Created component [c2.qti.avc.decoder]
10-14 20:03:54.615 13566 25532 D CCodecConfig: read media type: video/avc
10-14 20:03:54.617 13566 25532 D ReflectedParamUpdater: extent() != 1 for single value type: vendor.qti-ext-dec-info-misr.misr_info_top_field.misr_dpb_luma
10-14 20:03:54.617 13566 25532 D ReflectedParamUpdater: extent() != 1 for single value type: vendor.qti-ext-dec-info-misr.misr_info_top_field.misr_dpb_chroma
10-14 20:03:54.617 13566 25532 D ReflectedParamUpdater: extent() != 1 for single value type: vendor.qti-ext-dec-info-misr.misr_info_top_field.misr_opb_luma
10-14 20:03:54.617 13566 25532 D ReflectedParamUpdater: extent() != 1 for single value type: vendor.qti-ext-dec-info-misr.misr_info_top_field.misr_opb_chroma
10-14 20:03:54.617 13566 25532 D ReflectedParamUpdater: extent() != 1 for single value type: vendor.qti-ext-dec-info-misr.misr_info_bottom_field.misr_dpb_luma
10-14 20:03:54.617 13566 25532 D ReflectedParamUpdater: extent() != 1 for single value type: vendor.qti-ext-dec-info-misr.misr_info_bottom_field.misr_dpb_chroma
10-14 20:03:54.617 13566 25532 D ReflectedParamUpdater: extent() != 1 for single value type: vendor.qti-ext-dec-info-misr.misr_info_bottom_field.misr_opb_luma
10-14 20:03:54.617 13566 25532 D ReflectedParamUpdater: extent() != 1 for single value type: vendor.qti-ext-dec-info-misr.misr_info_bottom_field.misr_opb_chroma
10-14 20:03:54.620 13566 25532 D ReflectedParamUpdater: ignored struct field vendor.qti-ext-dec-panscan.window
10-14 20:03:54.625 13566 25532 D ReflectedParamUpdater: extent() != 1 for single value type: output.buffers.pool-ids.values
10-14 20:03:54.625 13566 25532 D CCodecConfig: ignoring local param raw.size (0xd2001800) as it is already supported
10-14 20:03:54.625 13566 25532 D CCodecConfig: ignoring local param default.color (0x5200180b) as it is already supported
10-14 20:03:54.625 13566 25532 D CCodecConfig: ignoring local param raw.hdr-static-info (0xd200180a) as it is already supported
10-14 20:03:54.627 13566 25532 I CCodecConfig: query failed after returning 17 values (BAD_INDEX)
10-14 20:03:54.627 13566 25532 D CCodecConfig: c2 config diff is Dict {
10-14 20:03:54.627 13566 25532 D CCodecConfig:   c2::i32 algo.priority.value = 0
10-14 20:03:54.627 13566 25532 D CCodecConfig:   c2::float algo.rate.value = 30
10-14 20:03:54.627 13566 25532 D CCodecConfig:   c2::u32 algo.secure-mode.value = 0
10-14 20:03:54.627 13566 25532 D CCodecConfig:   c2::float coded.frame-rate.value = 30
10-14 20:03:54.627 13566 25532 D CCodecConfig:   c2::u32 coded.pl.level = 0
10-14 20:03:54.627 13566 25532 D CCodecConfig:   c2::u32 coded.pl.profile = 20484
10-14 20:03:54.627 13566 25532 D CCodecConfig:   c2::u32 coded.vui.color.matrix = 255
10-14 20:03:54.627 13566 25532 D CCodecConfig:   c2::u32 coded.vui.color.primaries = 0
10-14 20:03:54.627 13566 25532 D CCodecConfig:   c2::u32 coded.vui.color.range = 0
10-14 20:03:54.627 13566 25532 D CCodecConfig:   c2::u32 coded.vui.color.transfer = 255
10-14 20:03:54.627 13566 25532 D CCodecConfig:   c2::u32 default.color.matrix = 0
10-14 20:03:54.627 13566 25532 D CCodecConfig:   c2::u32 default.color.primaries = 0
10-14 20:03:54.627 13566 25532 D CCodecConfig:   c2::u32 default.color.range = 0
10-14 20:03:54.627 13566 25532 D CCodecConfig:   c2::u32 default.color.transfer = 0
10-14 20:03:54.627 13566 25532 D CCodecConfig:   c2::u32 input.buffers.max-size.value = 7077888
10-14 20:03:54.627 13566 25532 D CCodecConfig:   c2::u32 input.delay.value = 0
10-14 20:03:54.627 13566 25532 D CCodecConfig:   string input.media-type.value = "video/avc"
10-14 20:03:54.627 13566 25532 D CCodecConfig:   c2::u32 output.delay.value = 9
10-14 20:03:54.627 13566 25532 D CCodecConfig:   string output.media-type.value = "video/raw"
10-14 20:03:54.627 13566 25532 D CCodecConfig:   c2::u32 raw.color.matrix = 255
10-14 20:03:54.627 13566 25532 D CCodecConfig:   c2::u32 raw.color.primaries = 0
10-14 20:03:54.627 13566 25532 D CCodecConfig:   c2::u32 raw.color.range = 0
10-14 20:03:54.627 13566 25532 D CCodecConfig:   c2::u32 raw.color.transfer = 255
10-14 20:03:54.627 13566 25532 D CCodecConfig:   c2::float raw.hdr-static-info.mastering.blue.x = 0
10-14 20:03:54.627 13566 25532 D CCodecConfig:   c2::float raw.hdr-static-info.mastering.blue.y = 0
10-14 20:03:54.627 13566 25532 D CCodecConfig:   c2::float raw.hdr-static-info.mastering.gre
10-14 20:03:54.627 13566 25532 W ColorUtils: expected specified color aspects (0:0:255:255)
10-14 20:03:54.633 13566 24666 D VideoInfo: com.carxtech.sr create c2.qti.avc.decoder in MediaCodec
10-14 20:03:54.634 13566 24666 I MediaCodec: fps video to display enabled
10-14 20:03:54.634 13566 24666 I MiMediaCodecStub: MiMediaCodecStub::MiMediaCodecStub
10-14 20:03:54.636 13566 24666 I MediaCodec: The Fps from player is 60.000000  frameRateFloat 60.000000 frameRateInt 60
10-14 20:03:54.636 13566 24666 I MediaCodec: MediaStub sendFrameRate
10-14 20:03:54.636 13566 24666 D MediaImpl: MediaImpl::sendFrameRate: 60
10-14 20:03:54.640 13566 24666 I MediaCodec: MediaStub sendMine
10-14 20:03:54.640 13566 24666 D MediaImpl: MediaImpl::sendMine: video/avc
10-14 20:03:54.640 13566 24666 D MediaStub: MediaStub::sendMine video/avc
10-14 20:03:54.640 13566 24666 D MediaCodec: currery video type video/avc
10-14 20:03:54.640 13566 24666 I MediaCodec: MediaStub sendDolbyVision
10-14 20:03:54.640 13566 24666 I MediaCodec: MediaStub sendPackageName
10-14 20:03:54.640 13566 24666 D MediaImpl: MediaImpl::sendPackageName: com.carxtech.sr
10-14 20:03:54.640 13566 24666 D MediaStub: MediaStub::sendPackageName com.carxtech.sr
10-14 20:03:54.640 13566 24666 I MediaCodec: MediaStub sendWidth/sendHeight
10-14 20:03:54.640 13566 24666 I MediaCodec: configure : init video box disabled
10-14 20:03:54.640 13566 25527 D MediaCodec: flushMediametrics
10-14 20:03:54.640 13566 25532 D CCodec  : [c2.qti.avc.decoder] buffers are bound to CCodec for this session
10-14 20:03:54.641 13566 25532 D CCodec  : Client requested ByteBuffer mode decoder w/o color format set: using default semi-planar color format
10-14 20:03:54.641 13566 25532 D CCodecConfig: no c2 equivalents for durationUs
10-14 20:03:54.641 13566 25532 D CCodecConfig: no c2 equivalents for frame-count
10-14 20:03:54.641 13566 25532 D CCodecConfig: no c2 equivalents for track-id
10-14 20:03:54.641 13566 25532 D CCodecConfig: no c2 equivalents for language
10-14 20:03:54.641 13566 25532 D CCodecConfig: no c2 equivalents for display-width
10-14 20:03:54.641 13566 25532 D CCodecConfig: no c2 equivalents for display-height
10-14 20:03:54.641 13566 25532 D CCodecConfig: no c2 equivalents for csd-1
10-14 20:03:54.641 13566 25532 D CCodecConfig: no c2 equivalents for file-format
10-14 20:03:54.641 13566 25532 D CCodecConfig: no c2 equivalents for flags
10-14 20:03:54.642 13566 25532 D CCodecConfig: c2 config diff is   c2::float coded.frame-rate.value = 60
10-14 20:03:54.642 13566 25532 D CCodecConfig:   c2::u32 coded.pl.level = 20495
10-14 20:03:54.642 13566 25532 D CCodecConfig:   c2::u32 raw.pixel-format.value = 35
10-14 20:03:54.642 13566 25532 D CCodecConfig:   c2::u32 raw.size.height = 1080
10-14 20:03:54.642 13566 25532 D CCodecConfig:   c2::u32 raw.size.width = 2560
10-14 20:03:54.642 13566 25532 W ColorUtils: expected specified color aspects (0:0:255:255)
10-14 20:03:54.642 13566 25532 W Codec2Client: query -- param skipped: index = 1107298332.
10-14 20:03:54.642 13566 25532 D CCodec  : client requested max input size 2073601, which is smaller than what component recommended (7077888); overriding with component recommendation.
10-14 20:03:54.642 13566 25532 W CCodec  : This behavior is subject to change. It is recommended that app developers double check whether the requested max input size is in reasonable range.
10-14 20:03:54.642 13566 25532 D CCodec  : encoding statistics level = 0
10-14 20:03:54.642 13566 25532 D CCodec  : setup formats input: AMessage(what = 0x00000000) = {
10-14 20:03:54.642 13566 25532 D CCodec  :   int32_t feature-secure-playback = 0
10-14 20:03:54.642 13566 25532 D CCodec  :   int32_t frame-rate = 60
10-14 20:03:54.642 13566 25532 D CCodec  :   int32_t height = 1080
10-14 20:03:54.642 13566 25532 D CCodec  :   int32_t max-input-size = 7077888
10-14 20:03:54.642 13566 25532 D CCodec  :   string mime = "video/avc"
10-14 20:03:54.642 13566 25532 D CCodec  :   int32_t priority = 0
10-14 20:03:54.642 13566 25532 D CCodec  :   int32_t profile = 8
10-14 20:03:54.642 13566 25532 D CCodec  :   int32_t width = 2560
10-14 20:03:54.642 13566 25532 D CCodec  :   Rect crop(0, 0, 2559, 1079)
10-14 20:03:54.642 13566 25532 D CCodec  :   int32_t level = 32768
10-14 20:03:54.642 13566 25532 D CCodec  : }
10-14 20:03:54.642 13566 25532 D CCodec  : setup formats output: AMessage(what = 0x00000000) = {
10-14 20:03:54.642 13566 25532 D CCodec  :   int32_t android._color-format = 2135033992
10-14 20:03:54.642 13566 25532 D CCodec  :   int32_t android._video-scaling = 1
10-14 20:03:54.642 13566 25532 D CCodec  :   int32_t android._dataspace = 12648448
10-14 20:03:54.642 13566 25532 D CCodec  :   int32_t color-standard = 130816
10-14 20:03:54.642 13566 25532 D CCodec  :   int32_t color-range = 0
10-14 20:03:54.642 13566 25532 D CCodec  :   int32_t color-transfer = 65791
10-14 20:03:54.642 13566 25532 D CCodec  :   int32_t sar-height = 1
10-14 20:03:54.642 13566 25532 D CCodec  :   int32_t rotation-degrees = 0
10-14 20:03:54.642 13566 25532 D CCodec  :   Buffer hdr-static-info = {
10-14 20:03:54.642 13566 25532 D CCodec  :     00000000:  00 00 00 00 00 00 00 00  00 00 00 00 00 00 00 00  ................
10-14 20:03:54.642 13566 25532 D CCodec  :     00000010:  00 00 00 00 00 00 00 00  00                       .........
10-14 20:03:54.642 13566 25532 D CCodec  :   }
10-14 20:03:54.642 13566 25532 D CCodec  :   int32_t sar-width = 1
10-14 20:03:54.642 13566 25532 D CCodec  :   Rect crop(0, 0, 2559, 1079)
10-14 20:03:54.642 13566 25532 D CCodec  :   int32_t width = 2560
10-14 20:03:54.642 13566 25532 D CCodec  :   int32_t feature-secure-playback = 0
10-14 20:03:54.642 13566 25532 D CCodec  :   int32_t frame-rate = 60
10-14 20:03:54.642 13566 25532 D CCodec  :   int32_t height = 1080
10-14 20:03:54.642 13566 25532 D CCodec  :   int32_t max-height = 4320
10-14 20:03:54.642 13566 25532 D CCodec  :   int32_t max-width = 8192
10-14 20:03:54.642 13566 25532 D CCodec  :   string mime = "video/raw"
10-14 20:03:54.642 13566 25532 D CCodec  :   int32_t priority = 0
10-14 20:03:54.642 13566 25532 D CCodec  :   int32_t color-format = 21
10-14 20:03:54.642 13566 25532 D CCodec  : }
10-14 20:03:54.643 13566 25532 I CCodecConfig: query failed after returning 17 values (BAD_INDEX)
10-14 20:03:54.655 13566 25532 W Codec2Client: query -- param skipped: index = 1342179345.
10-14 20:03:54.655 13566 25532 W Codec2Client: query -- param skipped: index = 2415921170.
10-14 20:03:54.655 13566 25532 W Codec2Client: query -- param skipped: index = 1610614798.
10-14 20:03:54.655 13566 25532 D CCodecBufferChannel: [c2.qti.avc.decoder#186] Query input allocators returned 0 params => BAD_INDEX (6)
10-14 20:03:54.655 13566 25532 D CCodecBufferChannel: [c2.qti.avc.decoder#186] Created input block pool with allocatorID 16 => poolID 19 - OK (0)
10-14 20:03:54.656 13566 25532 D CCodecBufferChannel: [c2.qti.avc.decoder#186] Query output allocators returned 0 params => BAD_INDEX (6)
10-14 20:03:54.656 13566 25532 D CCodecBufferChannel: [c2.qti.avc.decoder#186] Configured output block pool ids 1 => OK
10-14 20:03:54.656 13566 25532 D CCodecBufferChannel: [c2.qti.avc.decoder#186] start: updating output delay 9
10-14 20:03:54.675 13566 25527 I MiMediaCodec: send fps to display with mFpsFromPlayer:60.000000 state:1 id:2
10-14 20:03:54.678 13566 25532 D CCodecConfig: c2 config diff is   c2::u32 output.delay.value = 10
10-14 20:03:54.678 13566 25532 W ColorUtils: expected specified color aspects (0:0:255:255)
10-14 20:03:54.679 13566 25532 D CCodecBufferChannel: [c2.qti.avc.decoder#186] onWorkDone: updating output delay 10
10-14 20:03:54.679 13566 25532 D Codec2-OutputBufferQueue: set max dequeue count 17 from update
10-14 20:03:54.682 13566 24666 D MediaCodecList: codecHandlesFormat: no format, so no extra checks
10-14 20:03:54.682 13566 24666 D MediaCodecList: codecHandlesFormat: no format, so no extra checks
10-14 20:03:54.688 13566 24666 I MediaCodec: init video box disabled for codec not supported
10-14 20:03:54.689 13566 25553 D CCodec  : allocate(c2.android.aac.decoder)
10-14 20:03:54.694 13566 25553 I CCodec  : setting up 'default' as default (vendor) store
10-14 20:03:54.696 13566 25553 I CCodec  : Created component [c2.android.aac.decoder]
