10-14 20:03:47.166 13566 24722 I AdrenoGLES-0: Build Date                       : 02/18/22
10-14 20:03:47.166 13566 24722 I AdrenoGLES-0: OpenGL ES Shader Compiler Version: EV031.35.01.11
10-14 20:03:47.166 13566 24722 I AdrenoGLES-0: Local Branch                     : 
10-14 20:03:47.166 13566 24722 I AdrenoGLES-0: Remote Branch                    : 
10-14 20:03:47.166 13566 24722 I AdrenoGLES-0: Remote Branch                    : 
10-14 20:03:47.166 13566 24722 I AdrenoGLES-0: Reconstruct Branch               : 
10-14 20:03:47.166 13566 24722 I AdrenoGLES-0: Build Config                     : S P 10.0.7 AArch64
10-14 20:03:47.166 13566 24722 I AdrenoGLES-0: Driver Path                      : /vendor/lib64/egl/libGLESv2_adreno.so
10-14 20:03:47.167 13566 13566 D CompatibilityChangeReporter: Compat change id reported: 210923482; UID 10373; state: DISABLED
10-14 20:03:47.167 13566 13566 D CompatibilityChangeReporter: Compat change id reported: 37756858; UID 10373; state: ENABLED
10-14 20:03:47.168 13566 24722 I AdrenoGLES-0: PFP: 0x016dc094, ME: 0x00000000
10-14 20:03:47.175 13566 24722 I Adreno-AppProfiles: Found adreno profile
10-14 20:03:47.176 13566 24722 I Adreno-AppProfiles: User overridden configuration TextureFilteringQuality : Default
10-14 20:03:47.176 13566 24722 I Adreno-AppProfiles: User overridden configuration MaxSamples : 4
10-14 20:03:47.176 13566 24722 I Adreno-AppProfiles: User overridden configuration FPSCap : 120
10-14 20:03:47.176 13566 24722 I Adreno-AppProfiles: User overridden configuration TextureMaxAniso : 16.0
10-14 20:03:47.180 13566 24572 E qdgralloc: GetGpuPixelFormat: No map for format: 0x38
10-14 20:03:47.180 13566 24572 E AdrenoUtils: <validate_memory_layout_input_parmas:1970>: Unknown Format 0
10-14 20:03:47.180 13566 24572 E AdrenoUtils: <adreno_init_memory_layout:4720>: Memory Layout input parameter validation failed!
10-14 20:03:47.180 13566 24572 E qdgralloc: GetGpuResourceSizeAndDimensions Graphics metadata init failed
10-14 20:03:47.180 13566 24572 E Gralloc4: isSupported(1, 1, 56, 1, ...) failed with 1
10-14 20:03:47.181 13566 24722 W libc    : Access denied finding property "vendor.migl.debug"
10-14 20:03:47.181 13566 24572 E GraphicBufferAllocator: Failed to allocate (4 x 4) layerCount 1 format 56 usage b00: 1
10-14 20:03:47.181 13566 24572 E AHardwareBuffer: GraphicBuffer(w=4, h=4, lc=1) failed (Unknown error -1), handle=0x0
10-14 20:03:47.181 13566 24572 E qdgralloc: GetGpuPixelFormat: No map for format: 0x38
10-14 20:03:47.181 13566 24572 E AdrenoUtils: <validate_memory_layout_input_parmas:1970>: Unknown Format 0
10-14 20:03:47.181 13566 24572 E AdrenoUtils: <adreno_init_memory_layout:4720>: Memory Layout input parameter validation failed!
10-14 20:03:47.181 13566 24572 E qdgralloc: GetGpuResourceSizeAndDimensions Graphics metadata init failed
10-14 20:03:47.181 13566 24572 E Gralloc4: isSupported(1, 1, 56, 1, ...) failed with 1
10-14 20:03:47.183 13566 24572 E GraphicBufferAllocator: Failed to allocate (4 x 4) layerCount 1 format 56 usage b00: 1
10-14 20:03:47.183 13566 24572 E AHardwareBuffer: GraphicBuffer(w=4, h=4, lc=1) failed (Unknown error -1), handle=0x0
10-14 20:03:47.197 13566 24739 D Choreographer: Attaching thread to JVM for AChoreographer
10-14 20:03:47.198 13566 24572 V SwappyVk: SwappyVk initialized for VkDevice 0x75b769d070 using VK_GOOGLE_display_timing on Android
10-14 20:03:47.198 13566 24572 I SwappyVk: Returning refresh duration of 8333333 nsec (approx 120.000005 Hz)
10-14 20:03:47.214 13566 24572 V MediaRouter: Selecting route: RouteInfo{ name=Phone, description=null, status=null, category=RouteCategory{ name=System types=ROUTE_TYPE_LIVE_AUDIO ROUTE_TYPE_LIVE_VIDEO  groupable=false }, supportedTypes=ROUTE_TYPE_LIVE_AUDIO ROUTE_TYPE_LIVE_VIDEO , presentationDisplay=null }
10-14 20:03:47.214 13566 24572 I MediaRouter: Skip setBluetoothA2dpOn(): types=8388615, isPlaybackActive()=false, BT route=null
10-14 20:03:47.318 13566 24714 W AudioCapabilities: Unsupported mime audio/ozoaudio
10-14 20:03:47.318 13566 24714 W AudioCapabilities: Unsupported mime audio/ozoaudio
10-14 20:03:47.319 13566 24714 W VideoCapabilities: Unsupported mime video/dolby-vision
10-14 20:03:47.321 13566 24714 W VideoCapabilities: Unrecognized profile/level 0/3 for video/mpeg2
10-14 20:03:47.321 13566 24714 W VideoCapabilities: Unrecognized profile/level 0/3 for video/mpeg2
10-14 20:03:47.321 13566 24714 W VideoCapabilities: Unsupported mime image/vnd.android.heic
10-14 20:03:47.321 13566 24714 W VideoCapabilities: Unsupported mime image/vnd.android.heic
10-14 20:03:47.321 13566 24714 W VideoCapabilities: Unsupported mime video/dolby-vision
10-14 20:03:47.322 13566 24714 W VideoCapabilities: Unsupported mime video/dolby-vision
10-14 20:03:47.322 13566 24714 W VideoCapabilities: Unsupported mime video/dolby-vision
10-14 20:03:47.340 13566 24740 E libEGL  : pre_cache appList: ,,
10-14 20:03:47.346 13566 24740 D com.carxtech.sr: MiuiProcessManagerServiceStub setSchedFifo
10-14 20:03:47.346 13566 24740 I MiuiProcessManagerImpl: setSchedFifo pid:13566, mode:3
10-14 20:03:47.349 13566 24740 E libEGL  : pre_cache appList: ,,
10-14 20:03:47.374 13566 24740 W Parcel  : Expecting binder but got null!
10-14 20:03:47.563 13566 24762 I THAds   : d=false
10-14 20:03:47.564 13566 13566 I THAds   : id=20220611_ltfoamakeieqjmpa_e8fc0253-fad4-488e-9920-7c362a7eee8c
10-14 20:03:47.565 13566 24572 I IL2CPP  : Locale en-US
10-14 20:03:47.573 13566 24767 D TrafficStats: tagSocket(284) with statsTag=0xffffffff, statsUid=-1
10-14 20:03:47.575 13566 24762 D TrafficStats: tagSocket(285) with statsTag=0xffffffff, statsUid=-1
10-14 20:03:47.679 13566 24762 E THAds   : BMT isInit=9984, hasm = 0, hasd = 1
10-14 20:03:47.802 13566 13566 D CompatibilityChangeReporter: Compat change id reported: 147798919; UID 10373; state: DISABLED
10-14 20:03:47.847 13566 24740 W Parcel  : Expecting binder but got null!
10-14 20:03:48.069 13566 24768 E THAds   : prepare show about
10-14 20:03:48.069 13566 24768 D THAds   : 0: admob=90
10-14 20:03:48.069 13566 24768 D THAds   : 1: facebook=0
10-14 20:03:48.069 13566 24768 D THAds   : 2: startapp=0
10-14 20:03:48.069 13566 24768 D THAds   : 3: chartboost=0
10-14 20:03:48.069 13566 24768 D THAds   : 4: unity=0
10-14 20:03:48.069 13566 24768 D THAds   : 5: custom=0
10-14 20:03:48.069 13566 24768 D THAds   : 6: vungle=0
10-14 20:03:48.069 13566 24768 D THAds   : 7: applovin=0
10-14 20:03:48.069 13566 24768 I THAds   : admob=true,startapp=false,facebook=false,chartboost=false,unity=false,custom=false,vungle=false,applovin=true
10-14 20:03:48.072 13566 24874 D TrafficStats: tagSocket(291) with statsTag=0xffffffff, statsUid=-1
10-14 20:03:50.801 13566 24460 W MIUIScout App: Enter APP_SCOUT_WARNING State
10-14 20:03:50.801 13566 24460 W MIUIScout App:  (Current message: duration=2869ms seq=103 late=3ms h=android.app.ActivityThread$H w=159)
10-14 20:03:50.801 13566 24460 D AppScoutStateMachine: dump trace dirName = com.carxtech.sr-13566-APP_SCOUT_WARNING-2023-10-14-20-03-50
10-14 20:03:50.805 13566 25077 W MIUIScout App: Event:APP_SCOUT_WARNING Thread:main backtrace:
10-14 20:03:50.805 13566 25077 W MIUIScout App:     at jdk.internal.misc.Unsafe.park(Native Method)
10-14 20:03:50.805 13566 25077 W MIUIScout App:     at java.util.concurrent.locks.LockSupport.parkNanos(LockSupport.java:252)
10-14 20:03:50.805 13566 25077 W MIUIScout App:     at java.util.concurrent.locks.AbstractQueuedSynchronizer.acquire(AbstractQueuedSynchronizer.java:717)
10-14 20:03:50.805 13566 25077 W MIUIScout App:     at java.util.concurrent.locks.AbstractQueuedSynchronizer.tryAcquireSharedNanos(AbstractQueuedSynchronizer.java:1074)
10-14 20:03:50.805 13566 25077 W MIUIScout App:     at java.util.concurrent.Semaphore.tryAcquire(Semaphore.java:415)
10-14 20:03:50.805 13566 25077 W MIUIScout App:     at com.unity3d.player.UnityPlayer.pauseUnity(Unknown Source:53)
10-14 20:03:50.805 13566 25077 W MIUIScout App:     at com.unity3d.player.UnityPlayer.pause(Unknown Source:33)
10-14 20:03:50.805 13566 25077 W MIUIScout App:     at com.unity3d.player.UnityPlayerActivity.onPause(UnityPlayerActivity.java:105)
10-14 20:03:50.805 13566 25077 W MIUIScout App:     at android.app.Activity.performPause(Activity.java:8719)
10-14 20:03:50.805 13566 25077 W MIUIScout App:     at android.app.Instrumentation.callActivityOnPause(Instrumentation.java:1619)
10-14 20:03:50.805 13566 25077 W MIUIScout App:     at android.app.ActivityThread.performPauseActivityIfNeeded(ActivityThread.java:5253)
10-14 20:03:50.805 13566 25077 W MIUIScout App:     at android.app.ActivityThread.performPauseActivity(ActivityThread.java:5214)
10-14 20:03:50.805 13566 25077 W MIUIScout App:     at android.app.ActivityThread.handlePauseActivity(ActivityThread.java:5166)
10-14 20:03:50.805 13566 25077 W MIUIScout App:     at android.app.servertransaction.PauseActivityItem.execute(PauseActivityItem.java:47)
10-14 20:03:50.805 13566 25077 W MIUIScout App:     at android.app.servertransaction.ActivityTransactionItem.execute(ActivityTransactionItem.java:45)
10-14 20:03:50.805 13566 25077 W MIUIScout App:     at android.app.servertransaction.TransactionExecutor.executeLifecycleState(TransactionExecutor.java:176)
10-14 20:03:50.805 13566 25077 W MIUIScout App:     at android.app.servertransaction.TransactionExecutor.execute(TransactionExecutor.java:97)
10-14 20:03:50.805 13566 25077 W MIUIScout App:     at android.app.ActivityThread$H.handleMessage(ActivityThread.java:2389)
10-14 20:03:50.805 13566 25077 W MIUIScout App:     at android.os.Handler.dispatchMessage(Handler.java:106)
10-14 20:03:50.805 13566 25077 W MIUIScout App:     at android.os.Looper.loopOnce(Looper.java:210)
10-14 20:03:50.805 13566 25077 W MIUIScout App:     at android.os.Looper.loop(Looper.java:299)
10-14 20:03:50.805 13566 25077 W MIUIScout App:     at android.app.ActivityThread.main(ActivityThread.java:8261)
10-14 20:03:50.805 13566 25077 W MIUIScout App:     at java.lang.reflect.Method.invoke(Native Method)
10-14 20:03:50.805 13566 25077 W MIUIScout App:     at com.android.internal.os.RuntimeInit$MethodAndArgsCaller.run(RuntimeInit.java:559)
10-14 20:03:50.805 13566 25077 W MIUIScout App:     at com.android.internal.os.ZygoteInit.main(ZygoteInit.java:954)
10-14 20:03:50.828 13566 24441 I com.carxtech.sr: Thread[5,tid=24441,WaitingInMainSignalCatcherLoop,Thread*=0x7619ca7000,peer=0x13f00938,"Signal Catcher"]: reacting to signal 3
10-14 20:03:50.828 13566 24441 I com.carxtech.sr: 
10-14 20:03:51.129 13566 24441 I com.carxtech.sr: Wrote stack traces to tombstoned
10-14 20:03:51.934 13566 13566 W Unity   : Timeout while trying to pause the Unity Engine.
10-14 20:03:51.934 13566 13566 W Activity: PerfMonitor: Slow Operation: Activity com.carxtech.sr/com.unity3d.player.CarXStreetPlayerActivity onPause took 4002ms
10-14 20:03:51.935 13566 13566 W Looper  : PerfMonitor longMsg : seq=103 plan=20:03:47.929 late=3ms wall=4003ms running=2ms h=android.app.ActivityThread$H w=159 procState=-1
10-14 20:03:51.937 13566 13566 E GooglePlayServicesUtil: The Google Play services resources were not found. Check your project configuration to ensure that the resources are included.
10-14 20:03:51.942 13566 25132 W FA      : Specified origin or custom app id is null. Both parameters will be ignored.
10-14 20:03:51.948 13566 25134 I DynamiteModule: Considering local module com.google.android.gms.measurement.dynamite:83 and remote module com.google.android.gms.measurement.dynamite:93
10-14 20:03:51.948 13566 25134 I DynamiteModule: Selected remote version of com.google.android.gms.measurement.dynamite, version >= 93
10-14 20:03:51.948 13566 25134 V DynamiteModule: Dynamite loader version >= 2, using loadModule2NoCrashUtils
10-14 20:03:51.949 13566 25132 I DynamiteModule: Considering local module com.google.android.gms.ads.dynamite:0 and remote module com.google.android.gms.ads.dynamite:233012802
10-14 20:03:51.949 13566 25132 I DynamiteModule: Selected remote version of com.google.android.gms.ads.dynamite, version >= 233012802
10-14 20:03:51.949 13566 25132 V DynamiteModule: Dynamite loader version >= 2, using loadModule2NoCrashUtils
10-14 20:03:51.949 13566 13566 I DynamiteModule: Considering local module com.google.android.gms.ads.dynamite:0 and remote module com.google.android.gms.ads.dynamite:233012802
10-14 20:03:51.949 13566 13566 I DynamiteModule: Selected remote version of com.google.android.gms.ads.dynamite, version >= 233012802
10-14 20:03:51.950 13566 13566 D DynamitePackage: Instantiated singleton DynamitePackage.
10-14 20:03:51.950 13566 13566 D DynamitePackage: Instantiating com.google.android.gms.ads.ChimeraMobileAdsSettingManagerCreatorImpl
10-14 20:03:51.963 13566 13566 I Ads     : Updating ad debug logging enablement.
10-14 20:03:51.990 13566 13566 E GooglePlayServicesUtil: The Google Play services resources were not found. Check your project configuration to ensure that the resources are included.
10-14 20:03:51.993 13566 13566 I DynamiteModule: Considering local module com.google.android.gms.ads.dynamite:0 and remote module com.google.android.gms.ads.dynamite:233012802
10-14 20:03:51.993 13566 13566 I DynamiteModule: Selected remote version of com.google.android.gms.ads.dynamite, version >= 233012802
10-14 20:03:51.993 13566 13566 V DynamiteModule: Dynamite loader version >= 2, using loadModule2NoCrashUtils
10-14 20:03:51.997 13566 13566 I Ads     : Use RequestConfiguration.Builder().setTestDeviceIds(Arrays.asList("1742A0576E5BA7050FA38BCAD9E61AAE")) to get test ads on this device.
10-14 20:03:52.012 13566 25148 E com.carxtech.sr: Attempt to load writable dex file: /data/user/0/com.carxtech.sr/app_pccache/5/F2E554BB17904EFA7DEFDC3AC30671818E445BE4/pcam.jar
10-14 20:03:52.022 13566 25177 I AudioManager: In isSpeakerphoneOn() calling application: com.carxtech.sr
10-14 20:03:52.025 13566 13566 W ConnectionStatusConfig: Dynamic lookup for intent failed for action: com.google.android.gms.ads.service.CACHE
10-14 20:03:52.025 13566 25148 D nativeloader: Configuring clns-12 for other apk . target_sdk_version=29, uses_libraries=ALL, library_path=, permitted_path=/data:/mnt/expand
10-14 20:03:52.025 13566 25148 D nativeloader: Extending system_exposed_libraries: libbinauralrenderer_wrapper.qti.so:libhoaeffects.qti.so:libQOC.qti.so:libmisys_jni.xiaomi.so:libupdateprof.qti.so:libthermalclient.qti.so:libQOC.qti.so:libdiag_system.qti.so:libqape.qti.so:liblistenjni.qti.so
10-14 20:03:52.029 13566 13566 E GooglePlayServicesUtil: The Google Play services resources were not found. Check your project configuration to ensure that the resources are included.
10-14 20:03:52.031 13566 13566 D DynamitePackage: Instantiating com.google.android.gms.ads.ChimeraAdManagerCreatorImpl
10-14 20:03:52.033 13566 13566 I Ads     : Use RequestConfiguration.Builder().setTestDeviceIds(Arrays.asList("1742A0576E5BA7050FA38BCAD9E61AAE")) to get test ads on this device.
10-14 20:03:52.036 13566 25139 I AudioManager: In isSpeakerphoneOn() calling application: com.carxtech.sr
10-14 20:03:52.037 13566 13566 E BMT     : applovin.sdk.key
10-14 20:03:52.037 13566 13566 E BMT     : 
10-14 20:03:52.037 13566 13566 I MyMy    : get ads: 2
10-14 20:03:52.039 13566 13566 D AppLovinSdk: [AppLovinSdk] 
10-14 20:03:52.039 13566 13566 D AppLovinSdk: ========================================
10-14 20:03:52.039 13566 13566 D AppLovinSdk: SDK Session Begin
10-14 20:03:52.039 13566 13566 D AppLovinSdk: ========================================
10-14 20:03:52.045 13566 13566 E BMT     : applovin.sdk.key
10-14 20:03:52.045 13566 13566 E BMT     : 
10-14 20:03:52.045 13566 13566 I MyMy    : get ads: 2
10-14 20:03:52.045 13566 13566 E BMT     : applovin.sdk.key
10-14 20:03:52.045 13566 13566 E BMT     : 
10-14 20:03:52.045 13566 13566 I MyMy    : get ads: 2
10-14 20:03:52.046 13566 25190 E GooglePlayServicesUtil: The Google Play services resources were not found. Check your project configuration to ensure that the resources are included.
10-14 20:03:52.047 13566 13566 D IS_CTS_MODE: false
10-14 20:03:52.047 13566 13566 D MULTI_WINDOW_ENABLED: false
10-14 20:03:52.057 13566 13566 I HandWritingStubImpl: refreshLastKeyboardType: 1
10-14 20:03:52.057 13566 13566 I HandWritingStubImpl: getCurrentKeyboardType: 1
10-14 20:03:52.060 13566 13566 W Looper  : PerfMonitor looperActivity : package=com.carxtech.sr/com.unity3d.player.CarXStreetPlayerActivity time=0ms latency=2374ms running=0ms  procState=-1  historyMsgCount=12 (msgIndex=1 wall=4003ms seq=103 running=2ms late=3ms h=android.app.ActivityThread$H w=159) (msgIndex=3 wall=110ms seq=105 running=71ms runnable=11ms late=3856ms h=android.os.Handler c=net.thdl.ExtraPro$THAdsManager$n$a)
10-14 20:03:52.060 13566 13566 D CompatibilityChangeReporter: Compat change id reported: 78294732; UID 10373; state: DISABLED
10-14 20:03:52.062 13566 24572 W Looper  : PerfMonitor longMsg : seq=8 plan=20:03:46.642 late=0ms wall=5420ms running=757ms runnable=106ms io=278ms h=android.os.Handler w=2269 procState=-1
10-14 20:03:52.065 13566 13566 W Looper  : PerfMonitor looperActivity : package=com.carxtech.sr/com.unity3d.player.CarXStreetPlayerActivity time=5ms latency=2368ms running=3ms  procState=-1  historyMsgCount=13 (msgIndex=1 wall=4003ms seq=103 running=2ms late=3ms h=android.app.ActivityThread$H w=159) (msgIndex=3 wall=110ms seq=105 running=71ms runnable=11ms late=3856ms h=android.os.Handler c=net.thdl.ExtraPro$THAdsManager$n$a)
10-14 20:03:52.071 13566 13566 I THAds   : showAdsInternalLoop: loop=0
10-14 20:03:52.071 13566 13566 E THAds   : showAdsInternal: network select=admob, want type=reward (adstype=interstitial->interstitial) after: -1697283832071/1697285032071, hasShown=no
10-14 20:03:52.071 13566 13566 E THAds   : retry without other type: reward
10-14 20:03:52.071 13566 13566 E THAds   : showAdsInternal: network select=admob, want type=reward (adstype=interstitial->reward) after: -1697283832071/1697285032071, hasShown=no
10-14 20:03:52.073 13566 24572 E qdgralloc: GetGpuPixelFormat: No map for format: 0x38
10-14 20:03:52.073 13566 24572 E AdrenoUtils: <validate_memory_layout_input_parmas:1970>: Unknown Format 0
10-14 20:03:52.073 13566 24572 E AdrenoUtils: <adreno_init_memory_layout:4720>: Memory Layout input parameter validation failed!
10-14 20:03:52.073 13566 24572 E qdgralloc: GetGpuResourceSizeAndDimensions Graphics metadata init failed
10-14 20:03:52.073 13566 24572 E Gralloc4: isSupported(1, 1, 56, 1, ...) failed with 1
10-14 20:03:52.074 13566 24572 E GraphicBufferAllocator: Failed to allocate (4 x 4) layerCount 1 format 56 usage b00: 1
10-14 20:03:52.074 13566 24572 E AHardwareBuffer: GraphicBuffer(w=4, h=4, lc=1) failed (Unknown error -1), handle=0x0
10-14 20:03:52.074 13566 24572 E qdgralloc: GetGpuPixelFormat: No map for format: 0x38
10-14 20:03:52.074 13566 24572 E AdrenoUtils: <validate_memory_layout_input_parmas:1970>: Unknown Format 0
10-14 20:03:52.074 13566 24572 E AdrenoUtils: <adreno_init_memory_layout:4720>: Memory Layout input parameter validation failed!
10-14 20:03:52.074 13566 24572 E qdgralloc: GetGpuResourceSizeAndDimensions Graphics metadata init failed
10-14 20:03:52.074 13566 24572 E Gralloc4: isSupported(1, 1, 56, 1, ...) failed with 1
10-14 20:03:52.074 13566 24572 E GraphicBufferAllocator: Failed to allocate (4 x 4) layerCount 1 format 56 usage b00: 1
10-14 20:03:52.075 13566 24572 E AHardwareBuffer: GraphicBuffer(w=4, h=4, lc=1) failed (Unknown error -1), handle=0x0
10-14 20:03:52.076 13566 13566 D DecorView[]: onWindowFocusChanged hasWindowFocus true
10-14 20:03:52.076 13566 13566 I HandWritingStubImpl: refreshLastKeyboardType: 1
10-14 20:03:52.077 13566 13566 I HandWritingStubImpl: getCurrentKeyboardType: 1
10-14 20:03:52.082 13566 25141 W Ads     : Update ad debug logging enablement as false
10-14 20:03:52.083 13566 24572 V SwappyVk: SwappyVk initialized for VkDevice 0x75b769d070 using VK_GOOGLE_display_timing on Android
10-14 20:03:52.083 13566 24572 I SwappyVk: Returning refresh duration of 8333333 nsec (approx 120.000005 Hz)
10-14 20:03:52.109 13566 25139 W Ads     : Not retrying to fetch app settings
10-14 20:03:52.111 13566 13566 D DecorView[]: onWindowFocusChanged hasWindowFocus false
10-14 20:03:52.112 13566 25188 D TrafficStats: tagSocket(327) with statsTag=0xffffffff, statsUid=-1
10-14 20:03:52.117 13566 25166 W Ads     : Not retrying to fetch app settings
10-14 20:03:52.118 13566 25214 W ConnectionStatusConfig: Dynamic lookup for intent failed for action: com.google.android.gms.ads.service.START
10-14 20:03:52.134 13566 13566 D DecorView[About]: onWindowFocusChanged hasWindowFocus true
10-14 20:03:52.323 13566 25208 W Unity   : The referenced script on this Behaviour (Game Object 'CarResourceManager') is missing!
10-14 20:03:52.401 13566 25190 D AppLovinSdk: [AppLovinSdk] 
10-14 20:03:52.401 13566 25190 D AppLovinSdk: ========================================
10-14 20:03:52.401 13566 25190 D AppLovinSdk: =====AppLovin SDK=====
10-14 20:03:52.401 13566 25190 D AppLovinSdk: ===SDK Versions===
10-14 20:03:52.401 13566 25190 D AppLovinSdk: Version: 11.3.3
10-14 20:03:52.401 13566 25190 D AppLovinSdk: Plugin Version: 
10-14 20:03:52.401 13566 25190 D AppLovinSdk: Ad Review Version: 
10-14 20:03:52.401 13566 25190 D AppLovinSdk: OM SDK Version: 1.3.30-Applovin
10-14 20:03:52.401 13566 25190 D AppLovinSdk: ===Device Info===
10-14 20:03:52.401 13566 25190 D AppLovinSdk: OS: 13 (TIRAMISU - API 33)
10-14 20:03:52.401 13566 25190 D AppLovinSdk: GAID: <Enable verbose logging to see the GAID to use for test devices - https://monetization-support.applovin.com/hc/en-us/articles/236114328-How-can-I-expose-verbose-logging-for-the-SDK>
10-14 20:03:52.401 13566 25190 D AppLovinSdk: Model: 2107113SG
10-14 20:03:52.401 13566 25190 D AppLovinSdk: Locale: en_US
10-14 20:03:52.401 13566 25190 D AppLovinSdk: Emulator: false
10-14 20:03:52.401 13566 25190 D AppLovinSdk: Tablet: false
10-14 20:03:52.401 13566 25190 D AppLovinSdk: ===App Info===
10-14 20:03:52.401 13566 25190 D AppLovinSdk: Application ID: com.carxtech.sr
10-14 20:03:52.401 13566 25190 D AppLovinSdk: Target SDK: 29
10-14 20:03:52.401 13566 25190 D AppLovinSdk: ExoPlayer Version: 2004002
10-14 20:03:52.401 13566 25190 D AppLovinSdk: ===SDK Settings===
10-14 20:03:52.401 13566 25190 D AppLovinSdk: SDK Key: HWM40rxcT085AC_Iz8SMLpq_zvp0el0IkyUIx3PdNAqz1ZFVg5eoszTKToQGf4FxfwTlE9Cw2PD0EHcBfyf80i
10-14 20:03:52.401 13566 25190 D AppLovinSdk: Mediation Provider: max
10-14 20:03:52.401 13566 25190 D AppLovinSdk: TG: 20
10-14 20:03:52.401 13566 25190 D AppLovinSdk: Test Mode On: false
10-14 20:03:52.401 13566 25190 D AppLovinSdk: Verbose Logging On: false
10-14 20:03:52.401 13566 25190 D AppLovinSdk: ===Privacy States===
10-14 20:03:52.401 13566 25190 D AppLovinSdk: Please review AppLovin MAX documentation to be compliant with regional privacy policies.
10-14 20:03:52.401 13566 25190 D AppLovinSdk: 
10-14 20:03:52.401 13566 25190 D AppLovinSdk: Age Restricted User - No value set
10-14 20:03:52.401 13566 25190 D AppLovinSdk: Has User Consent - No value set
10-14 20:03:52.401 13566 25190 D AppLovinSdk: "Do Not Sell" - No value set
10-14 20:03:52.401 13566 25190 D AppLovinSdk: ========================================
10-14 20:03:52.401 13566 13566 E BMT     : applovin.sdk.key
10-14 20:03:52.401 13566 13566 E BMT     : 
10-14 20:03:52.401 13566 13566 I MyMy    : get ads: 2
10-14 20:03:52.403 13566 24446 W JavaBinder: BinderProxy is being destroyed but the application did not call unlinkToDeath to unlink all of its death recipients beforehand.  Releasing leaked death recipient: com.google.android.play.core.internal.zzai
10-14 20:03:52.403 13566 24446 I BpBinder: onLastStrongRef automatically unlinking death recipients: <uncached descriptor>
10-14 20:03:52.405 13566 24453 W System  : A resource failed to call end. 
10-14 20:03:52.405 13566 24453 W System  : A resource failed to call end. 
10-14 20:03:52.411 13566 25188 D TrafficStats: tagSocket(5) with statsTag=0xffffffff, statsUid=-1
10-14 20:03:52.448 13566 25189 D TrafficStats: tagSocket(3) with statsTag=0xffffffff, statsUid=-1
10-14 20:03:52.459 13566 13566 I Ads     : Ad failed to load : 3
10-14 20:03:52.463 13566 25279 D TrafficStats: tagSocket(110) with statsTag=0xffffffff, statsUid=-1
10-14 20:03:52.464 13566 25280 D TrafficStats: tagSocket(146) with statsTag=0xffffffff, statsUid=-1
10-14 20:03:52.516 13566 13566 I Ads     : Ad failed to load : 3
10-14 20:03:52.517 13566 25291 D TrafficStats: tagSocket(266) with statsTag=0xffffffff, statsUid=-1
10-14 20:03:52.519 13566 25292 D TrafficStats: tagSocket(267) with statsTag=0xffffffff, statsUid=-1
10-14 20:03:52.787 13566 24572 W Unity   : Ignoring invalid [UpdateAfter] attribute on AssetCore.Streaming.WorldChunkSystem targeting AssetCore.Streaming.StreamingCameraSystem.
10-14 20:03:52.787 13566 24572 W Unity   : This attribute can only order systems that are members of the same ComponentSystemGroup instance.
10-14 20:03:52.787 13566 24572 W Unity   : Make sure that both systems are in the same system group with [UpdateInGroup(typeof(Unity.Entities.InitializationSystemGroup))],
10-14 20:03:52.787 13566 24572 W Unity   : or by manually adding both systems to the same group's update list.
10-14 20:03:52.787 13566 24572 W Unity   : Unity.Entities.ComponentSystemSorter:FindConstraints(Type, SystemElement[])
10-14 20:03:52.787 13566 24572 W Unity   : Unity.Entities.ComponentSystemGroup:GenerateMasterUpdateList()
10-14 20:03:52.787 13566 24572 W Unity   : Unity.Entities.ComponentSystemGroup:RecurseUpdate()
10-14 20:03:52.787 13566 24572 W Unity   : Unity.Entities.DefaultWorldInitialization:AddSystemToRootLevelSystemGroupsInternal(World, IEnumerable`1)
10-14 20:03:52.787 13566 24572 W Unity   : Unity.Entities.DefaultWorldInitialization:Initialize(String, Boolean)
10-14 20:03:52.787 13566 24572 W Unity   : Unity.Entities.AutomaticWorldBootstrap:Initialize()
10-14 20:03:52.787 13566 24572 W Unity   : 
10-14 20:03:52.788 13566 24572 W Unity   : Ignoring invalid [UpdateAfter] attribute on Prototype.Views.Ghost.TrafficGhost.DOTS.TrafficGhostSpawnSystem targeting Unity.Physics.Systems.BuildPhysicsWorld.
10-14 20:03:52.788 13566 24572 W Unity   : This attribute can only order systems that are members of the same ComponentSystemGroup instance.
10-14 20:03:52.788 13566 24572 W Unity   : Make sure that both systems are in the same system group with [UpdateInGroup(typeof(Unity.Entities.SimulationSystemGroup))],
10-14 20:03:52.788 13566 24572 W Unity   : or by manually adding both systems to the same group's update list.
10-14 20:03:52.788 13566 24572 W Unity   : Unity.Entities.ComponentSystemSorter:FindConstraints(Type, SystemElement[])
10-14 20:03:52.788 13566 24572 W Unity   : Unity.Entities.ComponentSystemGroup:GenerateMasterUpdateList()
10-14 20:03:52.788 13566 24572 W Unity   : Unity.Entities.ComponentSystemGroup:RecurseUpdate()
10-14 20:03:52.788 13566 24572 W Unity   : Unity.Entities.DefaultWorldInitialization:AddSystemToRootLevelSystemGroupsInternal(World, IEnumerable`1)
10-14 20:03:52.788 13566 24572 W Unity   : Unity.Entities.DefaultWorldInitialization:Initialize(String, Boolean)
10-14 20:03:52.788 13566 24572 W Unity   : Unity.Entities.AutomaticWorldBootstrap:Initialize()
10-14 20:03:52.788 13566 24572 W Unity   : 
10-14 20:03:52.790 13566 24572 W Unity   : Ignoring invalid [UpdateAfter] attribute on Prototype.Views.Ghost.TrafficGhost.DOTS.TrafficGhostInputSystem targeting Traffic.DOTS.TrafficSystem.
10-14 20:03:52.790 13566 24572 W Unity   : This attribute can only order systems that are members of the same ComponentSystemGroup instance.
10-14 20:03:52.790 13566 24572 W Unity   : Make sure that both systems are in the same system group with [UpdateInGroup(typeof(Traffic.DOTS.TrafficCarSimulationGroup))],
10-14 20:03:52.790 13566 24572 W Unity   : or by manually adding both systems to the same group's update list.
10-14 20:03:52.790 13566 24572 W Unity   : Unity.Entities.ComponentSystemSorter:FindConstraints(Type, SystemElement[])
10-14 20:03:52.790 13566 24572 W Unity   : Unity.Entities.ComponentSystemGroup:GenerateMasterUpdateList()
10-14 20:03:52.790 13566 24572 W Unity   : Unity.Entities.ComponentSystemGroup:RecurseUpdate()
10-14 20:03:52.790 13566 24572 W Unity   : Unity.Entities.ComponentSystemGroup:RecurseUpdate()
10-14 20:03:52.790 13566 24572 W Unity   : Unity.Entities.ComponentSystemGroup:RecurseUpdate()
10-14 20:03:52.790 13566 24572 W Unity   : Unity.Entities.DefaultWorldInitialization:AddSystemToRootLevelSystemGroupsInternal(World, IEnumerable`1)
10-14 20:03:52.790 13566 24572 W Unity   : Unity.Entities.DefaultWorldInitialization:Initialize(String, Boolean)
10-14 20:03:52.790 13566 24572 W Unity   : Unity.Entities.AutomaticWorldBootstrap:Initialize()
10-14 20:03:52.790 13566 24572 W Unity   : 
10-14 20:03:52.791 13566 24572 W Unity   : Ignoring invalid [UpdateAfter] attribute on Prototype.Views.Ghost.TrafficGhost.DOTS.TrafficGhostWriteSteerSystem targeting Traffic.DOTS.TrafficSystem.
10-14 20:03:52.791 13566 24572 W Unity   : This attribute can only order systems that are members of the same ComponentSystemGroup instance.
10-14 20:03:52.791 13566 24572 W Unity   : Make sure that both systems are in the same system group with [UpdateInGroup(typeof(Traffic.DOTS.TrafficCarSimulationGroup))],
10-14 20:03:52.791 13566 24572 W Unity   : or by manually adding both systems to the same group's update list.
10-14 20:03:52.791 13566 24572 W Unity   : Unity.Entities.ComponentSystemSorter:FindConstraints(Type, SystemElement[])
10-14 20:03:52.791 13566 24572 W Unity   : Unity.Entities.ComponentSystemGroup:GenerateMasterUpdateList()
10-14 20:03:52.791 13566 24572 W Unity   : Unity.Entities.ComponentSystemGroup:RecurseUpdate()
10-14 20:03:52.791 13566 24572 W Unity   : Unity.Entities.ComponentSystemGroup:RecurseUpdate()
10-14 20:03:52.791 13566 24572 W Unity   : Unity.Entities.ComponentSystemGroup:RecurseUpdate()
10-14 20:03:52.791 13566 24572 W Unity   : Unity.Entities.DefaultWorldInitialization:AddSystemToRootLevelSystemGroupsInternal(World, IEnumerable`1)
10-14 20:03:52.791 13566 24572 W Unity   : Unity.Entities.DefaultWorldInitialization:Initialize(String, Boolean)
10-14 20:03:52.791 13566 24572 W Unity   : Unity.Entities.AutomaticWorldBootstrap:Initialize()
10-14 20:03:52.791 13566 24572 W Unity   : 
10-14 20:03:52.792 13566 24572 W Unity   : Ignoring invalid [UpdateAfter] attribute on AssetCore.Streaming.WorldCullingSystem targeting AssetCore.Streaming.WorldChunkSystem.
10-14 20:03:52.792 13566 24572 W Unity   : This attribute can only order systems that are members of the same ComponentSystemGroup instance.
10-14 20:03:52.792 13566 24572 W Unity   : Make sure that both systems are in the same system group with [UpdateInGroup(typeof(Unity.Rendering.LatePresentationSystemGroup))],
10-14 20:03:52.792 13566 24572 W Unity   : or by manually adding both systems to the same group's update list.
10-14 20:03:52.792 13566 24572 W Unity   : Unity.Entities.ComponentSystemSorter:FindConstraints(Type, SystemElement[])
10-14 20:03:52.792 13566 24572 W Unity   : Unity.Entities.ComponentSystemGroup:GenerateMasterUpdateList()
10-14 20:03:52.792 13566 24572 W Unity   : Unity.Entities.ComponentSystemGroup:RecurseUpdate()
10-14 20:03:52.792 13566 24572 W Unity   : Unity.Entities.ComponentSystemGroup:RecurseUpdate()
10-14 20:03:52.792 13566 24572 W Unity   : Unity.Entities.DefaultWorldInitialization:Initialize(String, Boolean)
10-14 20:03:52.792 13566 24572 W Unity   : Unity.Entities.AutomaticWorldBootstrap:Initialize()
10-14 20:03:52.792 13566 24572 W Unity   : 
10-14 20:03:52.807 13566 24572 W Unity   : DontDestroyOnLoad only works for root GameObjects or components on root GameObjects.
10-14 20:03:52.807 13566 24572 W Unity   : CarX.Singletone`1:Awake()
10-14 20:03:52.807 13566 24572 W Unity   : 
10-14 20:03:52.807 13566 24572 W Unity   : [ line -1247728936]
10-14 20:03:52.807 13566 24572 W Unity   : 
10-14 20:03:52.821 13566 24572 I Unity   : GameVersion: Version: 0.8.1, buildNumber: 590, full: 0.8.1 (590)
10-14 20:03:52.821 13566 24572 I Unity   : Logs:Log(Object)
10-14 20:03:52.821 13566 24572 I Unity   : GameManager:Awake()
10-14 20:03:52.821 13566 24572 I Unity   : 
10-14 20:03:52.851 13566 24572 E com.carxtech.sr: Attempt to load writable dex file: /data/user/0/com.carxtech.sr/cache/app_resources_lib.jar
10-14 20:03:52.851 13566 24572 W ziparchive: Unable to open '/data/user/0/com.carxtech.sr/cache/app_resources_lib.dm': No such file or directory
10-14 20:03:52.853 13566 24572 E com.carxtech.sr: Attempt to load writable dex file: /data/user/0/com.carxtech.sr/cache/google_api_resources_lib.jar
10-14 20:03:52.853 13566 24572 W ziparchive: Unable to open '/data/user/0/com.carxtech.sr/cache/google_api_resources_lib.dm': No such file or directory
10-14 20:03:52.856 13566 24572 D libcrashlytics: Initializing libcrashlytics version 3.2.0
10-14 20:03:52.861 13566 24572 D libcrashlytics: Initializing native crash handling successful.
10-14 20:03:52.999 13566 24572 I AAudio  : AAudioStreamBuilder_openStream() called ----------------------------------------
10-14 20:03:52.999 13566 24572 I AudioStreamBuilder: rate   =      0, channels  = 0, channelMask = 0, format   = 0, sharing = SH, dir = OUTPUT
10-14 20:03:52.999 13566 24572 I AudioStreamBuilder: device =      0, sessionId = -1, perfMode = 12, callback: OFF with frames = 0
10-14 20:03:52.999 13566 24572 I AudioStreamBuilder: usage  =     14, contentType = 0, inputPreset = 0, allowedCapturePolicy = 0
10-14 20:03:52.999 13566 24572 I AudioStreamBuilder: privacy sensitive = false, opPackageName = (null), attributionTag = (null)
10-14 20:03:53.007 13566 24572 D com.carxtech.sr: PlayerBase::PlayerBase()
10-14 20:03:53.008 13566 24572 D AudioStreamTrack: open(), request notificationFrames = 0, frameCount = 0
10-14 20:03:53.008 13566 24572 D AudioTrack: set(sessionId=0)
10-14 20:03:53.008 13566 24572 D AudioTrack: set(): streamType -1, sampleRate 0, format 0x5, channelMask 0x3, frameCount 0, flags #104, notificationFrames 0, sessionId 0, transferType 3, uid -1, pid -1
10-14 20:03:53.023 13566 24572 W AudioTrack: createTrack_l(0): AUDIO_OUTPUT_FLAG_FAST denied by client, not shared buffer and transfer = TRANSFER_SYNC
10-14 20:03:53.052 13566 24572 I AudioTrack: AudioTrack::setVolume L:1.000000 R:1.000000 and the pakage is com.carxtech.sr
10-14 20:03:53.052 13566 24572 I AudioTrack: AudioTrack::setVolume L:1.000000 R:1.000000
10-14 20:03:53.052 13566 24572 D AudioStreamTrack: open() flags changed from 0x00000104 to 0x00000000
10-14 20:03:53.052 13566 24572 D AudioStreamTrack: open() perfMode changed from 12 to 10
10-14 20:03:53.052 13566 24572 D AAudioStream: setState(s#1) from 0 to 2
10-14 20:03:53.055 13566 24572 I AAudio  : AAudioStreamBuilder_openStream() returns 0 = AAUDIO_OK for s#1 ----------------
10-14 20:03:53.055 13566 24572 D AAudio  : AAudioStream_close(s#1) called ---------------
10-14 20:03:53.055 13566 24572 D AAudioStream: setState(s#1) from 2 to 11
10-14 20:03:53.055 13566 24572 D AudioTrack: stop(sessionID=114089)
10-14 20:03:53.055 13566 24572 D AudioTrack: stop(20537): prior state:STATE_STOPPED
10-14 20:03:53.055 13566 24572 D AudioTrack: ~AudioTrack(sessionID=114089)
10-14 20:03:53.057 13566 24572 D AudioTrack: stop(sessionID=114089)
10-14 20:03:53.057 13566 24572 D AudioTrack: stop(20537): prior state:STATE_STOPPED
10-14 20:03:53.057 13566 24572 D AAudioStream: setState(s#1) from 11 to 12
10-14 20:03:53.057 13566 24572 D AAudioStream: ~AudioStream(s#1) mPlayerBase strongCount = 2
10-14 20:03:53.058 13566 24572 D AAudio  : AAudioStream_close(s#1) returned 0 ---------
10-14 20:03:53.063 13566 24572 I AudioManager: In isBluetoothScoOn() calling application: com.carxtech.sr
10-14 20:03:53.064 13566 24572 I fmod    : FMOD::supportsLowLatency                 : Low latency = true, Pro Audio = false, Bluetooth On = false, Acceptable Block Size = true (192)
10-14 20:03:53.064 13566 24572 I AAudio  : AAudioStreamBuilder_openStream() called ----------------------------------------
10-14 20:03:53.064 13566 24572 I AudioStreamBuilder: rate   =      0, channels  = 0, channelMask = 0, format   = 0, sharing = SH, dir = OUTPUT
10-14 20:03:53.064 13566 24572 I AudioStreamBuilder: device =      0, sessionId = -1, perfMode = 12, callback: ON with frames = 0
10-14 20:03:53.064 13566 24572 I AudioStreamBuilder: usage  =     14, contentType = 0, inputPreset = 0, allowedCapturePolicy = 0
10-14 20:03:53.064 13566 24572 I AudioStreamBuilder: privacy sensitive = false, opPackageName = (null), attributionTag = (null)
10-14 20:03:53.064 13566 24572 D com.carxtech.sr: PlayerBase::PlayerBase()
10-14 20:03:53.064 13566 24572 D AudioStreamTrack: open(), request notificationFrames = -8, frameCount = 0
10-14 20:03:53.064 13566 24572 D AudioTrack: set(sessionId=0)
10-14 20:03:53.064 13566 24572 D AudioTrack: set(): streamType -1, sampleRate 0, format 0x5, channelMask 0x3, frameCount 0, flags #104, notificationFrames -8, sessionId 0, transferType 1, uid -1, pid -1
10-14 20:03:53.074 13566 24572 I AudioTrack: createTrack_l(20537): AUDIO_OUTPUT_FLAG_FAST successful; frameCount 0 -> 1536
10-14 20:03:53.074 13566 24572 I AudioTrack: AudioTrack::setVolume L:1.000000 R:1.000000 and the pakage is com.carxtech.sr
10-14 20:03:53.074 13566 24572 I AudioTrack: AudioTrack::setVolume L:1.000000 R:1.000000
10-14 20:03:53.074 13566 24572 D AudioStreamTrack: open() flags changed from 0x00000104 to 0x00000004
10-14 20:03:53.074 13566 24572 D AAudioStream: setState(s#2) from 0 to 2
10-14 20:03:53.076 13566 24572 I AAudio  : AAudioStreamBuilder_openStream() returns 0 = AAUDIO_OK for s#2 ----------------
10-14 20:03:53.076 13566 24572 D AAudio  : AAudioStream_close(s#2) called ---------------
10-14 20:03:53.076 13566 24572 D AAudioStream: setState(s#2) from 2 to 11
10-14 20:03:53.076 13566 24572 D AudioTrack: stop(sessionID=114097)
10-14 20:03:53.076 13566 24572 D AudioTrack: stop(20538): prior state:STATE_STOPPED
10-14 20:03:53.076 13566 24572 D AudioTrack: ~AudioTrack(sessionID=114097)
10-14 20:03:53.076 13566 24572 D AudioTrack: stop(sessionID=114097)
10-14 20:03:53.076 13566 24572 D AudioTrack: stop(20538): prior state:STATE_STOPPED
10-14 20:03:53.077 13566 24572 D AAudioStream: setState(s#2) from 11 to 12
10-14 20:03:53.077 13566 24572 D AAudioStream: ~AudioStream(s#2) mPlayerBase strongCount = 2
10-14 20:03:53.077 13566 24572 D AAudio  : AAudioStream_close(s#2) returned 0 ---------
10-14 20:03:53.077 13566 24572 I AAudio  : AAudioStreamBuilder_openStream() called ----------------------------------------
10-14 20:03:53.077 13566 24572 I AudioStreamBuilder: rate   =      0, channels  = 0, channelMask = 0, format   = 0, sharing = SH, dir = OUTPUT
10-14 20:03:53.077 13566 24572 I AudioStreamBuilder: device =      0, sessionId = -1, perfMode = 12, callback: ON with frames = 0
10-14 20:03:53.077 13566 24572 I AudioStreamBuilder: usage  =     14, contentType = 0, inputPreset = 0, allowedCapturePolicy = 0
10-14 20:03:53.077 13566 24572 I AudioStreamBuilder: privacy sensitive = false, opPackageName = (null), attributionTag = (null)
10-14 20:03:53.077 13566 24572 D com.carxtech.sr: PlayerBase::PlayerBase()
10-14 20:03:53.077 13566 24572 D AudioStreamTrack: open(), request notificationFrames = 0, frameCount = 3072
10-14 20:03:53.077 13566 24572 D AudioTrack: set(sessionId=0)
10-14 20:03:53.077 13566 24572 D AudioTrack: set(): streamType -1, sampleRate 0, format 0x5, channelMask 0x3, frameCount 3072, flags #104, notificationFrames 0, sessionId 0, transferType 1, uid -1, pid -1
10-14 20:03:53.085 13566 24572 I AudioTrack: createTrack_l(20538): AUDIO_OUTPUT_FLAG_FAST successful; frameCount 3072 -> 3072
10-14 20:03:53.086 13566 24572 I AudioTrack: AudioTrack::setVolume L:1.000000 R:1.000000 and the pakage is com.carxtech.sr
10-14 20:03:53.086 13566 24572 I AudioTrack: AudioTrack::setVolume L:1.000000 R:1.000000
10-14 20:03:53.086 13566 24572 D AudioStreamTrack: open() flags changed from 0x00000104 to 0x00000004
10-14 20:03:53.086 13566 24572 D AAudioStream: setState(s#3) from 0 to 2
10-14 20:03:53.090 13566 24572 I AAudio  : AAudioStreamBuilder_openStream() returns 0 = AAUDIO_OK for s#3 ----------------
10-14 20:03:53.094 13566 24572 D AAudio  : AAudioStream_requestStart(s#3) called --------------
10-14 20:03:53.094 13566 24572 D AAudioStream: setState(s#3) from 2 to 3
10-14 20:03:53.094 13566 24572 D AudioTrack: start(20539): prior state:STATE_STOPPED
10-14 20:03:53.142 13566 24572 D AAudio  : AAudioStream_requestStart(s#3) returned 0 ---------
10-14 20:03:53.143 13566 24971 D AudioStreamLegacy: onAudioDeviceUpdate(deviceId = 3)
10-14 20:03:53.144 13566 13566 D MediaRouter: onRestoreRoute() : route=RouteInfo{ name=Phone, description=null, status=null, category=RouteCategory{ name=System types=ROUTE_TYPE_LIVE_AUDIO ROUTE_TYPE_LIVE_VIDEO  groupable=false }, supportedTypes=ROUTE_TYPE_LIVE_AUDIO ROUTE_TYPE_LIVE_VIDEO , presentationDisplay=null }
10-14 20:03:53.144 13566 13566 V MediaRouter: Selecting route: RouteInfo{ name=Phone, description=null, status=null, category=RouteCategory{ name=System types=ROUTE_TYPE_LIVE_AUDIO ROUTE_TYPE_LIVE_VIDEO  groupable=false }, supportedTypes=ROUTE_TYPE_LIVE_AUDIO ROUTE_TYPE_LIVE_VIDEO , presentationDisplay=null }
10-14 20:03:53.197 13566 24572 D AAudio  : AAudioStream_requestStop(s#3) called
10-14 20:03:53.197 13566 24572 D AAudioStream: setState(s#3) from 3 to 9
10-14 20:03:53.197 13566 24572 D AudioTrack: stop(sessionID=114105)
10-14 20:03:53.197 13566 24572 D AudioTrack: stop(20539): prior state:STATE_ACTIVE
10-14 20:03:53.197 13566 24572 D AudioTrack: stop(20539): called with 1536 frames delivered
10-14 20:03:53.198 13566 24572 D AAudio  : AAudioStream_close(s#3) called ---------------
10-14 20:03:53.198 13566 24572 D AAudioStream: setState(s#3) from 9 to 11
10-14 20:03:53.198 13566 24572 D AudioTrack: stop(sessionID=114105)
10-14 20:03:53.198 13566 24572 D AudioTrack: stop(20539): prior state:STATE_STOPPED
10-14 20:03:53.198 13566 24572 D AudioTrack: ~AudioTrack(sessionID=114105)
10-14 20:03:53.198 13566 24572 D AudioTrack: stop(sessionID=114105)
10-14 20:03:53.198 13566 24572 D AudioTrack: stop(20539): prior state:STATE_STOPPED
10-14 20:03:53.199 13566 24572 D AAudioStream: setState(s#3) from 11 to 12
10-14 20:03:53.199 13566 24572 D AAudioStream: ~AudioStream(s#3) mPlayerBase strongCount = 2
10-14 20:03:53.199 13566 24572 D AAudio  : AAudioStream_close(s#3) returned 0 ---------
10-14 20:03:53.200 13566 24572 W Looper  : PerfMonitor longMsg : seq=18 plan=20:03:52.105 late=0ms wall=1094ms running=628ms runnable=52ms io=93ms h=android.os.Handler w=2269 procState=-1
10-14 20:03:53.248 13566 24572 I PlayCore: UID: [10373]  PID: [13566] AssetPackServiceListenerRegistry : unregisterListener
10-14 20:03:53.301 13566 24460 W MIUIScout App: Enter APP_SCOUT_SLOW state
10-14 20:03:53.308 13566 24441 I com.carxtech.sr: Thread[5,tid=24441,WaitingInMainSignalCatcherLoop,Thread*=0x7619ca7000,peer=0x163c01e8,"Signal Catcher"]: reacting to signal 3
10-14 20:03:53.308 13566 24441 I com.carxtech.sr: 
10-14 20:03:53.312 13566 25324 I AAudio  : AAudioStreamBuilder_openStream() called ----------------------------------------
10-14 20:03:53.312 13566 25324 I AudioStreamBuilder: rate   =      0, channels  = 0, channelMask = 0, format   = 0, sharing = SH, dir = OUTPUT
10-14 20:03:53.312 13566 25324 I AudioStreamBuilder: device =      0, sessionId = -1, perfMode = 12, callback: OFF with frames = 0
10-14 20:03:53.312 13566 25324 I AudioStreamBuilder: usage  =     14, contentType = 0, inputPreset = 0, allowedCapturePolicy = 0
10-14 20:03:53.312 13566 25324 I AudioStreamBuilder: privacy sensitive = false, opPackageName = (null), attributionTag = (null)
10-14 20:03:53.313 13566 25324 D com.carxtech.sr: PlayerBase::PlayerBase()
10-14 20:03:53.313 13566 25324 D AudioStreamTrack: open(), request notificationFrames = 0, frameCount = 0
10-14 20:03:53.313 13566 25324 D AudioTrack: set(sessionId=0)
10-14 20:03:53.313 13566 25324 D AudioTrack: set(): streamType -1, sampleRate 0, format 0x5, channelMask 0x3, frameCount 0, flags #104, notificationFrames 0, sessionId 0, transferType 3, uid -1, pid -1
10-14 20:03:53.314 13566 25324 W AudioTrack: createTrack_l(0): AUDIO_OUTPUT_FLAG_FAST denied by client, not shared buffer and transfer = TRANSFER_SYNC
10-14 20:03:53.323 13566 25324 I AudioTrack: AudioTrack::setVolume L:1.000000 R:1.000000 and the pakage is com.carxtech.sr
10-14 20:03:53.323 13566 25324 I AudioTrack: AudioTrack::setVolume L:1.000000 R:1.000000
10-14 20:03:53.323 13566 25324 D AudioStreamTrack: open() flags changed from 0x00000104 to 0x00000000
10-14 20:03:53.323 13566 25324 D AudioStreamTrack: open() perfMode changed from 12 to 10
10-14 20:03:53.323 13566 25324 D AAudioStream: setState(s#4) from 0 to 2
10-14 20:03:53.324 13566 25324 I AAudio  : AAudioStreamBuilder_openStream() returns 0 = AAUDIO_OK for s#4 ----------------
10-14 20:03:53.324 13566 25324 D AAudio  : AAudioStream_close(s#4) called ---------------
10-14 20:03:53.325 13566 25324 D AAudioStream: setState(s#4) from 2 to 11
10-14 20:03:53.325 13566 25324 D AudioTrack: stop(sessionID=114113)
10-14 20:03:53.325 13566 25324 D AudioTrack: stop(20540): prior state:STATE_STOPPED
10-14 20:03:53.325 13566 25324 D AudioTrack: ~AudioTrack(sessionID=114113)
10-14 20:03:53.325 13566 25324 D AudioTrack: stop(sessionID=114113)
10-14 20:03:53.325 13566 25324 D AudioTrack: stop(20540): prior state:STATE_STOPPED
10-14 20:03:53.326 13566 25324 D AAudioStream: setState(s#4) from 11 to 12
10-14 20:03:53.326 13566 25324 D AAudioStream: ~AudioStream(s#4) mPlayerBase strongCount = 2
10-14 20:03:53.326 13566 25324 D AAudio  : AAudioStream_close(s#4) returned 0 ---------
10-14 20:03:53.329 13566 24441 W com.carxtech.sr: sched_getscheduler(24739): No such process
10-14 20:03:53.329 13566 24441 W com.carxtech.sr: sched_getparam(24739, &sp): No such process
10-14 20:03:53.350 13566 25324 I AudioManager: In isBluetoothScoOn() calling application: com.carxtech.sr
10-14 20:03:53.350 13566 25324 I fmod    : FMOD::supportsLowLatency                 : Low latency = true, Pro Audio = false, Bluetooth On = false, Acceptable Block Size = true (192)
10-14 20:03:53.350 13566 25324 I AAudio  : AAudioStreamBuilder_openStream() called ----------------------------------------
10-14 20:03:53.350 13566 25324 I AudioStreamBuilder: rate   =      0, channels  = 0, channelMask = 0, format   = 0, sharing = SH, dir = OUTPUT
10-14 20:03:53.350 13566 25324 I AudioStreamBuilder: device =      0, sessionId = -1, perfMode = 12, callback: ON with frames = 0
10-14 20:03:53.350 13566 25324 I AudioStreamBuilder: usage  =     14, contentType = 0, inputPreset = 0, allowedCapturePolicy = 0
10-14 20:03:53.350 13566 25324 I AudioStreamBuilder: privacy sensitive = false, opPackageName = (null), attributionTag = (null)
10-14 20:03:53.350 13566 25324 D com.carxtech.sr: PlayerBase::PlayerBase()
10-14 20:03:53.350 13566 25324 D AudioStreamTrack: open(), request notificationFrames = -8, frameCount = 0
10-14 20:03:53.350 13566 25324 D AudioTrack: set(sessionId=0)
10-14 20:03:53.350 13566 25324 D AudioTrack: set(): streamType -1, sampleRate 0, format 0x5, channelMask 0x3, frameCount 0, flags #104, notificationFrames -8, sessionId 0, transferType 1, uid -1, pid -1
10-14 20:03:53.360 13566 25324 I AudioTrack: createTrack_l(20540): AUDIO_OUTPUT_FLAG_FAST successful; frameCount 0 -> 1536
10-14 20:03:53.361 13566 25324 I AudioTrack: AudioTrack::setVolume L:1.000000 R:1.000000 and the pakage is com.carxtech.sr
10-14 20:03:53.361 13566 25324 I AudioTrack: AudioTrack::setVolume L:1.000000 R:1.000000
10-14 20:03:53.361 13566 25324 D AudioStreamTrack: open() flags changed from 0x00000104 to 0x00000004
10-14 20:03:53.361 13566 25324 D AAudioStream: setState(s#5) from 0 to 2
10-14 20:03:53.363 13566 25324 I AAudio  : AAudioStreamBuilder_openStream() returns 0 = AAUDIO_OK for s#5 ----------------
10-14 20:03:53.363 13566 25324 D AAudio  : AAudioStream_close(s#5) called ---------------
10-14 20:03:53.363 13566 25324 D AAudioStream: setState(s#5) from 2 to 11
10-14 20:03:53.363 13566 25324 D AudioTrack: stop(sessionID=114121)
10-14 20:03:53.363 13566 25324 D AudioTrack: stop(20541): prior state:STATE_STOPPED
10-14 20:03:53.363 13566 25324 D AudioTrack: ~AudioTrack(sessionID=114121)
10-14 20:03:53.363 13566 25324 D AudioTrack: stop(sessionID=114121)
10-14 20:03:53.363 13566 25324 D AudioTrack: stop(20541): prior state:STATE_STOPPED
10-14 20:03:53.364 13566 25324 D AAudioStream: setState(s#5) from 11 to 12
10-14 20:03:53.364 13566 25324 D AAudioStream: ~AudioStream(s#5) mPlayerBase strongCount = 2
10-14 20:03:53.364 13566 25324 D AAudio  : AAudioStream_close(s#5) returned 0 ---------
10-14 20:03:53.364 13566 25324 I AAudio  : AAudioStreamBuilder_openStream() called ----------------------------------------
10-14 20:03:53.364 13566 25324 I AudioStreamBuilder: rate   =      0, channels  = 0, channelMask = 0, format   = 0, sharing = SH, dir = OUTPUT
10-14 20:03:53.364 13566 25324 I AudioStreamBuilder: device =      0, sessionId = -1, perfMode = 12, callback: ON with frames = 0
10-14 20:03:53.364 13566 25324 I AudioStreamBuilder: usage  =     14, contentType = 0, inputPreset = 0, allowedCapturePolicy = 0
10-14 20:03:53.364 13566 25324 I AudioStreamBuilder: privacy sensitive = false, opPackageName = (null), attributionTag = (null)
10-14 20:03:53.364 13566 25324 D com.carxtech.sr: PlayerBase::PlayerBase()
10-14 20:03:53.365 13566 25324 D AudioStreamTrack: open(), request notificationFrames = 0, frameCount = 3072
10-14 20:03:53.365 13566 25324 D AudioTrack: set(sessionId=0)
10-14 20:03:53.365 13566 25324 D AudioTrack: set(): streamType -1, sampleRate 0, format 0x5, channelMask 0x3, frameCount 3072, flags #104, notificationFrames 0, sessionId 0, transferType 1, uid -1, pid -1
10-14 20:03:53.372 13566 25324 I AudioTrack: createTrack_l(20541): AUDIO_OUTPUT_FLAG_FAST successful; frameCount 3072 -> 3072
